Component: ARM Compiler 5.06 update 6 (build 750) Tool: armlink [4d35ed]

==============================================================================

Section Cross References

    startup_stm32f103xe.o(RESET) refers to startup_stm32f103xe.o(STACK) for __initial_sp
    startup_stm32f103xe.o(RESET) refers to startup_stm32f103xe.o(.text) for Reset_Handler
    startup_stm32f103xe.o(RESET) refers to stm32f1xx_it.o(i.NMI_Handler) for NMI_Handler
    startup_stm32f103xe.o(RESET) refers to stm32f1xx_it.o(i.HardFault_Handler) for HardFault_Handler
    startup_stm32f103xe.o(RESET) refers to stm32f1xx_it.o(i.MemManage_Handler) for MemManage_Handler
    startup_stm32f103xe.o(RESET) refers to stm32f1xx_it.o(i.BusFault_Handler) for BusFault_Handler
    startup_stm32f103xe.o(RESET) refers to stm32f1xx_it.o(i.UsageFault_Handler) for UsageFault_Handler
    startup_stm32f103xe.o(RESET) refers to port.o(.emb_text) for SVC_Handler
    startup_stm32f103xe.o(RESET) refers to stm32f1xx_it.o(i.DebugMon_Handler) for DebugMon_Handler
    startup_stm32f103xe.o(RESET) refers to port.o(i.SysTick_Handler) for SysTick_Handler
    startup_stm32f103xe.o(RESET) refers to stm32f1xx_it.o(i.TIM1_UP_IRQHandler) for TIM1_UP_IRQHandler
    startup_stm32f103xe.o(RESET) refers to stm32f1xx_it.o(i.USART3_IRQHandler) for USART3_IRQHandler
    startup_stm32f103xe.o(.text) refers to system_stm32f1xx.o(i.SystemInit) for SystemInit
    startup_stm32f103xe.o(.text) refers to entry.o(.ARM.Collect$$$$00000000) for __main
    main.o(i.HAL_TIM_PeriodElapsedCallback) refers to stm32f1xx_hal.o(i.HAL_IncTick) for HAL_IncTick
    main.o(i.HAL_UART_RxCpltCallback) refers to stm32f1xx_hal_uart.o(i.HAL_UART_Receive_IT) for HAL_UART_Receive_IT
    main.o(i.HAL_UART_RxCpltCallback) refers to main.o(.data) for .data
    main.o(i.HAL_UART_RxCpltCallback) refers to main.o(.bss) for .bss
    main.o(i.HAL_UART_RxCpltCallback) refers to usart.o(.bss) for huart3
    main.o(i.SystemClock_Config) refers to memseta.o(.text) for __aeabi_memclr4
    main.o(i.SystemClock_Config) refers to stm32f1xx_hal_rcc.o(i.HAL_RCC_OscConfig) for HAL_RCC_OscConfig
    main.o(i.SystemClock_Config) refers to stm32f1xx_hal_rcc.o(i.HAL_RCC_ClockConfig) for HAL_RCC_ClockConfig
    main.o(i.fputc) refers to stm32f1xx_hal_uart.o(i.HAL_UART_Transmit) for HAL_UART_Transmit
    main.o(i.fputc) refers to usart.o(.bss) for huart1
    main.o(i.main) refers to stm32f1xx_hal.o(i.HAL_Init) for HAL_Init
    main.o(i.main) refers to main.o(i.SystemClock_Config) for SystemClock_Config
    main.o(i.main) refers to gpio.o(i.MX_GPIO_Init) for MX_GPIO_Init
    main.o(i.main) refers to spi.o(i.MX_SPI1_Init) for MX_SPI1_Init
    main.o(i.main) refers to usart.o(i.MX_USART1_UART_Init) for MX_USART1_UART_Init
    main.o(i.main) refers to usart.o(i.MX_USART3_UART_Init) for MX_USART3_UART_Init
    main.o(i.main) refers to printf3.o(i.__0printf$3) for __2printf
    main.o(i.main) refers to stm32f1xx_hal_uart.o(i.HAL_UART_Receive_IT) for HAL_UART_Receive_IT
    main.o(i.main) refers to freertos.o(i.MX_FREERTOS_Init) for MX_FREERTOS_Init
    main.o(i.main) refers to cmsis_os.o(i.osKernelStart) for osKernelStart
    main.o(i.main) refers to main.o(.data) for .data
    main.o(i.main) refers to usart.o(.bss) for huart3
    gpio.o(i.MX_GPIO_Init) refers to stm32f1xx_hal_gpio.o(i.HAL_GPIO_WritePin) for HAL_GPIO_WritePin
    gpio.o(i.MX_GPIO_Init) refers to stm32f1xx_hal_gpio.o(i.HAL_GPIO_Init) for HAL_GPIO_Init
    freertos.o(i.MQTT_Get_Connect_Packet) refers to strlen.o(.text) for strlen
    freertos.o(i.MQTT_Get_Connect_Packet) refers to memcpya.o(.text) for __aeabi_memcpy
    freertos.o(i.MQTT_Get_Publish_Packet) refers to strlen.o(.text) for strlen
    freertos.o(i.MQTT_Get_Publish_Packet) refers to memcpya.o(.text) for __aeabi_memcpy
    freertos.o(i.MQTT_Get_Subscribe_Packet) refers to strlen.o(.text) for strlen
    freertos.o(i.MQTT_Get_Subscribe_Packet) refers to memcpya.o(.text) for __aeabi_memcpy
    freertos.o(i.MX_FREERTOS_Init) refers to cmsis_os.o(i.osMessageCreate) for osMessageCreate
    freertos.o(i.MX_FREERTOS_Init) refers to memcpya.o(.text) for __aeabi_memcpy4
    freertos.o(i.MX_FREERTOS_Init) refers to cmsis_os.o(i.osThreadCreate) for osThreadCreate
    freertos.o(i.MX_FREERTOS_Init) refers to freertos.o(.constdata) for .constdata
    freertos.o(i.MX_FREERTOS_Init) refers to freertos.o(.data) for .data
    freertos.o(i.StartDefaultTask) refers to cmsis_os.o(i.osDelay) for osDelay
    freertos.o(i.StartTask_MQTT) refers to printf3.o(i.__0printf$3) for __2printf
    freertos.o(i.StartTask_MQTT) refers to stm32f1xx_hal_gpio.o(i.HAL_GPIO_WritePin) for HAL_GPIO_WritePin
    freertos.o(i.StartTask_MQTT) refers to stm32f1xx_hal.o(i.HAL_Delay) for HAL_Delay
    freertos.o(i.StartTask_MQTT) refers to cmsis_os.o(i.osDelay) for osDelay
    freertos.o(i.StartTask_MQTT) refers to ch395cmd.o(i.ch395_cmd_set_macaddr) for ch395_cmd_set_macaddr
[...]
    ../clib/microlib/init/entry.s            0x00000000   Number         0  entry10a.o ABSOLUTE
    ../clib/microlib/init/entry.s            0x00000000   Number         0  entry9b.o ABSOLUTE
    ../clib/microlib/init/entry.s            0x00000000   Number         0  entry8b.o ABSOLUTE
    ../clib/microlib/longlong.c              0x00000000   Number         0  llsshr.o ABSOLUTE
    ../clib/microlib/longlong.c              0x00000000   Number         0  llshl.o ABSOLUTE
    ../clib/microlib/longlong.c              0x00000000   Number         0  llushr.o ABSOLUTE
    ../clib/microlib/printf/printf.c         0x00000000   Number         0  printfb.o ABSOLUTE
    ../clib/microlib/printf/printf.c         0x00000000   Number         0  printfa.o ABSOLUTE
    ../clib/microlib/printf/printf.c         0x00000000   Number         0  printf2.o ABSOLUTE
    ../clib/microlib/printf/printf.c         0x00000000   Number         0  printf1.o ABSOLUTE
    ../clib/microlib/printf/printf.c         0x00000000   Number         0  printf4.o ABSOLUTE
    ../clib/microlib/printf/printf.c         0x00000000   Number         0  printf8.o ABSOLUTE
    ../clib/microlib/printf/printf.c         0x00000000   Number         0  printf0.o ABSOLUTE
    ../clib/microlib/printf/printf.c         0x00000000   Number         0  printf3.o ABSOLUTE
    ../clib/microlib/printf/printf.c         0x00000000   Number         0  printf6.o ABSOLUTE
    ../clib/microlib/printf/printf.c         0x00000000   Number         0  printf7.o ABSOLUTE
    ../clib/microlib/printf/printf.c         0x00000000   Number         0  printf5.o ABSOLUTE
    ../clib/microlib/printf/stubs.s          0x00000000   Number         0  stubs.o ABSOLUTE
    ../clib/microlib/stdio/streams.c         0x00000000   Number         0  stdout.o ABSOLUTE
    ../clib/microlib/string/memcpy.c         0x00000000   Number         0  memcpyb.o ABSOLUTE
    ../clib/microlib/string/memcpy.c         0x00000000   Number         0  memcpya.o ABSOLUTE
    ../clib/microlib/string/memset.c         0x00000000   Number         0  memset.o ABSOLUTE
    ../clib/microlib/string/memset.c         0x00000000   Number         0  memseta.o ABSOLUTE
    ../clib/microlib/string/strchr.c         0x00000000   Number         0  strchr.o ABSOLUTE
    ../clib/microlib/string/strlen.c         0x00000000   Number         0  strlen.o ABSOLUTE
    ../clib/microlib/string/strstr.c         0x00000000   Number         0  strstr.o ABSOLUTE
    ../clib/microlib/stubs.s                 0x00000000   Number         0  iusefp.o ABSOLUTE
    ../fplib/microlib/fpadd.c                0x00000000   Number         0  dadd.o ABSOLUTE
    ../fplib/microlib/fpdiv.c                0x00000000   Number         0  ddiv.o ABSOLUTE
    ../fplib/microlib/fpepilogue.c           0x00000000   Number         0  depilogue.o ABSOLUTE
    ../fplib/microlib/fpfix.c                0x00000000   Number         0  dfixul.o ABSOLUTE
    ../fplib/microlib/fpmul.c                0x00000000   Number         0  dmul.o ABSOLUTE
    ..\Drivers\STM32F1xx_HAL_Driver\Src\stm32f1xx_hal.c 0x00000000   Number         0  stm32f1xx_hal.o ABSOLUTE
    ..\Drivers\STM32F1xx_HAL_Driver\Src\stm32f1xx_hal_cortex.c 0x00000000   Number         0  stm32f1xx_hal_cortex.o ABSOLUTE
    ..\Drivers\STM32F1xx_HAL_Driver\Src\stm32f1xx_hal_dma.c 0x00000000   Number         0  stm32f1xx_hal_dma.o ABSOLUTE
    ..\Drivers\STM32F1xx_HAL_Driver\Src\stm32f1xx_hal_exti.c 0x00000000   Number         0  stm32f1xx_hal_exti.o ABSOLUTE
    ..\Drivers\STM32F1xx_HAL_Driver\Src\stm32f1xx_hal_flash.c 0x00000000   Number         0  stm32f1xx_hal_flash.o ABSOLUTE
    ..\Drivers\STM32F1xx_HAL_Driver\Src\stm32f1xx_hal_flash_ex.c 0x00000000   Number         0  stm32f1xx_hal_flash_ex.o ABSOLUTE
    ..\Drivers\STM32F1xx_HAL_Driver\Src\stm32f1xx_hal_gpio.c 0x00000000   Number         0  stm32f1xx_hal_gpio.o ABSOLUTE
    ..\Drivers\STM32F1xx_HAL_Driver\Src\stm32f1xx_hal_gpio_ex.c 0x00000000   Number         0  stm32f1xx_hal_gpio_ex.o ABSOLUTE
    ..\Drivers\STM32F1xx_HAL_Driver\Src\stm32f1xx_hal_pwr.c 0x00000000   Number         0  stm32f1xx_hal_pwr.o ABSOLUTE
    ..\Drivers\STM32F1xx_HAL_Driver\Src\stm32f1xx_hal_rcc.c 0x00000000   Number         0  stm32f1xx_hal_rcc.o ABSOLUTE
    ..\Drivers\STM32F1xx_HAL_Driver\Src\stm32f1xx_hal_rcc_ex.c 0x00000000   Number         0  stm32f1xx_hal_rcc_ex.o ABSOLUTE
    ..\Drivers\STM32F1xx_HAL_Driver\Src\stm32f1xx_hal_spi.c 0x00000000   Number         0  stm32f1xx_hal_spi.o ABSOLUTE
    ..\Drivers\STM32F1xx_HAL_Driver\Src\stm32f1xx_hal_tim.c 0x00000000   Number         0  stm32f1xx_hal_tim.o ABSOLUTE
    ..\Drivers\STM32F1xx_HAL_Driver\Src\stm32f1xx_hal_tim_ex.c 0x00000000   Number         0  stm32f1xx_hal_tim_ex.o ABSOLUTE
    ..\Drivers\STM32F1xx_HAL_Driver\Src\stm32f1xx_hal_uart.c 0x00000000   Number         0  stm32f1xx_hal_uart.o ABSOLUTE
    ..\Middlewares\Third_Party\FreeRTOS\Source\CMSIS_RTOS\cmsis_os.c 0x00000000   Number         0  cmsis_os.o ABSOLUTE
    ..\Middlewares\Third_Party\FreeRTOS\Source\portable\RVDS\ARM_CM3\port.c 0x00000000   Number         0  port.o ABSOLUTE
    ..\Src\ch395.c                           0x00000000   Number         0  ch395.o ABSOLUTE
    ..\Src\ch395cmd.c                        0x00000000   Number         0  ch395cmd.o ABSOLUTE
    ..\Src\freertos.c                        0x00000000   Number         0  freertos.o ABSOLUTE
    ..\Src\gpio.c                            0x00000000   Number         0  gpio.o ABSOLUTE
    ..\Src\main.c                            0x00000000   Number         0  main.o ABSOLUTE
    ..\Src\spi.c                             0x00000000   Number         0  spi.o ABSOLUTE
    ..\Src\stm32f1xx_hal_msp.c               0x00000000   Number         0  stm32f1xx_hal_msp.o ABSOLUTE
    ..\Src\stm32f1xx_hal_timebase_tim.c      0x00000000   Number         0  stm32f1xx_hal_timebase_tim.o ABSOLUTE
    ..\Src\stm32f1xx_it.c                    0x00000000   Number         0  stm32f1xx_it.o ABSOLUTE
    ..\Src\system_stm32f1xx.c                0x00000000   Number         0  system_stm32f1xx.o ABSOLUTE
    ..\Src\usart.c                           0x00000000   Number         0  usart.o ABSOLUTE
    ..\\Src\\ch395.c                         0x00000000   Number         0  ch395.o ABSOLUTE
    ..\\Src\\ch395cmd.c                      0x00000000   Number         0  ch395cmd.o ABSOLUTE
    cdrcmple.s                               0x00000000   Number         0  cdrcmple.o ABSOLUTE
    dc.s                                     0x00000000   Number         0  dc.o ABSOLUTE
    handlers.s                               0x00000000   Number         0  handlers.o ABSOLUTE
    init.s                                   0x00000000   Number         0  init.o ABSOLUTE
    startup_stm32f103xe.s                    0x00000000   Number         0  startup_stm32f103xe.o ABSOLUTE
    RESET                                    0x08000000   Section      304  startup_stm32f103xe.o(RESET)
    .ARM.Collect$$$$00000000                 0x08000130   Section        0  entry.o(.ARM.Collect$$$$00000000)
    .ARM.Collect$$$$00000001                 0x08000130   Section        4  entry2.o(.ARM.Collect$$$$00000001)
    .ARM.Collect$$$$00000004                 0x08000134   Section        4  entry5.o(.ARM.Collect$$$$00000004)
    .ARM.Collect$$$$00000008                 0x08000138   Section        0  entry7b.o(.ARM.Collect$$$$00000008)
    .ARM.Collect$$$$0000000A                 0x08000138   Section        0  entry8b.o(.ARM.Collect$$$$0000000A)
    .ARM.Collect$$$$0000000B                 0x08000138   Section        8  entry9a.o(.ARM.Collect$$$$0000000B)
    .ARM.Collect$$$$0000000D                 0x08000140   Section        0  entry10a.o(.ARM.Collect$$$$0000000D)
    .ARM.Collect$$$$0000000F                 0x08000140   Section        0  entry11a.o(.ARM.Collect$$$$0000000F)
    .ARM.Collect$$$$00002712                 0x08000140   Section        4  entry2.o(.ARM.Collect$$$$00002712)
    __lit__00000000                          0x08000140   Data           4  entry2.o(.ARM.Collect$$$$00002712)
    .emb_text                                0x08000144   Section      150  port.o(.emb_text)
    .text                                    0x080001dc   Section       36  startup_stm32f103xe.o(.text)
    .text                                    0x08000200   Section        0  memcpya.o(.text)
    .text                                    0x08000224   Section        0  memseta.o(.text)
    .text                                    0x08000248   Section        0  strstr.o(.text)
    .text                                    0x0800026c   Section        0  strchr.o(.text)
    .text                                    0x08000280   Section        0  strlen.o(.text)
    .text                                    0x0800028e   Section        0  uidiv.o(.text)
    .text                                    0x080002bc   Section       36  init.o(.text)
    i.BusFault_Handler                       0x080002e0   Section        0  stm32f1xx_it.o(i.BusFault_Handler)
    i.CH395_CS_High                          0x080002e4   Section        0  ch395.o(i.CH395_CS_High)
    i.CH395_CS_Low                           0x080002f4   Section        0  ch395.o(i.CH395_CS_Low)
    i.DebugMon_Handler                       0x08000304   Section        0  stm32f1xx_it.o(i.DebugMon_Handler)
    i.Error_Handler                          0x08000306   Section        0  main.o(i.Error_Handler)
    i.HAL_DMA_Abort                          0x0800030a   Section        0  stm32f1xx_hal_dma.o(i.HAL_DMA_Abort)
    i.HAL_DMA_Abort_IT                       0x08000350   Section        0  stm32f1xx_hal_dma.o(i.HAL_DMA_Abort_IT)
    i.HAL_Delay                              0x08000480   Section        0  stm32f1xx_hal.o(i.HAL_Delay)
    i.HAL_GPIO_Init                          0x080004a4   Section        0  stm32f1xx_hal_gpio.o(i.HAL_GPIO_Init)
    i.HAL_GPIO_WritePin                      0x0800069c   Section        0  stm32f1xx_hal_gpio.o(i.HAL_GPIO_WritePin)
    i.HAL_GetTick                            0x080006a8   Section        0  stm32f1xx_hal.o(i.HAL_GetTick)
    i.HAL_IncTick                            0x080006b4   Section        0  stm32f1xx_hal.o(i.HAL_IncTick)
    i.HAL_Init                               0x080006c4   Section        0  stm32f1xx_hal.o(i.HAL_Init)
    i.HAL_InitTick                           0x080006e8   Section        0  stm32f1xx_hal_timebase_tim.o(i.HAL_InitTick)
    i.HAL_MspInit                            0x0800075c   Section        0  stm32f1xx_hal_msp.o(i.HAL_MspInit)
    i.HAL_NVIC_EnableIRQ                     0x080007a4   Section        0  stm32f1xx_hal_cortex.o(i.HAL_NVIC_EnableIRQ)
    i.HAL_NVIC_SetPriority                   0x080007c0   Section        0  stm32f1xx_hal_cortex.o(i.HAL_NVIC_SetPriority)
    i.HAL_NVIC_SetPriorityGrouping           0x08000800   Section        0  stm32f1xx_hal_cortex.o(i.HAL_NVIC_SetPriorityGrouping)
    i.HAL_RCC_ClockConfig                    0x08000824   Section        0  stm32f1xx_hal_rcc.o(i.HAL_RCC_ClockConfig)
    i.HAL_RCC_GetClockConfig                 0x08000950   Section        0  stm32f1xx_hal_rcc.o(i.HAL_RCC_GetClockConfig)
    i.HAL_RCC_GetPCLK1Freq                   0x08000990   Section        0  stm32f1xx_hal_rcc.o(i.HAL_RCC_GetPCLK1Freq)
    i.HAL_RCC_GetPCLK2Freq                   0x080009b0   Section        0  stm32f1xx_hal_rcc.o(i.HAL_RCC_GetPCLK2Freq)
    i.HAL_RCC_GetSysClockFreq                0x080009d0   Section        0  stm32f1xx_hal_rcc.o(i.HAL_RCC_GetSysClockFreq)
    i.HAL_RCC_OscConfig                      0x08000a1c   Section        0  stm32f1xx_hal_rcc.o(i.HAL_RCC_OscConfig)
    i.HAL_SPI_Init                           0x08000d3c   Section        0  stm32f1xx_hal_spi.o(i.HAL_SPI_Init)
    i.HAL_SPI_MspInit                        0x08000df0   Section        0  spi.o(i.HAL_SPI_MspInit)
    i.HAL_SPI_TransmitReceive                0x08000e60   Section        0  stm32f1xx_hal_spi.o(i.HAL_SPI_TransmitReceive)
    i.HAL_TIMEx_BreakCallback                0x08001050   Section        0  stm32f1xx_hal_tim_ex.o(i.HAL_TIMEx_BreakCallback)
    i.HAL_TIMEx_CommutCallback               0x08001052   Section        0  stm32f1xx_hal_tim_ex.o(i.HAL_TIMEx_CommutCallback)
    i.HAL_TIM_Base_Init                      0x08001054   Section        0  stm32f1xx_hal_tim.o(i.HAL_TIM_Base_Init)
    i.HAL_TIM_Base_MspInit                   0x080010ae   Section        0  stm32f1xx_hal_tim.o(i.HAL_TIM_Base_MspInit)
    i.HAL_TIM_Base_Start_IT                  0x080010b0   Section        0  stm32f1xx_hal_tim.o(i.HAL_TIM_Base_Start_IT)
    i.HAL_TIM_IC_CaptureCallback             0x0800111c   Section        0  stm32f1xx_hal_tim.o(i.HAL_TIM_IC_CaptureCallback)
    i.HAL_TIM_IRQHandler                     0x0800111e   Section        0  stm32f1xx_hal_tim.o(i.HAL_TIM_IRQHandler)
    i.HAL_TIM_OC_DelayElapsedCallback        0x0800124e   Section        0  stm32f1xx_hal_tim.o(i.HAL_TIM_OC_DelayElapsedCallback)
    i.HAL_TIM_PWM_PulseFinishedCallback      0x08001250   Section        0  stm32f1xx_hal_tim.o(i.HAL_TIM_PWM_PulseFinishedCallback)
    i.HAL_TIM_PeriodElapsedCallback          0x08001254   Section        0  main.o(i.HAL_TIM_PeriodElapsedCallback)
    i.HAL_TIM_TriggerCallback                0x08001268   Section        0  stm32f1xx_hal_tim.o(i.HAL_TIM_TriggerCallback)
    i.HAL_UARTEx_RxEventCallback             0x0800126a   Section        0  stm32f1xx_hal_uart.o(i.HAL_UARTEx_RxEventCallback)
    i.HAL_UART_ErrorCallback                 0x0800126c   Section        0  stm32f1xx_hal_uart.o(i.HAL_UART_ErrorCallback)
    i.HAL_UART_IRQHandler                    0x08001270   Section        0  stm32f1xx_hal_uart.o(i.HAL_UART_IRQHandler)
    i.HAL_UART_Init                          0x080014dc   Section        0  stm32f1xx_hal_uart.o(i.HAL_UART_Init)
    i.HAL_UART_MspInit                       0x08001540   Section        0  usart.o(i.HAL_UART_MspInit)
    i.HAL_UART_Receive_IT                    0x08001610   Section        0  stm32f1xx_hal_uart.o(i.HAL_UART_Receive_IT)
    i.HAL_UART_RxCpltCallback                0x0800162c   Section        0  main.o(i.HAL_UART_RxCpltCallback)
    i.HAL_UART_Transmit                      0x08001670   Section        0  stm32f1xx_hal_uart.o(i.HAL_UART_Transmit)
    i.HAL_UART_TxCpltCallback                0x08001710   Section        0  stm32f1xx_hal_uart.o(i.HAL_UART_TxCpltCallback)
    i.HardFault_Handler                      0x08001712   Section        0  stm32f1xx_it.o(i.HardFault_Handler)
    i.MQTT_Get_Connect_Packet                0x08001714   Section        0  freertos.o(i.MQTT_Get_Connect_Packet)
    i.MQTT_Get_Publish_Packet                0x08001766   Section        0  freertos.o(i.MQTT_Get_Publish_Packet)
    i.MQTT_Get_Subscribe_Packet              0x080017ca   Section        0  freertos.o(i.MQTT_Get_Subscribe_Packet)
    i.MX_FREERTOS_Init                       0x08001808   Section        0  freertos.o(i.MX_FREERTOS_Init)
    i.MX_GPIO_Init                           0x08001870   Section        0  gpio.o(i.MX_GPIO_Init)
    i.MX_SPI1_Init                           0x0800197c   Section        0  spi.o(i.MX_SPI1_Init)
    i.MX_USART1_UART_Init                    0x080019c4   Section        0  usart.o(i.MX_USART1_UART_Init)
    i.MX_USART3_UART_Init                    0x080019fc   Section        0  usart.o(i.MX_USART3_UART_Init)
    i.MemManage_Handler                      0x08001a34   Section        0  stm32f1xx_it.o(i.MemManage_Handler)
    i.NMI_Handler                            0x08001a36   Section        0  stm32f1xx_it.o(i.NMI_Handler)
    i.SPI_EndRxTxTransaction                 0x08001a38   Section        0  stm32f1xx_hal_spi.o(i.SPI_EndRxTxTransaction)
    SPI_EndRxTxTransaction                   0x08001a39   Thumb Code    52  stm32f1xx_hal_spi.o(i.SPI_EndRxTxTransaction)
    i.SPI_WaitFlagStateUntilTimeout          0x08001a6c   Section        0  stm32f1xx_hal_spi.o(i.SPI_WaitFlagStateUntilTimeout)
    SPI_WaitFlagStateUntilTimeout            0x08001a6d   Thumb Code   180  stm32f1xx_hal_spi.o(i.SPI_WaitFlagStateUntilTimeout)
    i.Spi395Exchange                         0x08001b24   Section        0  ch395.o(i.Spi395Exchange)
    i.StartDefaultTask                       0x08001b50   Section        0  freertos.o(i.StartDefaultTask)
    i.StartTask_MQTT                         0x08001b58   Section        0  freertos.o(i.StartTask_MQTT)
    i.StartTask_Modbus                       0x08001f2c   Section        0  freertos.o(i.StartTask_Modbus)
    i.SysTick_Handler                        0x08001ff8   Section        0  port.o(i.SysTick_Handler)
    i.SystemClock_Config                     0x08002024   Section        0  main.o(i.SystemClock_Config)
    i.SystemInit                             0x08002082   Section        0  system_stm32f1xx.o(i.SystemInit)
    i.TIM1_UP_IRQHandler                     0x08002084   Section        0  stm32f1xx_it.o(i.TIM1_UP_IRQHandler)
    i.TIM_Base_SetConfig                     0x08002090   Section        0  stm32f1xx_hal_tim.o(i.TIM_Base_SetConfig)
    i.UART_DMAAbortOnError                   0x0800212c   Section        0  stm32f1xx_hal_uart.o(i.UART_DMAAbortOnError)
    UART_DMAAbortOnError                     0x0800212d   Thumb Code    16  stm32f1xx_hal_uart.o(i.UART_DMAAbortOnError)
    i.UART_EndRxTransfer                     0x0800213c   Section        0  stm32f1xx_hal_uart.o(i.UART_EndRxTransfer)
    UART_EndRxTransfer                       0x0800213d   Thumb Code    78  stm32f1xx_hal_uart.o(i.UART_EndRxTransfer)
    i.UART_Receive_IT                        0x0800218a   Section        0  stm32f1xx_hal_uart.o(i.UART_Receive_IT)
    UART_Receive_IT                          0x0800218b   Thumb Code   194  stm32f1xx_hal_uart.o(i.UART_Receive_IT)
    i.UART_SetConfig                         0x0800224c   Section        0  stm32f1xx_hal_uart.o(i.UART_SetConfig)
    UART_SetConfig                           0x0800224d   Thumb Code   178  stm32f1xx_hal_uart.o(i.UART_SetConfig)
    i.UART_Start_Receive_IT                  0x08002304   Section        0  stm32f1xx_hal_uart.o(i.UART_Start_Receive_IT)
    i.UART_WaitOnFlagUntilTimeout            0x0800233a   Section        0  stm32f1xx_hal_uart.o(i.UART_WaitOnFlagUntilTimeout)
    UART_WaitOnFlagUntilTimeout              0x0800233b   Thumb Code   114  stm32f1xx_hal_uart.o(i.UART_WaitOnFlagUntilTimeout)
    i.USART3_IRQHandler                      0x080023ac   Section        0  stm32f1xx_it.o(i.USART3_IRQHandler)
    i.UsageFault_Handler                     0x080023b8   Section        0  stm32f1xx_it.o(i.UsageFault_Handler)
    i.__0printf$3                            0x080023bc   Section        0  printf3.o(i.__0printf$3)
    i.__0sprintf$3                           0x080023dc   Section        0  printf3.o(i.__0sprintf$3)
    i.__NVIC_SetPriority                     0x08002404   Section        0  stm32f1xx_hal_cortex.o(i.__NVIC_SetPriority)
    __NVIC_SetPriority                       0x08002405   Thumb Code    32  stm32f1xx_hal_cortex.o(i.__NVIC_SetPriority)
    i.__scatterload_copy                     0x08002424   Section       14  handlers.o(i.__scatterload_copy)
    i.__scatterload_null                     0x08002432   Section        2  handlers.o(i.__scatterload_null)
    i.__scatterload_zeroinit                 0x08002434   Section       14  handlers.o(i.__scatterload_zeroinit)
    i._printf_core                           0x08002444   Section        0  printf3.o(i._printf_core)
    _printf_core                             0x08002445   Thumb Code   436  printf3.o(i._printf_core)
    i._sputc                                 0x080025fc   Section        0  printf3.o(i._sputc)
    _sputc                                   0x080025fd   Thumb Code    10  printf3.o(i._sputc)
    i.ch395_cmd_get_phy_status               0x08002606   Section        0  ch395cmd.o(i.ch395_cmd_get_phy_status)
    i.ch395_cmd_get_socket_status            0x0800261c   Section        0  ch395cmd.o(i.ch395_cmd_get_socket_status)
    i.ch395_cmd_init                         0x08002642   Section        0  ch395cmd.o(i.ch395_cmd_init)
    i.ch395_cmd_set_gw_ipaddr                0x0800266c   Section        0  ch395cmd.o(i.ch395_cmd_set_gw_ipaddr)
    i.ch395_cmd_set_ipaddr                   0x08002690   Section        0  ch395cmd.o(i.ch395_cmd_set_ipaddr)
    i.ch395_cmd_set_macaddr                  0x080026b4   Section        0  ch395cmd.o(i.ch395_cmd_set_macaddr)
    i.ch395_cmd_set_maskaddr                 0x080026de   Section        0  ch395cmd.o(i.ch395_cmd_set_maskaddr)
    i.ch395_enable_ping                      0x08002702   Section        0  ch395cmd.o(i.ch395_enable_ping)
    i.ch395_get_cmd_status                   0x0800271a   Section        0  ch395cmd.o(i.ch395_get_cmd_status)
    i.ch395_get_recv_data                    0x08002730   Section        0  ch395cmd.o(i.ch395_get_recv_data)
    i.ch395_get_recv_length                  0x08002772   Section        0  ch395cmd.o(i.ch395_get_recv_length)
    i.ch395_get_socket_int                   0x0800279a   Section        0  ch395cmd.o(i.ch395_get_socket_int)
    i.ch395_open_socket                      0x080027b8   Section        0  ch395cmd.o(i.ch395_open_socket)
    i.ch395_send_data                        0x080027ea   Section        0  ch395cmd.o(i.ch395_send_data)
    i.ch395_set_socket_desip                 0x08002826   Section        0  ch395cmd.o(i.ch395_set_socket_desip)
    i.ch395_set_socket_desport               0x08002858   Section        0  ch395cmd.o(i.ch395_set_socket_desport)
    i.ch395_set_socket_prot_type             0x0800287e   Section        0  ch395cmd.o(i.ch395_set_socket_prot_type)
    i.ch395_tcp_connect                      0x0800289e   Section        0  ch395cmd.o(i.ch395_tcp_connect)
    i.fputc                                  0x080028d0   Section        0  main.o(i.fputc)
    i.main                                   0x080028e8   Section        0  main.o(i.main)
    i.makeFreeRtosPriority                   0x0800293c   Section        0  cmsis_os.o(i.makeFreeRtosPriority)
    makeFreeRtosPriority                     0x0800293d   Thumb Code    12  cmsis_os.o(i.makeFreeRtosPriority)
    i.osDelay                                0x08002948   Section        0  cmsis_os.o(i.osDelay)
    i.osKernelStart                          0x08002956   Section        0  cmsis_os.o(i.osKernelStart)
    i.osMessageCreate                        0x08002960   Section        0  cmsis_os.o(i.osMessageCreate)
    i.osThreadCreate                         0x08002986   Section        0  cmsis_os.o(i.osThreadCreate)
    i.prvAddCurrentTaskToDelayedList         0x080029dc   Section        0  tasks.o(i.prvAddCurrentTaskToDelayedList)
    prvAddCurrentTaskToDelayedList           0x080029dd   Thumb Code   102  tasks.o(i.prvAddCurrentTaskToDelayedList)
    i.prvAddNewTaskToReadyList               0x08002a4c   Section        0  tasks.o(i.prvAddNewTaskToReadyList)
    prvAddNewTaskToReadyList                 0x08002a4d   Thumb Code   194  tasks.o(i.prvAddNewTaskToReadyList)
    i.prvCopyDataFromQueue                   0x08002b1c   Section        0  queue.o(i.prvCopyDataFromQueue)
    prvCopyDataFromQueue                     0x08002b1d   Thumb Code    38  queue.o(i.prvCopyDataFromQueue)
    i.prvCopyDataToQueue                     0x08002b42   Section        0  queue.o(i.prvCopyDataToQueue)
    prvCopyDataToQueue                       0x08002b43   Thumb Code   108  queue.o(i.prvCopyDataToQueue)
    i.prvDeleteTCB                           0x08002bae   Section        0  tasks.o(i.prvDeleteTCB)
    prvDeleteTCB                             0x08002baf   Thumb Code    52  tasks.o(i.prvDeleteTCB)
    i.prvHeapInit                            0x08002be4   Section        0  heap_4.o(i.prvHeapInit)
    prvHeapInit                              0x08002be5   Thumb Code    66  heap_4.o(i.prvHeapInit)
    i.prvIdleTask                            0x08002c30   Section        0  tasks.o(i.prvIdleTask)
    prvIdleTask                              0x08002c31   Thumb Code    82  tasks.o(i.prvIdleTask)
    i.prvInitialiseNewQueue                  0x08002c90   Section        0  queue.o(i.prvInitialiseNewQueue)
    prvInitialiseNewQueue                    0x08002c91   Thumb Code    22  queue.o(i.prvInitialiseNewQueue)
    i.prvInitialiseNewTask                   0x08002ca6   Section        0  tasks.o(i.prvInitialiseNewTask)
    prvInitialiseNewTask                     0x08002ca7   Thumb Code   152  tasks.o(i.prvInitialiseNewTask)
    i.prvInsertBlockIntoFreeList             0x08002d40   Section        0  heap_4.o(i.prvInsertBlockIntoFreeList)
    prvInsertBlockIntoFreeList               0x08002d41   Thumb Code    72  heap_4.o(i.prvInsertBlockIntoFreeList)
    i.prvIsQueueEmpty                        0x08002d8c   Section        0  queue.o(i.prvIsQueueEmpty)
    prvIsQueueEmpty                          0x08002d8d   Thumb Code    28  queue.o(i.prvIsQueueEmpty)
    i.prvResetNextTaskUnblockTime            0x08002da8   Section        0  tasks.o(i.prvResetNextTaskUnblockTime)
    prvResetNextTaskUnblockTime              0x08002da9   Thumb Code    26  tasks.o(i.prvResetNextTaskUnblockTime)
    i.prvTaskExitError                       0x08002dc8   Section        0  port.o(i.prvTaskExitError)
    prvTaskExitError                         0x08002dc9   Thumb Code    36  port.o(i.prvTaskExitError)
    i.prvUnlockQueue                         0x08002df0   Section        0  queue.o(i.prvUnlockQueue)
    prvUnlockQueue                           0x08002df1   Thumb Code   106  queue.o(i.prvUnlockQueue)
    i.pvPortMalloc                           0x08002e5c   Section        0  heap_4.o(i.pvPortMalloc)
    i.pxPortInitialiseStack                  0x08002f38   Section        0  port.o(i.pxPortInitialiseStack)
    i.uxListRemove                           0x08002f5c   Section        0  list.o(i.uxListRemove)
    i.vApplicationGetIdleTaskMemory          0x08002f84   Section        0  freertos.o(i.vApplicationGetIdleTaskMemory)
    i.vListInitialise                        0x08002f98   Section        0  list.o(i.vListInitialise)
    i.vListInitialiseItem                    0x08002fae   Section        0  list.o(i.vListInitialiseItem)
    i.vListInsert                            0x08002fb4   Section        0  list.o(i.vListInsert)
    i.vListInsertEnd                         0x08002fe4   Section        0  list.o(i.vListInsertEnd)
    i.vPortEnterCritical                     0x08002ffc   Section        0  port.o(i.vPortEnterCritical)
    i.vPortExitCritical                      0x0800303c   Section        0  port.o(i.vPortExitCritical)
    i.vPortFree                              0x08003064   Section        0  heap_4.o(i.vPortFree)
    i.vPortSetupTimerInterrupt               0x080030c8   Section        0  port.o(i.vPortSetupTimerInterrupt)
    i.vTaskDelay                             0x080030ec   Section        0  tasks.o(i.vTaskDelay)
    i.vTaskInternalSetTimeOutState           0x08003138   Section        0  tasks.o(i.vTaskInternalSetTimeOutState)
    i.vTaskMissedYield                       0x08003148   Section        0  tasks.o(i.vTaskMissedYield)
    i.vTaskPlaceOnEventList                  0x08003154   Section        0  tasks.o(i.vTaskPlaceOnEventList)
    i.vTaskStartScheduler                    0x08003184   Section        0  tasks.o(i.vTaskStartScheduler)
    i.vTaskSuspendAll                        0x080031f0   Section        0  tasks.o(i.vTaskSuspendAll)
    i.vTaskSwitchContext                     0x08003200   Section        0  tasks.o(i.vTaskSwitchContext)
    i.xPortStartScheduler                    0x0800325c   Section        0  port.o(i.xPortStartScheduler)
    i.xQueueGenericCreate                    0x08003304   Section        0  queue.o(i.xQueueGenericCreate)
    i.xQueueGenericCreateStatic              0x08003346   Section        0  queue.o(i.xQueueGenericCreateStatic)
    i.xQueueGenericReset                     0x080033ac   Section        0  queue.o(i.xQueueGenericReset)
    i.xQueueGenericSend                      0x08003434   Section        0  queue.o(i.xQueueGenericSend)
    i.xQueueReceive                          0x08003594   Section        0  queue.o(i.xQueueReceive)
    i.xReadCH395Data                         0x080036cc   Section        0  ch395.o(i.xReadCH395Data)
    i.xTaskCheckForTimeOut                   0x080036d4   Section        0  tasks.o(i.xTaskCheckForTimeOut)
    i.xTaskCreate                            0x08003748   Section        0  tasks.o(i.xTaskCreate)
    i.xTaskCreateStatic                      0x080037a2   Section        0  tasks.o(i.xTaskCreateStatic)
    i.xTaskGetSchedulerState                 0x080037f8   Section        0  tasks.o(i.xTaskGetSchedulerState)
    i.xTaskIncrementTick                     0x08003814   Section        0  tasks.o(i.xTaskIncrementTick)
    i.xTaskPriorityDisinherit                0x080038e0   Section        0  tasks.o(i.xTaskPriorityDisinherit)
    i.xTaskRemoveFromEventList               0x08003978   Section        0  tasks.o(i.xTaskRemoveFromEventList)
    i.xTaskResumeAll                         0x080039ec   Section        0  tasks.o(i.xTaskResumeAll)
    i.xWriteCH395Cmd                         0x08003ab0   Section        0  ch395.o(i.xWriteCH395Cmd)
    i.xWriteCH395Data                        0x08003ac6   Section        0  ch395.o(i.xWriteCH395Data)
    .constdata                               0x08003acc   Section      100  freertos.o(.constdata)
    .constdata                               0x08003b30   Section       18  stm32f1xx_hal_rcc.o(.constdata)
    aPredivFactorTable                       0x08003b30   Data           2  stm32f1xx_hal_rcc.o(.constdata)
    aPLLMULFactorTable                       0x08003b32   Data          16  stm32f1xx_hal_rcc.o(.constdata)
    .constdata                               0x08003b42   Section       16  system_stm32f1xx.o(.constdata)
    .constdata                               0x08003b52   Section        8  system_stm32f1xx.o(.constdata)
    .conststring                             0x08003b5c   Section       36  freertos.o(.conststring)
    .data                                    0x20000000   Section        4  main.o(.data)
    .data                                    0x20000004   Section       16  freertos.o(.data)
    .data                                    0x20000014   Section       12  stm32f1xx_hal.o(.data)
    .data                                    0x20000020   Section        4  system_stm32f1xx.o(.data)
    .data                                    0x20000024   Section       60  tasks.o(.data)
    uxDeletedTasksWaitingCleanUp             0x20000028   Data           4  tasks.o(.data)
    uxCurrentNumberOfTasks                   0x2000002c   Data           4  tasks.o(.data)
    xTickCount                               0x20000030   Data           4  tasks.o(.data)
    uxTopReadyPriority                       0x20000034   Data           4  tasks.o(.data)
    xSchedulerRunning                        0x20000038   Data           4  tasks.o(.data)
    xPendedTicks                             0x2000003c   Data           4  tasks.o(.data)
    xYieldPending                            0x20000040   Data           4  tasks.o(.data)
    xNumOfOverflows                          0x20000044   Data           4  tasks.o(.data)
    uxTaskNumber                             0x20000048   Data           4  tasks.o(.data)
    xNextTaskUnblockTime                     0x2000004c   Data           4  tasks.o(.data)
    xIdleTaskHandle                          0x20000050   Data           4  tasks.o(.data)
    uxSchedulerSuspended                     0x20000054   Data           4  tasks.o(.data)
    pxDelayedTaskList                        0x20000058   Data           4  tasks.o(.data)
    pxOverflowDelayedTaskList                0x2000005c   Data           4  tasks.o(.data)
    .data                                    0x20000060   Section       32  heap_4.o(.data)
    pxEnd                                    0x20000060   Data           4  heap_4.o(.data)
    xFreeBytesRemaining                      0x20000064   Data           4  heap_4.o(.data)
    xMinimumEverFreeBytesRemaining           0x20000068   Data           4  heap_4.o(.data)
    xNumberOfSuccessfulAllocations           0x2000006c   Data           4  heap_4.o(.data)
    xNumberOfSuccessfulFrees                 0x20000070   Data           4  heap_4.o(.data)
    xBlockAllocatedBit                       0x20000074   Data           4  heap_4.o(.data)
    xStart                                   0x20000078   Data           8  heap_4.o(.data)
    .data                                    0x20000080   Section       12  port.o(.data)
    ucMaxSysCallPriority                     0x20000080   Data           1  port.o(.data)
    uxCriticalNesting                        0x20000084   Data           4  port.o(.data)
    ulMaxPRIGROUPValue                       0x20000088   Data           4  port.o(.data)
    .data                                    0x2000008c   Section        4  stdout.o(.data)
    .bss                                     0x20000090   Section      128  main.o(.bss)
    .bss                                     0x20000110   Section      596  freertos.o(.bss)
    xIdleTaskTCBBuffer                       0x20000110   Data          84  freertos.o(.bss)
    xIdleStack                               0x20000164   Data         512  freertos.o(.bss)
    .bss                                     0x20000364   Section       88  spi.o(.bss)
    .bss                                     0x200003bc   Section      144  usart.o(.bss)
    .bss                                     0x2000044c   Section       72  stm32f1xx_hal_timebase_tim.o(.bss)
    .bss                                     0x20000494   Section      240  tasks.o(.bss)
    pxReadyTasksLists                        0x20000494   Data         140  tasks.o(.bss)
    xDelayedTaskList1                        0x20000520   Data          20  tasks.o(.bss)
    xDelayedTaskList2                        0x20000534   Data          20  tasks.o(.bss)
    xPendingReadyList                        0x20000548   Data          20  tasks.o(.bss)
    xTasksWaitingTermination                 0x2000055c   Data          20  tasks.o(.bss)
    xSuspendedTaskList                       0x20000570   Data          20  tasks.o(.bss)
    .bss                                     0x20000584   Section    20480  heap_4.o(.bss)
    ucHeap                                   0x20000584   Data       20480  heap_4.o(.bss)
    STACK                                    0x20005588   Section     1024  startup_stm32f103xe.o(STACK)

    Global Symbols

    Symbol Name                              Value     Ov Type        Size  Object(Section)

    BuildAttributes$$THM_ISAv4$P$D$K$B$S$PE$A:L22UL41UL21$X:L11$S22US41US21$IEEE1$IW$USESV6$~STKCKD$USESV7$~SHL$OSPACE$ROPI$EBA8$MICROLIB$REQ8$PRES8$EABIv2 0x00000000   Number         0  anon$$obj.o ABSOLUTE
    __ARM_use_no_argv                        0x00000000   Number         0  main.o ABSOLUTE
    _printf_a                                0x00000000   Number         0  stubs.o ABSOLUTE
    _printf_c                                0x00000000   Number         0  stubs.o ABSOLUTE
    _printf_charcount                        0x00000000   Number         0  stubs.o ABSOLUTE
    _printf_d                                0x00000000   Number         0  stubs.o ABSOLUTE
    _printf_e                                0x00000000   Number         0  stubs.o ABSOLUTE
    _printf_f                                0x00000000   Number         0  stubs.o ABSOLUTE
    _printf_flags                            0x00000000   Number         0  stubs.o ABSOLUTE
    _printf_fp_dec                           0x00000000   Number         0  stubs.o ABSOLUTE
    _printf_fp_hex                           0x00000000   Number         0  stubs.o ABSOLUTE
    _printf_g                                0x00000000   Number         0  stubs.o ABSOLUTE
    _printf_i                                0x00000000   Number         0  stubs.o ABSOLUTE
    _printf_int_dec                          0x00000000   Number         0  stubs.o ABSOLUTE
    _printf_l                                0x00000000   Number         0  stubs.o ABSOLUTE
    _printf_lc                               0x00000000   Number         0  stubs.o ABSOLUTE
    _printf_ll                               0x00000000   Number         0  stubs.o ABSOLUTE
    _printf_lld                              0x00000000   Number         0  stubs.o ABSOLUTE
    _printf_lli                              0x00000000   Number         0  stubs.o ABSOLUTE
    _printf_llo                              0x00000000   Number         0  stubs.o ABSOLUTE
    _printf_llu                              0x00000000   Number         0  stubs.o ABSOLUTE
    _printf_llx                              0x00000000   Number         0  stubs.o ABSOLUTE
    _printf_longlong_dec                     0x00000000   Number         0  stubs.o ABSOLUTE
    _printf_longlong_hex                     0x00000000   Number         0  stubs.o ABSOLUTE
    _printf_longlong_oct                     0x00000000   Number         0  stubs.o ABSOLUTE
    _printf_ls                               0x00000000   Number         0  stubs.o ABSOLUTE
    _printf_mbtowc                           0x00000000   Number         0  stubs.o ABSOLUTE
    _printf_n                                0x00000000   Number         0  stubs.o ABSOLUTE
    _printf_o                                0x00000000   Number         0  stubs.o ABSOLUTE
    _printf_p                                0x00000000   Number         0  stubs.o ABSOLUTE
    _printf_percent                          0x00000000   Number         0  stubs.o ABSOLUTE
    _printf_pre_padding                      0x00000000   Number         0  stubs.o ABSOLUTE
    _printf_return_value                     0x00000000   Number         0  stubs.o ABSOLUTE
    _printf_s                                0x00000000   Number         0  stubs.o ABSOLUTE
    _printf_sizespec                         0x00000000   Number         0  stubs.o ABSOLUTE
    _printf_str                              0x00000000   Number         0  stubs.o ABSOLUTE
    _printf_truncate_signed                  0x00000000   Number         0  stubs.o ABSOLUTE
    _printf_truncate_unsigned                0x00000000   Number         0  stubs.o ABSOLUTE
    _printf_u                                0x00000000   Number         0  stubs.o ABSOLUTE
    _printf_wc                               0x00000000   Number         0  stubs.o ABSOLUTE
    _printf_wctomb                           0x00000000   Number         0  stubs.o ABSOLUTE
    _printf_widthprec                        0x00000000   Number         0  stubs.o ABSOLUTE
    _printf_x                                0x00000000   Number         0  stubs.o ABSOLUTE
    __cpp_initialize__aeabi_                  - Undefined Weak Reference
    __cxa_finalize                            - Undefined Weak Reference
    __decompress                              - Undefined Weak Reference
    _clock_init                               - Undefined Weak Reference
    _microlib_exit                            - Undefined Weak Reference
    __Vectors_Size                           0x00000130   Number         0  startup_stm32f103xe.o ABSOLUTE
    __Vectors                                0x08000000   Data           4  startup_stm32f103xe.o(RESET)
    __Vectors_End                            0x08000130   Data           0  startup_stm32f103xe.o(RESET)
    __main                                   0x08000131   Thumb Code     0  entry.o(.ARM.Collect$$$$00000000)
    _main_stk                                0x08000131   Thumb Code     0  entry2.o(.ARM.Collect$$$$00000001)
    _main_scatterload                        0x08000135   Thumb Code     0  entry5.o(.ARM.Collect$$$$00000004)
    __main_after_scatterload                 0x08000139   Thumb Code     0  entry5.o(.ARM.Collect$$$$00000004)
    _main_clock                              0x08000139   Thumb Code     0  entry7b.o(.ARM.Collect$$$$00000008)
    _main_cpp_init                           0x08000139   Thumb Code     0  entry8b.o(.ARM.Collect$$$$0000000A)
    _main_init                               0x08000139   Thumb Code     0  entry9a.o(.ARM.Collect$$$$0000000B)
    __rt_final_cpp                           0x08000141   Thumb Code     0  entry10a.o(.ARM.Collect$$$$0000000D)
    __rt_final_exit                          0x08000141   Thumb Code     0  entry11a.o(.ARM.Collect$$$$0000000F)
    SVC_Handler                              0x08000145   Thumb Code    32  port.o(.emb_text)
    __asm___6_port_c_39a90d8d__prvStartFirstTask 0x08000169   Thumb Code    28  port.o(.emb_text)
    PendSV_Handler                           0x08000189   Thumb Code    72  port.o(.emb_text)
    vPortGetIPSR                             0x080001d5   Thumb Code     6  port.o(.emb_text)
    Reset_Handler                            0x080001dd   Thumb Code     8  startup_stm32f103xe.o(.text)
    ADC1_2_IRQHandler                        0x080001f7   Thumb Code     0  startup_stm32f103xe.o(.text)
    ADC3_IRQHandler                          0x080001f7   Thumb Code     0  startup_stm32f103xe.o(.text)
    CAN1_RX1_IRQHandler                      0x080001f7   Thumb Code     0  startup_stm32f103xe.o(.text)
    CAN1_SCE_IRQHandler                      0x080001f7   Thumb Code     0  startup_stm32f103xe.o(.text)
    DMA1_Channel1_IRQHandler                 0x080001f7   Thumb Code     0  startup_stm32f103xe.o(.text)
    DMA1_Channel2_IRQHandler                 0x080001f7   Thumb Code     0  startup_stm32f103xe.o(.text)
    DMA1_Channel3_IRQHandler                 0x080001f7   Thumb Code     0  startup_stm32f103xe.o(.text)
    DMA1_Channel4_IRQHandler                 0x080001f7   Thumb Code     0  startup_stm32f103xe.o(.text)
    DMA1_Channel5_IRQHandler                 0x080001f7   Thumb Code     0  startup_stm32f103xe.o(.text)
    DMA1_Channel6_IRQHandler                 0x080001f7   Thumb Code     0  startup_stm32f103xe.o(.text)
    DMA1_Channel7_IRQHandler                 0x080001f7   Thumb Code     0  startup_stm32f103xe.o(.text)
    DMA2_Channel1_IRQHandler                 0x080001f7   Thumb Code     0  startup_stm32f103xe.o(.text)
    DMA2_Channel2_IRQHandler                 0x080001f7   Thumb Code     0  startup_stm32f103xe.o(.text)
    DMA2_Channel3_IRQHandler                 0x080001f7   Thumb Code     0  startup_stm32f103xe.o(.text)
    DMA2_Channel4_5_IRQHandler               0x080001f7   Thumb Code     0  startup_stm32f103xe.o(.text)
    EXTI0_IRQHandler                         0x080001f7   Thumb Code     0  startup_stm32f103xe.o(.text)
    EXTI15_10_IRQHandler                     0x080001f7   Thumb Code     0  startup_stm32f103xe.o(.text)
    EXTI1_IRQHandler                         0x080001f7   Thumb Code     0  startup_stm32f103xe.o(.text)
    EXTI2_IRQHandler                         0x080001f7   Thumb Code     0  startup_stm32f103xe.o(.text)
    EXTI3_IRQHandler                         0x080001f7   Thumb Code     0  startup_stm32f103xe.o(.text)
    EXTI4_IRQHandler                         0x080001f7   Thumb Code     0  startup_stm32f103xe.o(.text)
    EXTI9_5_IRQHandler                       0x080001f7   Thumb Code     0  startup_stm32f103xe.o(.text)
    FLASH_IRQHandler                         0x080001f7   Thumb Code     0  startup_stm32f103xe.o(.text)
    FSMC_IRQHandler                          0x080001f7   Thumb Code     0  startup_stm32f103xe.o(.text)
    I2C1_ER_IRQHandler                       0x080001f7   Thumb Code     0  startup_stm32f103xe.o(.text)
    I2C1_EV_IRQHandler                       0x080001f7   Thumb Code     0  startup_stm32f103xe.o(.text)
    I2C2_ER_IRQHandler                       0x080001f7   Thumb Code     0  startup_stm32f103xe.o(.text)
    I2C2_EV_IRQHandler                       0x080001f7   Thumb Code     0  startup_stm32f103xe.o(.text)
    PVD_IRQHandler                           0x080001f7   Thumb Code     0  startup_stm32f103xe.o(.text)
    RCC_IRQHandler                           0x080001f7   Thumb Code     0  startup_stm32f103xe.o(.text)
    RTC_Alarm_IRQHandler                     0x080001f7   Thumb Code     0  startup_stm32f103xe.o(.text)
    RTC_IRQHandler                           0x080001f7   Thumb Code     0  startup_stm32f103xe.o(.text)
    SDIO_IRQHandler                          0x080001f7   Thumb Code     0  startup_stm32f103xe.o(.text)
    SPI1_IRQHandler                          0x080001f7   Thumb Code     0  startup_stm32f103xe.o(.text)
    SPI2_IRQHandler                          0x080001f7   Thumb Code     0  startup_stm32f103xe.o(.text)
    SPI3_IRQHandler                          0x080001f7   Thumb Code     0  startup_stm32f103xe.o(.text)
    TAMPER_IRQHandler                        0x080001f7   Thumb Code     0  startup_stm32f103xe.o(.text)
    TIM1_BRK_IRQHandler                      0x080001f7   Thumb Code     0  startup_stm32f103xe.o(.text)
    TIM1_CC_IRQHandler                       0x080001f7   Thumb Code     0  startup_stm32f103xe.o(.text)
    TIM1_TRG_COM_IRQHandler                  0x080001f7   Thumb Code     0  startup_stm32f103xe.o(.text)
    TIM2_IRQHandler                          0x080001f7   Thumb Code     0  startup_stm32f103xe.o(.text)
    TIM3_IRQHandler                          0x080001f7   Thumb Code     0  startup_stm32f103xe.o(.text)
    TIM4_IRQHandler                          0x080001f7   Thumb Code     0  startup_stm32f103xe.o(.text)
    TIM5_IRQHandler                          0x080001f7   Thumb Code     0  startup_stm32f103xe.o(.text)
    TIM6_IRQHandler                          0x080001f7   Thumb Code     0  startup_stm32f103xe.o(.text)
    TIM7_IRQHandler                          0x080001f7   Thumb Code     0  startup_stm32f103xe.o(.text)
    TIM8_BRK_IRQHandler                      0x080001f7   Thumb Code     0  startup_stm32f103xe.o(.text)
    TIM8_CC_IRQHandler                       0x080001f7   Thumb Code     0  startup_stm32f103xe.o(.text)
    TIM8_TRG_COM_IRQHandler                  0x080001f7   Thumb Code     0  startup_stm32f103xe.o(.text)
    TIM8_UP_IRQHandler                       0x080001f7   Thumb Code     0  startup_stm32f103xe.o(.text)
    UART4_IRQHandler                         0x080001f7   Thumb Code     0  startup_stm32f103xe.o(.text)
    UART5_IRQHandler                         0x080001f7   Thumb Code     0  startup_stm32f103xe.o(.text)
    USART1_IRQHandler                        0x080001f7   Thumb Code     0  startup_stm32f103xe.o(.text)
    USART2_IRQHandler                        0x080001f7   Thumb Code     0  startup_stm32f103xe.o(.text)
    USBWakeUp_IRQHandler                     0x080001f7   Thumb Code     0  startup_stm32f103xe.o(.text)
    USB_HP_CAN1_TX_IRQHandler                0x080001f7   Thumb Code     0  startup_stm32f103xe.o(.text)
    USB_LP_CAN1_RX0_IRQHandler               0x080001f7   Thumb Code     0  startup_stm32f103xe.o(.text)
    WWDG_IRQHandler                          0x080001f7   Thumb Code     0  startup_stm32f103xe.o(.text)
    __aeabi_memcpy                           0x08000201   Thumb Code    36  memcpya.o(.text)
    __aeabi_memcpy4                          0x08000201   Thumb Code     0  memcpya.o(.text)
    __aeabi_memcpy8                          0x08000201   Thumb Code     0  memcpya.o(.text)
    __aeabi_memset                           0x08000225   Thumb Code    14  memseta.o(.text)
    __aeabi_memset4                          0x08000225   Thumb Code     0  memseta.o(.text)
    __aeabi_memset8                          0x08000225   Thumb Code     0  memseta.o(.text)
    __aeabi_memclr                           0x08000233   Thumb Code     4  memseta.o(.text)
    __aeabi_memclr4                          0x08000233   Thumb Code     0  memseta.o(.text)
    __aeabi_memclr8                          0x08000233   Thumb Code     0  memseta.o(.text)
    memset                                   0x08000237   Thumb Code    18  memseta.o(.text)
    strstr                                   0x08000249   Thumb Code    36  strstr.o(.text)
    strchr                                   0x0800026d   Thumb Code    20  strchr.o(.text)
    strlen                                   0x08000281   Thumb Code    14  strlen.o(.text)
    __aeabi_uidiv                            0x0800028f   Thumb Code     0  uidiv.o(.text)
    __aeabi_uidivmod                         0x0800028f   Thumb Code    44  uidiv.o(.text)
    __scatterload                            0x080002bd   Thumb Code    28  init.o(.text)
    __scatterload_rt2                        0x080002bd   Thumb Code     0  init.o(.text)
    BusFault_Handler                         0x080002e1   Thumb Code     2  stm32f1xx_it.o(i.BusFault_Handler)
    CH395_CS_High                            0x080002e5   Thumb Code    10  ch395.o(i.CH395_CS_High)
    CH395_CS_Low                             0x080002f5   Thumb Code    12  ch395.o(i.CH395_CS_Low)
    DebugMon_Handler                         0x08000305   Thumb Code     2  stm32f1xx_it.o(i.DebugMon_Handler)
    Error_Handler                            0x08000307   Thumb Code     4  main.o(i.Error_Handler)
    HAL_DMA_Abort                            0x0800030b   Thumb Code    70  stm32f1xx_hal_dma.o(i.HAL_DMA_Abort)
    HAL_DMA_Abort_IT                         0x08000351   Thumb Code   296  stm32f1xx_hal_dma.o(i.HAL_DMA_Abort_IT)
    HAL_Delay                                0x08000481   Thumb Code    32  stm32f1xx_hal.o(i.HAL_Delay)
    HAL_GPIO_Init                            0x080004a5   Thumb Code   462  stm32f1xx_hal_gpio.o(i.HAL_GPIO_Init)
    HAL_GPIO_WritePin                        0x0800069d   Thumb Code    10  stm32f1xx_hal_gpio.o(i.HAL_GPIO_WritePin)
    HAL_GetTick                              0x080006a9   Thumb Code     6  stm32f1xx_hal.o(i.HAL_GetTick)
    HAL_IncTick                              0x080006b5   Thumb Code    12  stm32f1xx_hal.o(i.HAL_IncTick)
    HAL_Init                                 0x080006c5   Thumb Code    32  stm32f1xx_hal.o(i.HAL_Init)
    HAL_InitTick                             0x080006e9   Thumb Code    98  stm32f1xx_hal_timebase_tim.o(i.HAL_InitTick)
    HAL_MspInit                              0x0800075d   Thumb Code    62  stm32f1xx_hal_msp.o(i.HAL_MspInit)
    HAL_NVIC_EnableIRQ                       0x080007a5   Thumb Code    26  stm32f1xx_hal_cortex.o(i.HAL_NVIC_EnableIRQ)
    HAL_NVIC_SetPriority                     0x080007c1   Thumb Code    60  stm32f1xx_hal_cortex.o(i.HAL_NVIC_SetPriority)
    HAL_NVIC_SetPriorityGrouping             0x08000801   Thumb Code    26  stm32f1xx_hal_cortex.o(i.HAL_NVIC_SetPriorityGrouping)
    HAL_RCC_ClockConfig                      0x08000825   Thumb Code   280  stm32f1xx_hal_rcc.o(i.HAL_RCC_ClockConfig)
    HAL_RCC_GetClockConfig                   0x08000951   Thumb Code    54  stm32f1xx_hal_rcc.o(i.HAL_RCC_GetClockConfig)
    HAL_RCC_GetPCLK1Freq                     0x08000991   Thumb Code    20  stm32f1xx_hal_rcc.o(i.HAL_RCC_GetPCLK1Freq)
    HAL_RCC_GetPCLK2Freq                     0x080009b1   Thumb Code    20  stm32f1xx_hal_rcc.o(i.HAL_RCC_GetPCLK2Freq)
    HAL_RCC_GetSysClockFreq                  0x080009d1   Thumb Code    58  stm32f1xx_hal_rcc.o(i.HAL_RCC_GetSysClockFreq)
    HAL_RCC_OscConfig                        0x08000a1d   Thumb Code   778  stm32f1xx_hal_rcc.o(i.HAL_RCC_OscConfig)
    HAL_SPI_Init                             0x08000d3d   Thumb Code   178  stm32f1xx_hal_spi.o(i.HAL_SPI_Init)
    HAL_SPI_MspInit                          0x08000df1   Thumb Code    98  spi.o(i.HAL_SPI_MspInit)
    HAL_SPI_TransmitReceive                  0x08000e61   Thumb Code   496  stm32f1xx_hal_spi.o(i.HAL_SPI_TransmitReceive)
    HAL_TIMEx_BreakCallback                  0x08001051   Thumb Code     2  stm32f1xx_hal_tim_ex.o(i.HAL_TIMEx_BreakCallback)
    HAL_TIMEx_CommutCallback                 0x08001053   Thumb Code     2  stm32f1xx_hal_tim_ex.o(i.HAL_TIMEx_CommutCallback)
    HAL_TIM_Base_Init                        0x08001055   Thumb Code    90  stm32f1xx_hal_tim.o(i.HAL_TIM_Base_Init)
    HAL_TIM_Base_MspInit                     0x080010af   Thumb Code     2  stm32f1xx_hal_tim.o(i.HAL_TIM_Base_MspInit)
    HAL_TIM_Base_Start_IT                    0x080010b1   Thumb Code    88  stm32f1xx_hal_tim.o(i.HAL_TIM_Base_Start_IT)
    HAL_TIM_IC_CaptureCallback               0x0800111d   Thumb Code     2  stm32f1xx_hal_tim.o(i.HAL_TIM_IC_CaptureCallback)
    HAL_TIM_IRQHandler                       0x0800111f   Thumb Code   304  stm32f1xx_hal_tim.o(i.HAL_TIM_IRQHandler)
    HAL_TIM_OC_DelayElapsedCallback          0x0800124f   Thumb Code     2  stm32f1xx_hal_tim.o(i.HAL_TIM_OC_DelayElapsedCallback)
    HAL_TIM_PWM_PulseFinishedCallback        0x08001251   Thumb Code     2  stm32f1xx_hal_tim.o(i.HAL_TIM_PWM_PulseFinishedCallback)
    HAL_TIM_PeriodElapsedCallback            0x08001255   Thumb Code    14  main.o(i.HAL_TIM_PeriodElapsedCallback)
    HAL_TIM_TriggerCallback                  0x08001269   Thumb Code     2  stm32f1xx_hal_tim.o(i.HAL_TIM_TriggerCallback)
    HAL_UARTEx_RxEventCallback               0x0800126b   Thumb Code     2  stm32f1xx_hal_uart.o(i.HAL_UARTEx_RxEventCallback)
    HAL_UART_ErrorCallback                   0x0800126d   Thumb Code     2  stm32f1xx_hal_uart.o(i.HAL_UART_ErrorCallback)
    HAL_UART_IRQHandler                      0x08001271   Thumb Code   616  stm32f1xx_hal_uart.o(i.HAL_UART_IRQHandler)
    HAL_UART_Init                            0x080014dd   Thumb Code   100  stm32f1xx_hal_uart.o(i.HAL_UART_Init)
    HAL_UART_MspInit                         0x08001541   Thumb Code   186  usart.o(i.HAL_UART_MspInit)
    HAL_UART_Receive_IT                      0x08001611   Thumb Code    28  stm32f1xx_hal_uart.o(i.HAL_UART_Receive_IT)
    HAL_UART_RxCpltCallback                  0x0800162d   Thumb Code    50  main.o(i.HAL_UART_RxCpltCallback)
    HAL_UART_Transmit                        0x08001671   Thumb Code   160  stm32f1xx_hal_uart.o(i.HAL_UART_Transmit)
    HAL_UART_TxCpltCallback                  0x08001711   Thumb Code     2  stm32f1xx_hal_uart.o(i.HAL_UART_TxCpltCallback)
    HardFault_Handler                        0x08001713   Thumb Code     2  stm32f1xx_it.o(i.HardFault_Handler)
    MQTT_Get_Connect_Packet                  0x08001715   Thumb Code    82  freertos.o(i.MQTT_Get_Connect_Packet)
    MQTT_Get_Publish_Packet                  0x08001767   Thumb Code   100  freertos.o(i.MQTT_Get_Publish_Packet)
    MQTT_Get_Subscribe_Packet                0x080017cb   Thumb Code    62  freertos.o(i.MQTT_Get_Subscribe_Packet)
    MX_FREERTOS_Init                         0x08001809   Thumb Code    96  freertos.o(i.MX_FREERTOS_Init)
    MX_GPIO_Init                             0x08001871   Thumb Code   248  gpio.o(i.MX_GPIO_Init)
    MX_SPI1_Init                             0x0800197d   Thumb Code    62  spi.o(i.MX_SPI1_Init)
    MX_USART1_UART_Init                      0x080019c5   Thumb Code    48  usart.o(i.MX_USART1_UART_Init)
    MX_USART3_UART_Init                      0x080019fd   Thumb Code    48  usart.o(i.MX_USART3_UART_Init)
    MemManage_Handler                        0x08001a35   Thumb Code     2  stm32f1xx_it.o(i.MemManage_Handler)
    NMI_Handler                              0x08001a37   Thumb Code     2  stm32f1xx_it.o(i.NMI_Handler)
    Spi395Exchange                           0x08001b25   Thumb Code    38  ch395.o(i.Spi395Exchange)
    StartDefaultTask                         0x08001b51   Thumb Code     8  freertos.o(i.StartDefaultTask)
    StartTask_MQTT                           0x08001b59   Thumb Code   552  freertos.o(i.StartTask_MQTT)
    StartTask_Modbus                         0x08001f2d   Thumb Code   106  freertos.o(i.StartTask_Modbus)
    SysTick_Handler                          0x08001ff9   Thumb Code    38  port.o(i.SysTick_Handler)
    SystemClock_Config                       0x08002025   Thumb Code    94  main.o(i.SystemClock_Config)
    SystemInit                               0x08002083   Thumb Code     2  system_stm32f1xx.o(i.SystemInit)
    TIM1_UP_IRQHandler                       0x08002085   Thumb Code     6  stm32f1xx_it.o(i.TIM1_UP_IRQHandler)
    TIM_Base_SetConfig                       0x08002091   Thumb Code   134  stm32f1xx_hal_tim.o(i.TIM_Base_SetConfig)
    UART_Start_Receive_IT                    0x08002305   Thumb Code    54  stm32f1xx_hal_uart.o(i.UART_Start_Receive_IT)
    USART3_IRQHandler                        0x080023ad   Thumb Code     6  stm32f1xx_it.o(i.USART3_IRQHandler)
    UsageFault_Handler                       0x080023b9   Thumb Code     2  stm32f1xx_it.o(i.UsageFault_Handler)
    __0printf$3                              0x080023bd   Thumb Code    22  printf3.o(i.__0printf$3)
    __1printf$3                              0x080023bd   Thumb Code     0  printf3.o(i.__0printf$3)
    __2printf                                0x080023bd   Thumb Code     0  printf3.o(i.__0printf$3)
    __0sprintf$3                             0x080023dd   Thumb Code    34  printf3.o(i.__0sprintf$3)
    __1sprintf$3                             0x080023dd   Thumb Code     0  printf3.o(i.__0sprintf$3)
    __2sprintf                               0x080023dd   Thumb Code     0  printf3.o(i.__0sprintf$3)
    __scatterload_copy                       0x08002425   Thumb Code    14  handlers.o(i.__scatterload_copy)
    __scatterload_null                       0x08002433   Thumb Code     2  handlers.o(i.__scatterload_null)
    __scatterload_zeroinit                   0x08002435   Thumb Code    14  handlers.o(i.__scatterload_zeroinit)
    ch395_cmd_get_phy_status                 0x08002607   Thumb Code    22  ch395cmd.o(i.ch395_cmd_get_phy_status)
    ch395_cmd_get_socket_status              0x0800261d   Thumb Code    38  ch395cmd.o(i.ch395_cmd_get_socket_status)
    ch395_cmd_init                           0x08002643   Thumb Code    42  ch395cmd.o(i.ch395_cmd_init)
    ch395_cmd_set_gw_ipaddr                  0x0800266d   Thumb Code    36  ch395cmd.o(i.ch395_cmd_set_gw_ipaddr)
    ch395_cmd_set_ipaddr                     0x08002691   Thumb Code    36  ch395cmd.o(i.ch395_cmd_set_ipaddr)
    ch395_cmd_set_macaddr                    0x080026b5   Thumb Code    42  ch395cmd.o(i.ch395_cmd_set_macaddr)
    ch395_cmd_set_maskaddr                   0x080026df   Thumb Code    36  ch395cmd.o(i.ch395_cmd_set_maskaddr)
    ch395_enable_ping                        0x08002703   Thumb Code    24  ch395cmd.o(i.ch395_enable_ping)
    ch395_get_cmd_status                     0x0800271b   Thumb Code    22  ch395cmd.o(i.ch395_get_cmd_status)
    ch395_get_recv_data                      0x08002731   Thumb Code    66  ch395cmd.o(i.ch395_get_recv_data)
    ch395_get_recv_length                    0x08002773   Thumb Code    40  ch395cmd.o(i.ch395_get_recv_length)
    ch395_get_socket_int                     0x0800279b   Thumb Code    30  ch395cmd.o(i.ch395_get_socket_int)
    ch395_open_socket                        0x080027b9   Thumb Code    50  ch395cmd.o(i.ch395_open_socket)
    ch395_send_data                          0x080027eb   Thumb Code    60  ch395cmd.o(i.ch395_send_data)
    ch395_set_socket_desip                   0x08002827   Thumb Code    50  ch395cmd.o(i.ch395_set_socket_desip)
    ch395_set_socket_desport                 0x08002859   Thumb Code    38  ch395cmd.o(i.ch395_set_socket_desport)
    ch395_set_socket_prot_type               0x0800287f   Thumb Code    32  ch395cmd.o(i.ch395_set_socket_prot_type)
    ch395_tcp_connect                        0x0800289f   Thumb Code    50  ch395cmd.o(i.ch395_tcp_connect)
    fputc                                    0x080028d1   Thumb Code    20  main.o(i.fputc)
    main                                     0x080028e9   Thumb Code    50  main.o(i.main)
    osDelay                                  0x08002949   Thumb Code    14  cmsis_os.o(i.osDelay)
    osKernelStart                            0x08002957   Thumb Code    10  cmsis_os.o(i.osKernelStart)
    osMessageCreate                          0x08002961   Thumb Code    38  cmsis_os.o(i.osMessageCreate)
    osThreadCreate                           0x08002987   Thumb Code    84  cmsis_os.o(i.osThreadCreate)
    pvPortMalloc                             0x08002e5d   Thumb Code   216  heap_4.o(i.pvPortMalloc)
    pxPortInitialiseStack                    0x08002f39   Thumb Code    32  port.o(i.pxPortInitialiseStack)
    uxListRemove                             0x08002f5d   Thumb Code    38  list.o(i.uxListRemove)
    vApplicationGetIdleTaskMemory            0x08002f85   Thumb Code    16  freertos.o(i.vApplicationGetIdleTaskMemory)
    vListInitialise                          0x08002f99   Thumb Code    22  list.o(i.vListInitialise)
    vListInitialiseItem                      0x08002faf   Thumb Code     6  list.o(i.vListInitialiseItem)
    vListInsert                              0x08002fb5   Thumb Code    48  list.o(i.vListInsert)
    vListInsertEnd                           0x08002fe5   Thumb Code    24  list.o(i.vListInsertEnd)
    vPortEnterCritical                       0x08002ffd   Thumb Code    54  port.o(i.vPortEnterCritical)
    vPortExitCritical                        0x0800303d   Thumb Code    34  port.o(i.vPortExitCritical)
    vPortFree                                0x08003065   Thumb Code    94  heap_4.o(i.vPortFree)
    vPortSetupTimerInterrupt                 0x080030c9   Thumb Code    32  port.o(i.vPortSetupTimerInterrupt)
    vTaskDelay                               0x080030ed   Thumb Code    66  tasks.o(i.vTaskDelay)
    vTaskInternalSetTimeOutState             0x08003139   Thumb Code    12  tasks.o(i.vTaskInternalSetTimeOutState)
    vTaskMissedYield                         0x08003149   Thumb Code     8  tasks.o(i.vTaskMissedYield)
    vTaskPlaceOnEventList                    0x08003155   Thumb Code    44  tasks.o(i.vTaskPlaceOnEventList)
    vTaskStartScheduler                      0x08003185   Thumb Code    90  tasks.o(i.vTaskStartScheduler)
    vTaskSuspendAll                          0x080031f1   Thumb Code    10  tasks.o(i.vTaskSuspendAll)
    vTaskSwitchContext                       0x08003201   Thumb Code    82  tasks.o(i.vTaskSwitchContext)
    xPortStartScheduler                      0x0800325d   Thumb Code   154  port.o(i.xPortStartScheduler)
    xQueueGenericCreate                      0x08003305   Thumb Code    66  queue.o(i.xQueueGenericCreate)
    xQueueGenericCreateStatic                0x08003347   Thumb Code   102  queue.o(i.xQueueGenericCreateStatic)
    xQueueGenericReset                       0x080033ad   Thumb Code   132  queue.o(i.xQueueGenericReset)
    xQueueGenericSend                        0x08003435   Thumb Code   346  queue.o(i.xQueueGenericSend)
    xQueueReceive                            0x08003595   Thumb Code   308  queue.o(i.xQueueReceive)
    xReadCH395Data                           0x080036cd   Thumb Code     6  ch395.o(i.xReadCH395Data)
    xTaskCheckForTimeOut                     0x080036d5   Thumb Code   112  tasks.o(i.xTaskCheckForTimeOut)
    xTaskCreate                              0x08003749   Thumb Code    90  tasks.o(i.xTaskCreate)
    xTaskCreateStatic                        0x080037a3   Thumb Code    86  tasks.o(i.xTaskCreateStatic)
    xTaskGetSchedulerState                   0x080037f9   Thumb Code    22  tasks.o(i.xTaskGetSchedulerState)
    xTaskIncrementTick                       0x08003815   Thumb Code   194  tasks.o(i.xTaskIncrementTick)
    xTaskPriorityDisinherit                  0x080038e1   Thumb Code   144  tasks.o(i.xTaskPriorityDisinherit)
    xTaskRemoveFromEventList                 0x08003979   Thumb Code   108  tasks.o(i.xTaskRemoveFromEventList)
    xTaskResumeAll                           0x080039ed   Thumb Code   182  tasks.o(i.xTaskResumeAll)
    xWriteCH395Cmd                           0x08003ab1   Thumb Code    22  ch395.o(i.xWriteCH395Cmd)
    xWriteCH395Data                          0x08003ac7   Thumb Code     4  ch395.o(i.xWriteCH395Data)
    AHBPrescTable                            0x08003b42   Data          16  system_stm32f1xx.o(.constdata)
    APBPrescTable                            0x08003b52   Data           8  system_stm32f1xx.o(.constdata)
    Region$$Table$$Base                      0x08003b80   Number         0  anon$$obj.o(Region$$Table)
    Region$$Table$$Limit                     0x08003ba0   Number         0  anon$$obj.o(Region$$Table)
    modbus_frame_received                    0x20000000   Data           1  main.o(.data)
    rx3_buffer                               0x20000001   Data           1  main.o(.data)
    modbus_rx_index                          0x20000002   Data           2  main.o(.data)
    StartTaskHandle                          0x20000004   Data           4  freertos.o(.data)
    Task_ModbusHandle                        0x20000008   Data           4  freertos.o(.data)
    Task_MQTTHandle                          0x2000000c   Data           4  freertos.o(.data)
    ModbusDataQueueHandle                    0x20000010   Data           4  freertos.o(.data)
    uwTickFreq                               0x20000014   Data           1  stm32f1xx_hal.o(.data)
    uwTickPrio                               0x20000018   Data           4  stm32f1xx_hal.o(.data)
    uwTick                                   0x2000001c   Data           4  stm32f1xx_hal.o(.data)
    SystemCoreClock                          0x20000020   Data           4  system_stm32f1xx.o(.data)
    pxCurrentTCB                             0x20000024   Data           4  tasks.o(.data)
    __stdout                                 0x2000008c   Data           4  stdout.o(.data)
    modbus_rx_buf                            0x20000090   Data         128  main.o(.bss)
    hspi1                                    0x20000364   Data          88  spi.o(.bss)
    huart1                                   0x200003bc   Data          72  usart.o(.bss)
    huart3                                   0x20000404   Data          72  usart.o(.bss)
    htim1                                    0x2000044c   Data          72  stm32f1xx_hal_timebase_tim.o(.bss)
    __initial_sp                             0x20005988   Data           0  startup_stm32f103xe.o(STACK)



==============================================================================

Memory Map of the image

  Image Entry point : 0x08000131

  Load Region LR_IROM1 (Base: 0x08000000, Size: 0x00003c30, Max: 0x00080000, ABSOLUTE)

    Execution Region ER_IROM1 (Exec base: 0x08000000, Load base: 0x08000000, Size: 0x00003ba0, Max: 0x00080000, ABSOLUTE)

    Exec Addr    Load Addr    Size         Type   Attr      Idx    E Section Name        Object

    0x08000000   0x08000000   0x00000130   Data   RO            3    RESET               startup_stm32f103xe.o
    0x08000130   0x08000130   0x00000000   Code   RO         4982  * .ARM.Collect$$$$00000000  mc_w.l(entry.o)
    0x08000130   0x08000130   0x00000004   Code   RO         5262    .ARM.Collect$$$$00000001  mc_w.l(entry2.o)
    0x08000134   0x08000134   0x00000004   Code   RO         5265    .ARM.Collect$$$$00000004  mc_w.l(entry5.o)
    0x08000138   0x08000138   0x00000000   Code   RO         5267    .ARM.Collect$$$$00000008  mc_w.l(entry7b.o)
    0x08000138   0x08000138   0x00000000   Code   RO         5269    .ARM.Collect$$$$0000000A  mc_w.l(entry8b.o)
    0x08000138   0x08000138   0x00000008   Code   RO         5270    .ARM.Collect$$$$0000000B  mc_w.l(entry9a.o)
    0x08000140   0x08000140   0x00000000   Code   RO         5272    .ARM.Collect$$$$0000000D  mc_w.l(entry10a.o)
    0x08000140   0x08000140   0x00000000   Code   RO         5274    .ARM.Collect$$$$0000000F  mc_w.l(entry11a.o)
    0x08000140   0x08000140   0x00000004   Code   RO         5263    .ARM.Collect$$$$00002712  mc_w.l(entry2.o)
    0x08000144   0x08000144   0x00000096   Code   RO         4905    .emb_text           port.o
    0x080001da   0x080001da   0x00000002   PAD
    0x080001dc   0x080001dc   0x00000024   Code   RO            4    .text               startup_stm32f103xe.o
    0x08000200   0x08000200   0x00000024   Code   RO         4987    .text               mc_w.l(memcpya.o)
    0x08000224   0x08000224   0x00000024   Code   RO         4991    .text               mc_w.l(memseta.o)
    0x08000248   0x08000248   0x00000024   Code   RO         4993    .text               mc_w.l(strstr.o)
    0x0800026c   0x0800026c   0x00000014   Code   RO         4995    .text               mc_w.l(strchr.o)
    0x08000280   0x08000280   0x0000000e   Code   RO         4997    .text               mc_w.l(strlen.o)
    0x0800028e   0x0800028e   0x0000002c   Code   RO         5277    .text               mc_w.l(uidiv.o)
    0x080002ba   0x080002ba   0x00000002   PAD
    0x080002bc   0x080002bc   0x00000024   Code   RO         5292    .text               mc_w.l(init.o)
    0x080002e0   0x080002e0   0x00000002   Code   RO          426    i.BusFault_Handler  stm32f1xx_it.o
    0x080002e2   0x080002e2   0x00000002   PAD
    0x080002e4   0x080002e4   0x00000010   Code   RO          559    i.CH395_CS_High     ch395.o
    0x080002f4   0x080002f4   0x00000010   Code   RO          560    i.CH395_CS_Low      ch395.o
    0x08000304   0x08000304   0x00000002   Code   RO          427    i.DebugMon_Handler  stm32f1xx_it.o
    0x08000306   0x08000306   0x00000004   Code   RO           13    i.Error_Handler     main.o
    0x0800030a   0x0800030a   0x00000046   Code   RO         1396    i.HAL_DMA_Abort     stm32f1xx_hal_dma.o
    0x08000350   0x08000350   0x00000130   Code   RO         1397    i.HAL_DMA_Abort_IT  stm32f1xx_hal_dma.o
    0x08000480   0x08000480   0x00000024   Code   RO         1022    i.HAL_Delay         stm32f1xx_hal.o
    0x080004a4   0x080004a4   0x000001f8   Code   RO         1332    i.HAL_GPIO_Init     stm32f1xx_hal_gpio.o
    0x0800069c   0x0800069c   0x0000000a   Code   RO         1336    i.HAL_GPIO_WritePin  stm32f1xx_hal_gpio.o
    0x080006a6   0x080006a6   0x00000002   PAD
    0x080006a8   0x080006a8   0x0000000c   Code   RO         1026    i.HAL_GetTick       stm32f1xx_hal.o
    0x080006b4   0x080006b4   0x00000010   Code   RO         1032    i.HAL_IncTick       stm32f1xx_hal.o
    0x080006c4   0x080006c4   0x00000024   Code   RO         1033    i.HAL_Init          stm32f1xx_hal.o
    0x080006e8   0x080006e8   0x00000074   Code   RO          520    i.HAL_InitTick      stm32f1xx_hal_timebase_tim.o
    0x0800075c   0x0800075c   0x00000048   Code   RO          496    i.HAL_MspInit       stm32f1xx_hal_msp.o
    0x080007a4   0x080007a4   0x0000001a   Code   RO         1492    i.HAL_NVIC_EnableIRQ  stm32f1xx_hal_cortex.o
    0x080007be   0x080007be   0x00000002   PAD
    0x080007c0   0x080007c0   0x00000040   Code   RO         1498    i.HAL_NVIC_SetPriority  stm32f1xx_hal_cortex.o
    0x08000800   0x08000800   0x00000024   Code   RO         1499    i.HAL_NVIC_SetPriorityGrouping  stm32f1xx_hal_cortex.o
    0x08000824   0x08000824   0x0000012c   Code   RO         1190    i.HAL_RCC_ClockConfig  stm32f1xx_hal_rcc.o
    0x08000950   0x08000950   0x00000040   Code   RO         1194    i.HAL_RCC_GetClockConfig  stm32f1xx_hal_rcc.o
    0x08000990   0x08000990   0x00000020   Code   RO         1197    i.HAL_RCC_GetPCLK1Freq  stm32f1xx_hal_rcc.o
    0x080009b0   0x080009b0   0x00000020   Code   RO         1198    i.HAL_RCC_GetPCLK2Freq  stm32f1xx_hal_rcc.o
    0x080009d0   0x080009d0   0x0000004c   Code   RO         1199    i.HAL_RCC_GetSysClockFreq  stm32f1xx_hal_rcc.o
    0x08000a1c   0x08000a1c   0x00000320   Code   RO         1202    i.HAL_RCC_OscConfig  stm32f1xx_hal_rcc.o
    0x08000d3c   0x08000d3c   0x000000b2   Code   RO         2003    i.HAL_SPI_Init      stm32f1xx_hal_spi.o
    0x08000dee   0x08000dee   0x00000002   PAD
    0x08000df0   0x08000df0   0x00000070   Code   RO          337    i.HAL_SPI_MspInit   spi.o
    0x08000e60   0x08000e60   0x000001f0   Code   RO         2012    i.HAL_SPI_TransmitReceive  stm32f1xx_hal_spi.o
    0x08001050   0x08001050   0x00000002   Code   RO         3020    i.HAL_TIMEx_BreakCallback  stm32f1xx_hal_tim_ex.o
    0x08001052   0x08001052   0x00000002   Code   RO         3021    i.HAL_TIMEx_CommutCallback  stm32f1xx_hal_tim_ex.o
    0x08001054   0x08001054   0x0000005a   Code   RO         2316    i.HAL_TIM_Base_Init  stm32f1xx_hal_tim.o
    0x080010ae   0x080010ae   0x00000002   Code   RO         2318    i.HAL_TIM_Base_MspInit  stm32f1xx_hal_tim.o
    0x080010b0   0x080010b0   0x0000006c   Code   RO         2321    i.HAL_TIM_Base_Start_IT  stm32f1xx_hal_tim.o
    0x0800111c   0x0800111c   0x00000002   Code   RO         2350    i.HAL_TIM_IC_CaptureCallback  stm32f1xx_hal_tim.o
    0x0800111e   0x0800111e   0x00000130   Code   RO         2364    i.HAL_TIM_IRQHandler  stm32f1xx_hal_tim.o
    0x0800124e   0x0800124e   0x00000002   Code   RO         2367    i.HAL_TIM_OC_DelayElapsedCallback  stm32f1xx_hal_tim.o
    0x08001250   0x08001250   0x00000002   Code   RO         2394    i.HAL_TIM_PWM_PulseFinishedCallback  stm32f1xx_hal_tim.o
    0x08001252   0x08001252   0x00000002   PAD
    0x08001254   0x08001254   0x00000014   Code   RO           14    i.HAL_TIM_PeriodElapsedCallback  main.o
    0x08001268   0x08001268   0x00000002   Code   RO         2407    i.HAL_TIM_TriggerCallback  stm32f1xx_hal_tim.o
    0x0800126a   0x0800126a   0x00000002   Code   RO         3299    i.HAL_UARTEx_RxEventCallback  stm32f1xx_hal_uart.o
    0x0800126c   0x0800126c   0x00000002   Code   RO         3313    i.HAL_UART_ErrorCallback  stm32f1xx_hal_uart.o
    0x0800126e   0x0800126e   0x00000002   PAD
    0x08001270   0x08001270   0x0000026c   Code   RO         3316    i.HAL_UART_IRQHandler  stm32f1xx_hal_uart.o
    0x080014dc   0x080014dc   0x00000064   Code   RO         3317    i.HAL_UART_Init     stm32f1xx_hal_uart.o
    0x08001540   0x08001540   0x000000d0   Code   RO          379    i.HAL_UART_MspInit  usart.o
    0x08001610   0x08001610   0x0000001c   Code   RO         3322    i.HAL_UART_Receive_IT  stm32f1xx_hal_uart.o
    0x0800162c   0x0800162c   0x00000044   Code   RO           15    i.HAL_UART_RxCpltCallback  main.o
    0x08001670   0x08001670   0x000000a0   Code   RO         3325    i.HAL_UART_Transmit  stm32f1xx_hal_uart.o
    0x08001710   0x08001710   0x00000002   Code   RO         3328    i.HAL_UART_TxCpltCallback  stm32f1xx_hal_uart.o
    0x08001712   0x08001712   0x00000002   Code   RO          428    i.HardFault_Handler  stm32f1xx_it.o
    0x08001714   0x08001714   0x00000052   Code   RO          246    i.MQTT_Get_Connect_Packet  freertos.o
    0x08001766   0x08001766   0x00000064   Code   RO          247    i.MQTT_Get_Publish_Packet  freertos.o
    0x080017ca   0x080017ca   0x0000003e   Code   RO          248    i.MQTT_Get_Subscribe_Packet  freertos.o
    0x08001808   0x08001808   0x00000068   Code   RO          249    i.MX_FREERTOS_Init  freertos.o
    0x08001870   0x08001870   0x0000010c   Code   RO          222    i.MX_GPIO_Init      gpio.o
    0x0800197c   0x0800197c   0x00000048   Code   RO          338    i.MX_SPI1_Init      spi.o
    0x080019c4   0x080019c4   0x00000038   Code   RO          380    i.MX_USART1_UART_Init  usart.o
    0x080019fc   0x080019fc   0x00000038   Code   RO          381    i.MX_USART3_UART_Init  usart.o
    0x08001a34   0x08001a34   0x00000002   Code   RO          429    i.MemManage_Handler  stm32f1xx_it.o
    0x08001a36   0x08001a36   0x00000002   Code   RO          430    i.NMI_Handler       stm32f1xx_it.o
    0x08001a38   0x08001a38   0x00000034   Code   RO         2041    i.SPI_EndRxTxTransaction  stm32f1xx_hal_spi.o
    0x08001a6c   0x08001a6c   0x000000b8   Code   RO         2046    i.SPI_WaitFlagStateUntilTimeout  stm32f1xx_hal_spi.o
    0x08001b24   0x08001b24   0x0000002c   Code   RO          562    i.Spi395Exchange    ch395.o
    0x08001b50   0x08001b50   0x00000008   Code   RO          250    i.StartDefaultTask  freertos.o
    0x08001b58   0x08001b58   0x000003d4   Code   RO          251    i.StartTask_MQTT    freertos.o
    0x08001f2c   0x08001f2c   0x000000cc   Code   RO          252    i.StartTask_Modbus  freertos.o
    0x08001ff8   0x08001ff8   0x0000002c   Code   RO         4906    i.SysTick_Handler   port.o
    0x08002024   0x08002024   0x0000005e   Code   RO           16    i.SystemClock_Config  main.o
    0x08002082   0x08002082   0x00000002   Code   RO         3651    i.SystemInit        system_stm32f1xx.o
    0x08002084   0x08002084   0x0000000c   Code   RO          431    i.TIM1_UP_IRQHandler  stm32f1xx_it.o
    0x08002090   0x08002090   0x0000009c   Code   RO         2409    i.TIM_Base_SetConfig  stm32f1xx_hal_tim.o
    0x0800212c   0x0800212c   0x00000010   Code   RO         3330    i.UART_DMAAbortOnError  stm32f1xx_hal_uart.o
    0x0800213c   0x0800213c   0x0000004e   Code   RO         3340    i.UART_EndRxTransfer  stm32f1xx_hal_uart.o
    0x0800218a   0x0800218a   0x000000c2   Code   RO         3342    i.UART_Receive_IT   stm32f1xx_hal_uart.o
    0x0800224c   0x0800224c   0x000000b8   Code   RO         3343    i.UART_SetConfig    stm32f1xx_hal_uart.o
    0x08002304   0x08002304   0x00000036   Code   RO         3345    i.UART_Start_Receive_IT  stm32f1xx_hal_uart.o
    0x0800233a   0x0800233a   0x00000072   Code   RO         3346    i.UART_WaitOnFlagUntilTimeout  stm32f1xx_hal_uart.o
    0x080023ac   0x080023ac   0x0000000c   Code   RO          432    i.USART3_IRQHandler  stm32f1xx_it.o
    0x080023b8   0x080023b8   0x00000002   Code   RO          433    i.UsageFault_Handler  stm32f1xx_it.o
    0x080023ba   0x080023ba   0x00000002   PAD
    0x080023bc   0x080023bc   0x00000020   Code   RO         5090    i.__0printf$3       mc_w.l(printf3.o)
    0x080023dc   0x080023dc   0x00000028   Code   RO         5092    i.__0sprintf$3      mc_w.l(printf3.o)
    0x08002404   0x08002404   0x00000020   Code   RO         1505    i.__NVIC_SetPriority  stm32f1xx_hal_cortex.o
    0x08002424   0x08002424   0x0000000e   Code   RO         5302    i.__scatterload_copy  mc_w.l(handlers.o)
    0x08002432   0x08002432   0x00000002   Code   RO         5303    i.__scatterload_null  mc_w.l(handlers.o)
    0x08002434   0x08002434   0x0000000e   Code   RO         5304    i.__scatterload_zeroinit  mc_w.l(handlers.o)
    0x08002442   0x08002442   0x00000002   PAD
    0x08002444   0x08002444   0x000001b8   Code   RO         5097    i._printf_core      mc_w.l(printf3.o)
    0x080025fc   0x080025fc   0x0000000a   Code   RO         5099    i._sputc            mc_w.l(printf3.o)
    0x08002606   0x08002606   0x00000016   Code   RO          623    i.ch395_cmd_get_phy_status  ch395cmd.o
    0x0800261c   0x0800261c   0x00000026   Code   RO          625    i.ch395_cmd_get_socket_status  ch395cmd.o
    0x08002642   0x08002642   0x0000002a   Code   RO          628    i.ch395_cmd_init    ch395cmd.o
    0x0800266c   0x0800266c   0x00000024   Code   RO          630    i.ch395_cmd_set_gw_ipaddr  ch395cmd.o
    0x08002690   0x08002690   0x00000024   Code   RO          631    i.ch395_cmd_set_ipaddr  ch395cmd.o
    0x080026b4   0x080026b4   0x0000002a   Code   RO          632    i.ch395_cmd_set_macaddr  ch395cmd.o
    0x080026de   0x080026de   0x00000024   Code   RO          634    i.ch395_cmd_set_maskaddr  ch395cmd.o
    0x08002702   0x08002702   0x00000018   Code   RO          645    i.ch395_enable_ping  ch395cmd.o
    0x0800271a   0x0800271a   0x00000016   Code   RO          646    i.ch395_get_cmd_status  ch395cmd.o
    0x08002730   0x08002730   0x00000042   Code   RO          649    i.ch395_get_recv_data  ch395cmd.o
    0x08002772   0x08002772   0x00000028   Code   RO          650    i.ch395_get_recv_length  ch395cmd.o
    0x0800279a   0x0800279a   0x0000001e   Code   RO          651    i.ch395_get_socket_int  ch395cmd.o
    0x080027b8   0x080027b8   0x00000032   Code   RO          655    i.ch395_open_socket  ch395cmd.o
    0x080027ea   0x080027ea   0x0000003c   Code   RO          657    i.ch395_send_data   ch395cmd.o
    0x08002826   0x08002826   0x00000032   Code   RO          659    i.ch395_set_socket_desip  ch395cmd.o
    0x08002858   0x08002858   0x00000026   Code   RO          660    i.ch395_set_socket_desport  ch395cmd.o
    0x0800287e   0x0800287e   0x00000020   Code   RO          662    i.ch395_set_socket_prot_type  ch395cmd.o
    0x0800289e   0x0800289e   0x00000032   Code   RO          669    i.ch395_tcp_connect  ch395cmd.o
    0x080028d0   0x080028d0   0x00000018   Code   RO           17    i.fputc             main.o
    0x080028e8   0x080028e8   0x00000054   Code   RO           18    i.main              main.o
    0x0800293c   0x0800293c   0x0000000c   Code   RO         4471    i.makeFreeRtosPriority  cmsis_os.o
    0x08002948   0x08002948   0x0000000e   Code   RO         4473    i.osDelay           cmsis_os.o
    0x08002956   0x08002956   0x0000000a   Code   RO         4476    i.osKernelStart     cmsis_os.o
    0x08002960   0x08002960   0x00000026   Code   RO         4485    i.osMessageCreate   cmsis_os.o
    0x08002986   0x08002986   0x00000054   Code   RO         4510    i.osThreadCreate    cmsis_os.o
    0x080029da   0x080029da   0x00000002   PAD
    0x080029dc   0x080029dc   0x00000070   Code   RO         4153    i.prvAddCurrentTaskToDelayedList  tasks.o
    0x08002a4c   0x08002a4c   0x000000d0   Code   RO         4154    i.prvAddNewTaskToReadyList  tasks.o
    0x08002b1c   0x08002b1c   0x00000026   Code   RO         3829    i.prvCopyDataFromQueue  queue.o
    0x08002b42   0x08002b42   0x0000006c   Code   RO         3830    i.prvCopyDataToQueue  queue.o
    0x08002bae   0x08002bae   0x00000034   Code   RO         4155    i.prvDeleteTCB      tasks.o
    0x08002be2   0x08002be2   0x00000002   PAD
    0x08002be4   0x08002be4   0x0000004c   Code   RO         4838    i.prvHeapInit       heap_4.o
    0x08002c30   0x08002c30   0x00000060   Code   RO         4156    i.prvIdleTask       tasks.o
    0x08002c90   0x08002c90   0x00000016   Code   RO         3832    i.prvInitialiseNewQueue  queue.o
    0x08002ca6   0x08002ca6   0x00000098   Code   RO         4157    i.prvInitialiseNewTask  tasks.o
    0x08002d3e   0x08002d3e   0x00000002   PAD
    0x08002d40   0x08002d40   0x0000004c   Code   RO         4839    i.prvInsertBlockIntoFreeList  heap_4.o
    0x08002d8c   0x08002d8c   0x0000001c   Code   RO         3833    i.prvIsQueueEmpty   queue.o
    0x08002da8   0x08002da8   0x00000020   Code   RO         4158    i.prvResetNextTaskUnblockTime  tasks.o
    0x08002dc8   0x08002dc8   0x00000028   Code   RO         4907    i.prvTaskExitError  port.o
    0x08002df0   0x08002df0   0x0000006a   Code   RO         3834    i.prvUnlockQueue    queue.o
    0x08002e5a   0x08002e5a   0x00000002   PAD
    0x08002e5c   0x08002e5c   0x000000dc   Code   RO         4840    i.pvPortMalloc      heap_4.o
    0x08002f38   0x08002f38   0x00000024   Code   RO         4908    i.pxPortInitialiseStack  port.o
    0x08002f5c   0x08002f5c   0x00000026   Code   RO         3789    i.uxListRemove      list.o
    0x08002f82   0x08002f82   0x00000002   PAD
    0x08002f84   0x08002f84   0x00000014   Code   RO          253    i.vApplicationGetIdleTaskMemory  freertos.o
    0x08002f98   0x08002f98   0x00000016   Code   RO         3790    i.vListInitialise   list.o
    0x08002fae   0x08002fae   0x00000006   Code   RO         3791    i.vListInitialiseItem  list.o
    0x08002fb4   0x08002fb4   0x00000030   Code   RO         3792    i.vListInsert       list.o
    0x08002fe4   0x08002fe4   0x00000018   Code   RO         3793    i.vListInsertEnd    list.o
    0x08002ffc   0x08002ffc   0x00000040   Code   RO         4910    i.vPortEnterCritical  port.o
    0x0800303c   0x0800303c   0x00000028   Code   RO         4911    i.vPortExitCritical  port.o
    0x08003064   0x08003064   0x00000064   Code   RO         4841    i.vPortFree         heap_4.o
    0x080030c8   0x080030c8   0x00000024   Code   RO         4912    i.vPortSetupTimerInterrupt  port.o
    0x080030ec   0x080030ec   0x0000004c   Code   RO         4167    i.vTaskDelay        tasks.o
    0x08003138   0x08003138   0x00000010   Code   RO         4170    i.vTaskInternalSetTimeOutState  tasks.o
    0x08003148   0x08003148   0x0000000c   Code   RO         4171    i.vTaskMissedYield  tasks.o
    0x08003154   0x08003154   0x00000030   Code   RO         4173    i.vTaskPlaceOnEventList  tasks.o
    0x08003184   0x08003184   0x0000006c   Code   RO         4180    i.vTaskStartScheduler  tasks.o
    0x080031f0   0x080031f0   0x00000010   Code   RO         4182    i.vTaskSuspendAll   tasks.o
    0x08003200   0x08003200   0x0000005c   Code   RO         4183    i.vTaskSwitchContext  tasks.o
    0x0800325c   0x0800325c   0x000000a8   Code   RO         4914    i.xPortStartScheduler  port.o
    0x08003304   0x08003304   0x00000042   Code   RO         3843    i.xQueueGenericCreate  queue.o
    0x08003346   0x08003346   0x00000066   Code   RO         3844    i.xQueueGenericCreateStatic  queue.o
    0x080033ac   0x080033ac   0x00000088   Code   RO         3845    i.xQueueGenericReset  queue.o
    0x08003434   0x08003434   0x00000160   Code   RO         3846    i.xQueueGenericSend  queue.o
    0x08003594   0x08003594   0x00000138   Code   RO         3853    i.xQueueReceive     queue.o
    0x080036cc   0x080036cc   0x00000006   Code   RO          563    i.xReadCH395Data    ch395.o
    0x080036d2   0x080036d2   0x00000002   PAD
    0x080036d4   0x080036d4   0x00000074   Code   RO         4185    i.xTaskCheckForTimeOut  tasks.o
    0x08003748   0x08003748   0x0000005a   Code   RO         4186    i.xTaskCreate       tasks.o
    0x080037a2   0x080037a2   0x00000056   Code   RO         4187    i.xTaskCreateStatic  tasks.o
    0x080037f8   0x080037f8   0x0000001c   Code   RO         4191    i.xTaskGetSchedulerState  tasks.o
    0x08003814   0x08003814   0x000000cc   Code   RO         4194    i.xTaskIncrementTick  tasks.o
    0x080038e0   0x080038e0   0x00000098   Code   RO         4197    i.xTaskPriorityDisinherit  tasks.o
    0x08003978   0x08003978   0x00000074   Code   RO         4199    i.xTaskRemoveFromEventList  tasks.o
    0x080039ec   0x080039ec   0x000000c4   Code   RO         4200    i.xTaskResumeAll    tasks.o
    0x08003ab0   0x08003ab0   0x00000016   Code   RO          564    i.xWriteCH395Cmd    ch395.o
    0x08003ac6   0x08003ac6   0x00000004   Code   RO          565    i.xWriteCH395Data   ch395.o
    0x08003aca   0x08003aca   0x00000002   PAD
    0x08003acc   0x08003acc   0x00000064   Data   RO          255    .constdata          freertos.o
    0x08003b30   0x08003b30   0x00000012   Data   RO         1203    .constdata          stm32f1xx_hal_rcc.o
    0x08003b42   0x08003b42   0x00000010   Data   RO         3652    .constdata          system_stm32f1xx.o
    0x08003b52   0x08003b52   0x00000008   Data   RO         3653    .constdata          system_stm32f1xx.o
    0x08003b5a   0x08003b5a   0x00000002   PAD
    0x08003b5c   0x08003b5c   0x00000024   Data   RO          256    .conststring        freertos.o
    0x08003b80   0x08003b80   0x00000020   Data   RO         5300    Region$$Table       anon$$obj.o


    Execution Region RW_IRAM1 (Exec base: 0x20000000, Load base: 0x08003ba0, Size: 0x00005988, Max: 0x00010000, ABSOLUTE)

    Exec Addr    Load Addr    Size         Type   Attr      Idx    E Section Name        Object

    0x20000000   0x08003ba0   0x00000004   Data   RW           20    .data               main.o
    0x20000004   0x08003ba4   0x00000010   Data   RW          257    .data               freertos.o
    0x20000014   0x08003bb4   0x0000000c   Data   RW         1040    .data               stm32f1xx_hal.o
    0x20000020   0x08003bc0   0x00000004   Data   RW         3654    .data               system_stm32f1xx.o
    0x20000024   0x08003bc4   0x0000003c   Data   RW         4203    .data               tasks.o
    0x20000060   0x08003c00   0x00000020   Data   RW         4847    .data               heap_4.o
    0x20000080   0x08003c20   0x0000000c   Data   RW         4915    .data               port.o
    0x2000008c   0x08003c2c   0x00000004   Data   RW         5276    .data               mc_w.l(stdout.o)
    0x20000090        -       0x00000080   Zero   RW           19    .bss                main.o
    0x20000110        -       0x00000254   Zero   RW          254    .bss                freertos.o
    0x20000364        -       0x00000058   Zero   RW          339    .bss                spi.o
    0x200003bc        -       0x00000090   Zero   RW          382    .bss                usart.o
    0x2000044c        -       0x00000048   Zero   RW          523    .bss                stm32f1xx_hal_timebase_tim.o
    0x20000494        -       0x000000f0   Zero   RW         4202    .bss                tasks.o
    0x20000584        -       0x00005000   Zero   RW         4846    .bss                heap_4.o
    0x20005584   0x08003c30   0x00000004   PAD
    0x20005588        -       0x00000400   Zero   RW            1    STACK               startup_stm32f103xe.o


==============================================================================

Image component sizes


      Code (inc. data)   RO Data    RW Data    ZI Data      Debug   Object Name

       108         16          0          0          0       3068   ch395.o
       714          0          0          0          0      10761   ch395cmd.o
       158          0          0          0          0      24007   cmsis_os.o
         0          0          0          0          0      20160   event_groups.o
      1560        538        136         16        596       7433   freertos.o
       268         20          0          0          0       1007   gpio.o
       472         24          0         32      20480       7331   heap_4.o
       138          0          0          0          0       3398   list.o
       294         62          0          4        128     529907   main.o
       578         60          0         12          0      10236   port.o
      1270         14          0          0          0      14591   queue.o
       184         24          0          0         88       1609   spi.o
        36          8        304          0       1024        800   startup_stm32f103xe.o
       100         18          0         12          0       5834   stm32f1xx_hal.o
       158         14          0          0          0      28190   stm32f1xx_hal_cortex.o
       374          8          0          0          0       1831   stm32f1xx_hal_dma.o
       514         42          0          0          0       2900   stm32f1xx_hal_gpio.o
        72         10          0          0          0        842   stm32f1xx_hal_msp.o
      1304         94         18          0          0       5737   stm32f1xx_hal_rcc.o
       910          4          0          0          0       4661   stm32f1xx_hal_spi.o
       668         42          0          0          0       7196   stm32f1xx_hal_tim.o
         4          0          0          0          0       1581   stm32f1xx_hal_tim_ex.o
       116         18          0          0         72       1391   stm32f1xx_hal_timebase_tim.o
      1554         10          0          0          0      10932   stm32f1xx_hal_uart.o
        36         12          0          0          0       3378   stm32f1xx_it.o
         0          0          0          0          0        408   stream_buffer.o
         2          0         24          4          0       1087   system_stm32f1xx.o
      2008        150          0         60        240      24442   tasks.o
       320         38          0          0        144       2315   usart.o

    ----------------------------------------------------------------------
     13950       1226        516        140      22776     737033   Object Totals
         0          0         32          0          0          0   (incl. Generated)
        30          0          2          0          4          0   (incl. Padding)

    ----------------------------------------------------------------------

      Code (inc. data)   RO Data    RW Data    ZI Data      Debug   Library Member Name

         0          0          0          0          0          0   entry.o
         0          0          0          0          0          0   entry10a.o
         0          0          0          0          0          0   entry11a.o
         8          4          0          0          0          0   entry2.o
         4          0          0          0          0          0   entry5.o
         0          0          0          0          0          0   entry7b.o
         0          0          0          0          0          0   entry8b.o
         8          4          0          0          0          0   entry9a.o
        30          0          0          0          0          0   handlers.o
        36          8          0          0          0         68   init.o
        36          0          0          0          0         68   memcpya.o
        36          0          0          0          0        108   memseta.o
       522         20          0          0          0        336   printf3.o
         0          0          0          4          0          0   stdout.o
        20          0          0          0          0         68   strchr.o
        14          0          0          0          0         68   strlen.o
        36          0          0          0          0         80   strstr.o
        44          0          0          0          0         80   uidiv.o

    ----------------------------------------------------------------------
       798         36          0          4          0        876   Library Totals
         4          0          0          0          0          0   (incl. Padding)

    ----------------------------------------------------------------------

      Code (inc. data)   RO Data    RW Data    ZI Data      Debug   Library Name

       794         36          0          4          0        876   mc_w.l

    ----------------------------------------------------------------------
       798         36          0          4          0        876   Library Totals

    ----------------------------------------------------------------------

==============================================================================


      Code (inc. data)   RO Data    RW Data    ZI Data      Debug   

     14748       1262        516        144      22776     729793   Grand Totals
     14748       1262        516        144      22776     729793   ELF Image Totals
     14748       1262        516        144          0          0   ROM Totals

==============================================================================

    Total RO  Size (Code + RO Data)                15264 (  14.91kB)
    Total RW  Size (RW Data + ZI Data)             22920 (  22.38kB)
    Total ROM Size (Code + RO Data + RW Data)      15408 (  15.05kB)

==============================================================================

