Component: ARM Compiler 5.06 update 6 (build 750) Tool: armlink [4d35ed]

==============================================================================

Section Cross References

    startup_stm32f103xe.o(RESET) refers to startup_stm32f103xe.o(STACK) for __initial_sp
    startup_stm32f103xe.o(RESET) refers to startup_stm32f103xe.o(.text) for Reset_Handler
    startup_stm32f103xe.o(RESET) refers to stm32f1xx_it.o(i.NMI_Handler) for NMI_Handler
    startup_stm32f103xe.o(RESET) refers to stm32f1xx_it.o(i.HardFault_Handler) for HardFault_Handler
    startup_stm32f103xe.o(RESET) refers to stm32f1xx_it.o(i.MemManage_Handler) for MemManage_Handler
    startup_stm32f103xe.o(RESET) refers to stm32f1xx_it.o(i.BusFault_Handler) for BusFault_Handler
    startup_stm32f103xe.o(RESET) refers to stm32f1xx_it.o(i.UsageFault_Handler) for UsageFault_Handler
    startup_stm32f103xe.o(RESET) refers to port.o(.emb_text) for SVC_Handler
    startup_stm32f103xe.o(RESET) refers to stm32f1xx_it.o(i.DebugMon_Handler) for DebugMon_Handler
    startup_stm32f103xe.o(RESET) refers to port.o(i.SysTick_Handler) for SysTick_Handler
    startup_stm32f103xe.o(RESET) refers to stm32f1xx_it.o(i.TIM1_UP_IRQHandler) for TIM1_UP_IRQHandler
    startup_stm32f103xe.o(RESET) refers to stm32f1xx_it.o(i.USART3_IRQHandler) for USART3_IRQHandler
    startup_stm32f103xe.o(.text) refers to system_stm32f1xx.o(i.SystemInit) for SystemInit
    startup_stm32f103xe.o(.text) refers to entry.o(.ARM.Collect$$$$00000000) for __main
    ch395.o(i.CH395_CS_High) refers to stm32f1xx_hal_gpio.o(i.HAL_GPIO_WritePin) for HAL_GPIO_WritePin
    ch395.o(i.CH395_CS_High) refers to cmsis_os.o(i.osMutexRelease) for osMutexRelease
    ch395.o(i.CH395_CS_High) refers to main.o(.data) for spiMutexHandle
    ch395.o(i.CH395_CS_Low) refers to cmsis_os.o(i.osMutexWait) for osMutexWait
    ch395.o(i.CH395_CS_Low) refers to stm32f1xx_hal_gpio.o(i.HAL_GPIO_WritePin) for HAL_GPIO_WritePin
    ch395.o(i.CH395_CS_Low) refers to main.o(.data) for spiMutexHandle
    ch395.o(i.CH395_Init_Hardware) refers to ch395.o(i.CH395_CS_High) for CH395_CS_High
    ch395.o(i.CH395_Init_Hardware) refers to stm32f1xx_hal_gpio.o(i.HAL_GPIO_WritePin) for HAL_GPIO_WritePin
    ch395.o(i.CH395_Init_Hardware) refers to stm32f1xx_hal.o(i.HAL_Delay) for HAL_Delay
    ch395.o(i.Spi395Exchange) refers to stm32f1xx_hal_spi.o(i.HAL_SPI_TransmitReceive) for HAL_SPI_TransmitReceive
    ch395.o(i.Spi395Exchange) refers to spi.o(.bss) for hspi1
    ch395.o(i.xReadCH395Data) refers to ch395.o(i.Spi395Exchange) for Spi395Exchange
    ch395.o(i.xWriteCH395Cmd) refers to ch395.o(i.CH395_CS_High) for CH395_CS_High
    ch395.o(i.xWriteCH395Cmd) refers to ch395.o(i.CH395_CS_Low) for CH395_CS_Low
    ch395.o(i.xWriteCH395Cmd) refers to ch395.o(i.Spi395Exchange) for Spi395Exchange
    ch395.o(i.xWriteCH395Data) refers to ch395.o(i.Spi395Exchange) for Spi395Exchange
    ch395cmd.o(i.ch395_clear_recv_buf) refers to ch395.o(i.xWriteCH395Cmd) for xWriteCH395Cmd
    ch395cmd.o(i.ch395_clear_recv_buf) refers to ch395.o(i.xWriteCH395Data) for xWriteCH395Data
    ch395cmd.o(i.ch395_clear_recv_buf) refers to ch395.o(i.CH395_CS_High) for CH395_CS_High
    ch395cmd.o(i.ch395_close_socket) refers to ch395.o(i.xWriteCH395Cmd) for xWriteCH395Cmd
    ch395cmd.o(i.ch395_close_socket) refers to ch395.o(i.xWriteCH395Data) for xWriteCH395Data
    ch395cmd.o(i.ch395_close_socket) refers to ch395.o(i.CH395_CS_High) for CH395_CS_High
    ch395cmd.o(i.ch395_close_socket) refers to stm32f1xx_hal.o(i.HAL_Delay) for HAL_Delay
    ch395cmd.o(i.ch395_close_socket) refers to ch395cmd.o(i.ch395_get_cmd_status) for ch395_get_cmd_status
    ch395cmd.o(i.ch395_cmd_check_exist) refers to ch395.o(i.xWriteCH395Cmd) for xWriteCH395Cmd
    ch395cmd.o(i.ch395_cmd_check_exist) refers to ch395.o(i.xWriteCH395Data) for xWriteCH395Data
    ch395cmd.o(i.ch395_cmd_check_exist) refers to ch395.o(i.xReadCH395Data) for xReadCH395Data
    ch395cmd.o(i.ch395_cmd_check_exist) refers to ch395.o(i.CH395_CS_High) for CH395_CS_High
    ch395cmd.o(i.ch395_cmd_get_glob_int_status) refers to ch395.o(i.xWriteCH395Cmd) for xWriteCH395Cmd
    ch395cmd.o(i.ch395_cmd_get_glob_int_status) refers to ch395.o(i.xReadCH395Data) for xReadCH395Data
    ch395cmd.o(i.ch395_cmd_get_glob_int_status) refers to ch395.o(i.CH395_CS_High) for CH395_CS_High
    ch395cmd.o(i.ch395_cmd_get_glob_int_status_all) refers to ch395.o(i.xWriteCH395Cmd) for xWriteCH395Cmd
    ch395cmd.o(i.ch395_cmd_get_glob_int_status_all) refers to ch395.o(i.xReadCH395Data) for xReadCH395Data
    ch395cmd.o(i.ch395_cmd_get_glob_int_status_all) refers to ch395.o(i.CH395_CS_High) for CH395_CS_High
    ch395cmd.o(i.ch395_cmd_get_macaddr) refers to ch395.o(i.xWriteCH395Cmd) for xWriteCH395Cmd
    ch395cmd.o(i.ch395_cmd_get_macaddr) refers to ch395.o(i.xReadCH395Data) for xReadCH395Data
    ch395cmd.o(i.ch395_cmd_get_macaddr) refers to ch395.o(i.CH395_CS_High) for CH395_CS_High
[...]
    ..\Drivers\STM32F1xx_HAL_Driver\Src\stm32f1xx_hal_uart.c 0x00000000   Number         0  stm32f1xx_hal_uart.o ABSOLUTE
    ..\Middlewares\Third_Party\FreeRTOS\Source\CMSIS_RTOS\cmsis_os.c 0x00000000   Number         0  cmsis_os.o ABSOLUTE
    ..\Middlewares\Third_Party\FreeRTOS\Source\portable\RVDS\ARM_CM3\port.c 0x00000000   Number         0  port.o ABSOLUTE
    ..\Src\ch395.c                           0x00000000   Number         0  ch395.o ABSOLUTE
    ..\Src\ch395cmd.c                        0x00000000   Number         0  ch395cmd.o ABSOLUTE
    ..\Src\freertos.c                        0x00000000   Number         0  freertos.o ABSOLUTE
    ..\Src\gpio.c                            0x00000000   Number         0  gpio.o ABSOLUTE
    ..\Src\main.c                            0x00000000   Number         0  main.o ABSOLUTE
    ..\Src\spi.c                             0x00000000   Number         0  spi.o ABSOLUTE
    ..\Src\stm32f1xx_hal_msp.c               0x00000000   Number         0  stm32f1xx_hal_msp.o ABSOLUTE
    ..\Src\stm32f1xx_hal_timebase_tim.c      0x00000000   Number         0  stm32f1xx_hal_timebase_tim.o ABSOLUTE
    ..\Src\stm32f1xx_it.c                    0x00000000   Number         0  stm32f1xx_it.o ABSOLUTE
    ..\Src\system_stm32f1xx.c                0x00000000   Number         0  system_stm32f1xx.o ABSOLUTE
    ..\Src\usart.c                           0x00000000   Number         0  usart.o ABSOLUTE
    ..\\Src\\ch395.c                         0x00000000   Number         0  ch395.o ABSOLUTE
    ..\\Src\\ch395cmd.c                      0x00000000   Number         0  ch395cmd.o ABSOLUTE
    cdrcmple.s                               0x00000000   Number         0  cdrcmple.o ABSOLUTE
    dc.s                                     0x00000000   Number         0  dc.o ABSOLUTE
    handlers.s                               0x00000000   Number         0  handlers.o ABSOLUTE
    init.s                                   0x00000000   Number         0  init.o ABSOLUTE
    startup_stm32f103xe.s                    0x00000000   Number         0  startup_stm32f103xe.o ABSOLUTE
    RESET                                    0x08000000   Section      304  startup_stm32f103xe.o(RESET)
    .ARM.Collect$$$$00000000                 0x08000130   Section        0  entry.o(.ARM.Collect$$$$00000000)
    .ARM.Collect$$$$00000001                 0x08000130   Section        4  entry2.o(.ARM.Collect$$$$00000001)
    .ARM.Collect$$$$00000004                 0x08000134   Section        4  entry5.o(.ARM.Collect$$$$00000004)
    .ARM.Collect$$$$00000008                 0x08000138   Section        0  entry7b.o(.ARM.Collect$$$$00000008)
    .ARM.Collect$$$$0000000A                 0x08000138   Section        0  entry8b.o(.ARM.Collect$$$$0000000A)
    .ARM.Collect$$$$0000000B                 0x08000138   Section        8  entry9a.o(.ARM.Collect$$$$0000000B)
    .ARM.Collect$$$$0000000D                 0x08000140   Section        0  entry10a.o(.ARM.Collect$$$$0000000D)
    .ARM.Collect$$$$0000000F                 0x08000140   Section        0  entry11a.o(.ARM.Collect$$$$0000000F)
    .ARM.Collect$$$$00002712                 0x08000140   Section        4  entry2.o(.ARM.Collect$$$$00002712)
    __lit__00000000                          0x08000140   Data           4  entry2.o(.ARM.Collect$$$$00002712)
    .emb_text                                0x08000144   Section      150  port.o(.emb_text)
    .text                                    0x080001dc   Section       36  startup_stm32f103xe.o(.text)
    .text                                    0x08000200   Section        0  llushr.o(.text)
    .text                                    0x08000220   Section        0  memcpya.o(.text)
    .text                                    0x08000244   Section        0  memseta.o(.text)
    .text                                    0x08000268   Section        0  strlen.o(.text)
    .text                                    0x08000276   Section        0  uldiv.o(.text)
    .text                                    0x080002d8   Section       36  init.o(.text)
    .text                                    0x080002fc   Section        0  llshl.o(.text)
    i.BusFault_Handler                       0x0800031a   Section        0  stm32f1xx_it.o(i.BusFault_Handler)
    i.CH395_CS_High                          0x0800031c   Section        0  ch395.o(i.CH395_CS_High)
    i.CH395_CS_Low                           0x08000344   Section        0  ch395.o(i.CH395_CS_Low)
    i.DebugMon_Handler                       0x0800036c   Section        0  stm32f1xx_it.o(i.DebugMon_Handler)
    i.Error_Handler                          0x0800036e   Section        0  main.o(i.Error_Handler)
    i.HAL_DMA_Abort                          0x08000372   Section        0  stm32f1xx_hal_dma.o(i.HAL_DMA_Abort)
    i.HAL_DMA_Abort_IT                       0x080003b8   Section        0  stm32f1xx_hal_dma.o(i.HAL_DMA_Abort_IT)
    i.HAL_Delay                              0x080004e8   Section        0  stm32f1xx_hal.o(i.HAL_Delay)
    i.HAL_GPIO_Init                          0x0800050c   Section        0  stm32f1xx_hal_gpio.o(i.HAL_GPIO_Init)
    i.HAL_GPIO_WritePin                      0x08000704   Section        0  stm32f1xx_hal_gpio.o(i.HAL_GPIO_WritePin)
    i.HAL_GetTick                            0x08000710   Section        0  stm32f1xx_hal.o(i.HAL_GetTick)
    i.HAL_IncTick                            0x0800071c   Section        0  stm32f1xx_hal.o(i.HAL_IncTick)
    i.HAL_Init                               0x0800072c   Section        0  stm32f1xx_hal.o(i.HAL_Init)
    i.HAL_InitTick                           0x08000750   Section        0  stm32f1xx_hal_timebase_tim.o(i.HAL_InitTick)
    i.HAL_MspInit                            0x080007c4   Section        0  stm32f1xx_hal_msp.o(i.HAL_MspInit)
    i.HAL_NVIC_EnableIRQ                     0x0800080c   Section        0  stm32f1xx_hal_cortex.o(i.HAL_NVIC_EnableIRQ)
    i.HAL_NVIC_SetPriority                   0x08000828   Section        0  stm32f1xx_hal_cortex.o(i.HAL_NVIC_SetPriority)
    i.HAL_NVIC_SetPriorityGrouping           0x08000868   Section        0  stm32f1xx_hal_cortex.o(i.HAL_NVIC_SetPriorityGrouping)
    i.HAL_RCC_ClockConfig                    0x0800088c   Section        0  stm32f1xx_hal_rcc.o(i.HAL_RCC_ClockConfig)
    i.HAL_RCC_GetClockConfig                 0x080009b8   Section        0  stm32f1xx_hal_rcc.o(i.HAL_RCC_GetClockConfig)
    i.HAL_RCC_GetPCLK1Freq                   0x080009f8   Section        0  stm32f1xx_hal_rcc.o(i.HAL_RCC_GetPCLK1Freq)
    i.HAL_RCC_GetPCLK2Freq                   0x08000a18   Section        0  stm32f1xx_hal_rcc.o(i.HAL_RCC_GetPCLK2Freq)
    i.HAL_RCC_GetSysClockFreq                0x08000a38   Section        0  stm32f1xx_hal_rcc.o(i.HAL_RCC_GetSysClockFreq)
    i.HAL_RCC_OscConfig                      0x08000a84   Section        0  stm32f1xx_hal_rcc.o(i.HAL_RCC_OscConfig)
    i.HAL_SPI_Init                           0x08000da4   Section        0  stm32f1xx_hal_spi.o(i.HAL_SPI_Init)
    i.HAL_SPI_MspInit                        0x08000e58   Section        0  spi.o(i.HAL_SPI_MspInit)
    i.HAL_SPI_TransmitReceive                0x08000ec8   Section        0  stm32f1xx_hal_spi.o(i.HAL_SPI_TransmitReceive)
    i.HAL_TIMEx_BreakCallback                0x080010b8   Section        0  stm32f1xx_hal_tim_ex.o(i.HAL_TIMEx_BreakCallback)
    i.HAL_TIMEx_CommutCallback               0x080010ba   Section        0  stm32f1xx_hal_tim_ex.o(i.HAL_TIMEx_CommutCallback)
    i.HAL_TIM_Base_Init                      0x080010bc   Section        0  stm32f1xx_hal_tim.o(i.HAL_TIM_Base_Init)
    i.HAL_TIM_Base_MspInit                   0x08001116   Section        0  stm32f1xx_hal_tim.o(i.HAL_TIM_Base_MspInit)
    i.HAL_TIM_Base_Start_IT                  0x08001118   Section        0  stm32f1xx_hal_tim.o(i.HAL_TIM_Base_Start_IT)
    i.HAL_TIM_IC_CaptureCallback             0x08001184   Section        0  stm32f1xx_hal_tim.o(i.HAL_TIM_IC_CaptureCallback)
    i.HAL_TIM_IRQHandler                     0x08001186   Section        0  stm32f1xx_hal_tim.o(i.HAL_TIM_IRQHandler)
    i.HAL_TIM_OC_DelayElapsedCallback        0x080012b6   Section        0  stm32f1xx_hal_tim.o(i.HAL_TIM_OC_DelayElapsedCallback)
    i.HAL_TIM_PWM_PulseFinishedCallback      0x080012b8   Section        0  stm32f1xx_hal_tim.o(i.HAL_TIM_PWM_PulseFinishedCallback)
    i.HAL_TIM_PeriodElapsedCallback          0x080012bc   Section        0  main.o(i.HAL_TIM_PeriodElapsedCallback)
    i.HAL_TIM_TriggerCallback                0x080012d0   Section        0  stm32f1xx_hal_tim.o(i.HAL_TIM_TriggerCallback)
    i.HAL_UARTEx_RxEventCallback             0x080012d2   Section        0  stm32f1xx_hal_uart.o(i.HAL_UARTEx_RxEventCallback)
    i.HAL_UART_ErrorCallback                 0x080012d4   Section        0  stm32f1xx_hal_uart.o(i.HAL_UART_ErrorCallback)
    i.HAL_UART_IRQHandler                    0x080012d8   Section        0  stm32f1xx_hal_uart.o(i.HAL_UART_IRQHandler)
    i.HAL_UART_Init                          0x08001544   Section        0  stm32f1xx_hal_uart.o(i.HAL_UART_Init)
    i.HAL_UART_MspInit                       0x080015a8   Section        0  usart.o(i.HAL_UART_MspInit)
    i.HAL_UART_Receive_IT                    0x08001678   Section        0  stm32f1xx_hal_uart.o(i.HAL_UART_Receive_IT)
    i.HAL_UART_RxCpltCallback                0x08001694   Section        0  main.o(i.HAL_UART_RxCpltCallback)
    i.HAL_UART_Transmit                      0x080016d8   Section        0  stm32f1xx_hal_uart.o(i.HAL_UART_Transmit)
    i.HAL_UART_TxCpltCallback                0x08001778   Section        0  stm32f1xx_hal_uart.o(i.HAL_UART_TxCpltCallback)
    i.HardFault_Handler                      0x0800177a   Section        0  stm32f1xx_it.o(i.HardFault_Handler)
    i.MX_FREERTOS_Init                       0x0800177c   Section        0  freertos.o(i.MX_FREERTOS_Init)
    i.MX_GPIO_Init                           0x08001810   Section        0  gpio.o(i.MX_GPIO_Init)
    i.MX_SPI1_Init                           0x0800191c   Section        0  spi.o(i.MX_SPI1_Init)
    i.MX_USART1_UART_Init                    0x08001964   Section        0  usart.o(i.MX_USART1_UART_Init)
    i.MX_USART3_UART_Init                    0x0800199c   Section        0  usart.o(i.MX_USART3_UART_Init)
    i.MemManage_Handler                      0x080019d4   Section        0  stm32f1xx_it.o(i.MemManage_Handler)
    i.NMI_Handler                            0x080019d6   Section        0  stm32f1xx_it.o(i.NMI_Handler)
    i.SPI_EndRxTxTransaction                 0x080019d8   Section        0  stm32f1xx_hal_spi.o(i.SPI_EndRxTxTransaction)
    SPI_EndRxTxTransaction                   0x080019d9   Thumb Code    52  stm32f1xx_hal_spi.o(i.SPI_EndRxTxTransaction)
    i.SPI_WaitFlagStateUntilTimeout          0x08001a0c   Section        0  stm32f1xx_hal_spi.o(i.SPI_WaitFlagStateUntilTimeout)
    SPI_WaitFlagStateUntilTimeout            0x08001a0d   Thumb Code   180  stm32f1xx_hal_spi.o(i.SPI_WaitFlagStateUntilTimeout)
    i.Spi395Exchange                         0x08001ac4   Section        0  ch395.o(i.Spi395Exchange)
    i.StartDefaultTask                       0x08001ae8   Section        0  freertos.o(i.StartDefaultTask)
    i.StartTask_MQTT                         0x08001af0   Section        0  freertos.o(i.StartTask_MQTT)
    i.StartTask_Modbus                       0x08001cbc   Section        0  freertos.o(i.StartTask_Modbus)
    i.StartWebTask                           0x08001cc4   Section        0  freertos.o(i.StartWebTask)
    i.SysTick_Handler                        0x08001eac   Section        0  port.o(i.SysTick_Handler)
    i.SystemClock_Config                     0x08001ed8   Section        0  main.o(i.SystemClock_Config)
    i.SystemInit                             0x08001f36   Section        0  system_stm32f1xx.o(i.SystemInit)
    i.TIM1_UP_IRQHandler                     0x08001f38   Section        0  stm32f1xx_it.o(i.TIM1_UP_IRQHandler)
    i.TIM_Base_SetConfig                     0x08001f44   Section        0  stm32f1xx_hal_tim.o(i.TIM_Base_SetConfig)
    i.UART_DMAAbortOnError                   0x08001fe0   Section        0  stm32f1xx_hal_uart.o(i.UART_DMAAbortOnError)
    UART_DMAAbortOnError                     0x08001fe1   Thumb Code    16  stm32f1xx_hal_uart.o(i.UART_DMAAbortOnError)
    i.UART_EndRxTransfer                     0x08001ff0   Section        0  stm32f1xx_hal_uart.o(i.UART_EndRxTransfer)
    UART_EndRxTransfer                       0x08001ff1   Thumb Code    78  stm32f1xx_hal_uart.o(i.UART_EndRxTransfer)
    i.UART_Receive_IT                        0x0800203e   Section        0  stm32f1xx_hal_uart.o(i.UART_Receive_IT)
    UART_Receive_IT                          0x0800203f   Thumb Code   194  stm32f1xx_hal_uart.o(i.UART_Receive_IT)
    i.UART_SetConfig                         0x08002100   Section        0  stm32f1xx_hal_uart.o(i.UART_SetConfig)
    UART_SetConfig                           0x08002101   Thumb Code   178  stm32f1xx_hal_uart.o(i.UART_SetConfig)
    i.UART_Start_Receive_IT                  0x080021b8   Section        0  stm32f1xx_hal_uart.o(i.UART_Start_Receive_IT)
    i.UART_WaitOnFlagUntilTimeout            0x080021ee   Section        0  stm32f1xx_hal_uart.o(i.UART_WaitOnFlagUntilTimeout)
    UART_WaitOnFlagUntilTimeout              0x080021ef   Thumb Code   114  stm32f1xx_hal_uart.o(i.UART_WaitOnFlagUntilTimeout)
    i.USART3_IRQHandler                      0x08002260   Section        0  stm32f1xx_it.o(i.USART3_IRQHandler)
    i.UsageFault_Handler                     0x0800226c   Section        0  stm32f1xx_it.o(i.UsageFault_Handler)
    i.__0printf$8                            0x08002270   Section        0  printf8.o(i.__0printf$8)
    i.__0sprintf$8                           0x08002290   Section        0  printf8.o(i.__0sprintf$8)
    i.__NVIC_SetPriority                     0x080022b8   Section        0  stm32f1xx_hal_cortex.o(i.__NVIC_SetPriority)
    __NVIC_SetPriority                       0x080022b9   Thumb Code    32  stm32f1xx_hal_cortex.o(i.__NVIC_SetPriority)
    i.__scatterload_copy                     0x080022d8   Section       14  handlers.o(i.__scatterload_copy)
    i.__scatterload_null                     0x080022e6   Section        2  handlers.o(i.__scatterload_null)
    i.__scatterload_zeroinit                 0x080022e8   Section       14  handlers.o(i.__scatterload_zeroinit)
    i._printf_core                           0x080022f8   Section        0  printf8.o(i._printf_core)
    _printf_core                             0x080022f9   Thumb Code   996  printf8.o(i._printf_core)
    i._printf_post_padding                   0x08002708   Section        0  printf8.o(i._printf_post_padding)
    _printf_post_padding                     0x08002709   Thumb Code    36  printf8.o(i._printf_post_padding)
    i._printf_pre_padding                    0x0800272c   Section        0  printf8.o(i._printf_pre_padding)
    _printf_pre_padding                      0x0800272d   Thumb Code    46  printf8.o(i._printf_pre_padding)
    i._sputc                                 0x0800275a   Section        0  printf8.o(i._sputc)
    _sputc                                   0x0800275b   Thumb Code    10  printf8.o(i._sputc)
    i.ch395_close_socket                     0x08002764   Section        0  ch395cmd.o(i.ch395_close_socket)
    i.ch395_cmd_get_phy_status               0x08002796   Section        0  ch395cmd.o(i.ch395_cmd_get_phy_status)
    i.ch395_cmd_get_socket_status            0x080027ac   Section        0  ch395cmd.o(i.ch395_cmd_get_socket_status)
    i.ch395_cmd_init                         0x080027d2   Section        0  ch395cmd.o(i.ch395_cmd_init)
    i.ch395_cmd_set_ipaddr                   0x080027fc   Section        0  ch395cmd.o(i.ch395_cmd_set_ipaddr)
    i.ch395_cmd_set_macaddr                  0x08002820   Section        0  ch395cmd.o(i.ch395_cmd_set_macaddr)
    i.ch395_enable_ping                      0x0800284a   Section        0  ch395cmd.o(i.ch395_enable_ping)
    i.ch395_get_cmd_status                   0x08002862   Section        0  ch395cmd.o(i.ch395_get_cmd_status)
    i.ch395_get_recv_data                    0x08002878   Section        0  ch395cmd.o(i.ch395_get_recv_data)
    i.ch395_get_recv_length                  0x080028ba   Section        0  ch395cmd.o(i.ch395_get_recv_length)
    i.ch395_get_socket_int                   0x080028e2   Section        0  ch395cmd.o(i.ch395_get_socket_int)
    i.ch395_open_socket                      0x08002900   Section        0  ch395cmd.o(i.ch395_open_socket)
    i.ch395_send_data                        0x08002932   Section        0  ch395cmd.o(i.ch395_send_data)
    i.ch395_set_socket_locport               0x0800296e   Section        0  freertos.o(i.ch395_set_socket_locport)
    i.ch395_set_socket_prot_type             0x08002994   Section        0  ch395cmd.o(i.ch395_set_socket_prot_type)
    i.ch395_tcp_listen                       0x080029b4   Section        0  ch395cmd.o(i.ch395_tcp_listen)
    i.fputc                                  0x080029e8   Section        0  main.o(i.fputc)
    i.inHandlerMode                          0x08002a00   Section        0  cmsis_os.o(i.inHandlerMode)
    inHandlerMode                            0x08002a01   Thumb Code    12  cmsis_os.o(i.inHandlerMode)
    i.main                                   0x08002a0c   Section        0  main.o(i.main)
    i.makeFreeRtosPriority                   0x08002adc   Section        0  cmsis_os.o(i.makeFreeRtosPriority)
    makeFreeRtosPriority                     0x08002add   Thumb Code    12  cmsis_os.o(i.makeFreeRtosPriority)
    i.osDelay                                0x08002ae8   Section        0  cmsis_os.o(i.osDelay)
    i.osKernelStart                          0x08002af6   Section        0  cmsis_os.o(i.osKernelStart)
    i.osMessageCreate                        0x08002b00   Section        0  cmsis_os.o(i.osMessageCreate)
    i.osMutexCreate                          0x08002b26   Section        0  cmsis_os.o(i.osMutexCreate)
    i.osMutexRelease                         0x08002b38   Section        0  cmsis_os.o(i.osMutexRelease)
    i.osMutexWait                            0x08002b88   Section        0  cmsis_os.o(i.osMutexWait)
    i.osThreadCreate                         0x08002bec   Section        0  cmsis_os.o(i.osThreadCreate)
    i.prvAddCurrentTaskToDelayedList         0x08002c40   Section        0  tasks.o(i.prvAddCurrentTaskToDelayedList)
    prvAddCurrentTaskToDelayedList           0x08002c41   Thumb Code   102  tasks.o(i.prvAddCurrentTaskToDelayedList)
    i.prvAddNewTaskToReadyList               0x08002cb0   Section        0  tasks.o(i.prvAddNewTaskToReadyList)
    prvAddNewTaskToReadyList                 0x08002cb1   Thumb Code   194  tasks.o(i.prvAddNewTaskToReadyList)
    i.prvCopyDataFromQueue                   0x08002d80   Section        0  queue.o(i.prvCopyDataFromQueue)
    prvCopyDataFromQueue                     0x08002d81   Thumb Code    38  queue.o(i.prvCopyDataFromQueue)
    i.prvCopyDataToQueue                     0x08002da6   Section        0  queue.o(i.prvCopyDataToQueue)
    prvCopyDataToQueue                       0x08002da7   Thumb Code   108  queue.o(i.prvCopyDataToQueue)
    i.prvDeleteTCB                           0x08002e12   Section        0  tasks.o(i.prvDeleteTCB)
    prvDeleteTCB                             0x08002e13   Thumb Code    52  tasks.o(i.prvDeleteTCB)
    i.prvHeapInit                            0x08002e48   Section        0  heap_4.o(i.prvHeapInit)
    prvHeapInit                              0x08002e49   Thumb Code    66  heap_4.o(i.prvHeapInit)
    i.prvIdleTask                            0x08002e94   Section        0  tasks.o(i.prvIdleTask)
    prvIdleTask                              0x08002e95   Thumb Code    82  tasks.o(i.prvIdleTask)
    i.prvInitialiseMutex                     0x08002ef4   Section        0  queue.o(i.prvInitialiseMutex)
    prvInitialiseMutex                       0x08002ef5   Thumb Code    22  queue.o(i.prvInitialiseMutex)
    i.prvInitialiseNewQueue                  0x08002f0a   Section        0  queue.o(i.prvInitialiseNewQueue)
    prvInitialiseNewQueue                    0x08002f0b   Thumb Code    22  queue.o(i.prvInitialiseNewQueue)
    i.prvInitialiseNewTask                   0x08002f20   Section        0  tasks.o(i.prvInitialiseNewTask)
    prvInitialiseNewTask                     0x08002f21   Thumb Code   152  tasks.o(i.prvInitialiseNewTask)
    i.prvInsertBlockIntoFreeList             0x08002fb8   Section        0  heap_4.o(i.prvInsertBlockIntoFreeList)
    prvInsertBlockIntoFreeList               0x08002fb9   Thumb Code    72  heap_4.o(i.prvInsertBlockIntoFreeList)
    i.prvIsQueueEmpty                        0x08003004   Section        0  queue.o(i.prvIsQueueEmpty)
    prvIsQueueEmpty                          0x08003005   Thumb Code    28  queue.o(i.prvIsQueueEmpty)
    i.prvResetNextTaskUnblockTime            0x08003020   Section        0  tasks.o(i.prvResetNextTaskUnblockTime)
    prvResetNextTaskUnblockTime              0x08003021   Thumb Code    26  tasks.o(i.prvResetNextTaskUnblockTime)
    i.prvTaskExitError                       0x08003040   Section        0  port.o(i.prvTaskExitError)
    prvTaskExitError                         0x08003041   Thumb Code    36  port.o(i.prvTaskExitError)
    i.prvUnlockQueue                         0x08003068   Section        0  queue.o(i.prvUnlockQueue)
    prvUnlockQueue                           0x08003069   Thumb Code   106  queue.o(i.prvUnlockQueue)
    i.pvPortMalloc                           0x080030d4   Section        0  heap_4.o(i.pvPortMalloc)
    i.pvTaskIncrementMutexHeldCount          0x080031b0   Section        0  tasks.o(i.pvTaskIncrementMutexHeldCount)
    i.pxPortInitialiseStack                  0x080031c8   Section        0  port.o(i.pxPortInitialiseStack)
    i.uxListRemove                           0x080031ec   Section        0  list.o(i.uxListRemove)
    i.vApplicationGetIdleTaskMemory          0x08003214   Section        0  freertos.o(i.vApplicationGetIdleTaskMemory)
    i.vListInitialise                        0x08003228   Section        0  list.o(i.vListInitialise)
    i.vListInitialiseItem                    0x0800323e   Section        0  list.o(i.vListInitialiseItem)
    i.vListInsert                            0x08003244   Section        0  list.o(i.vListInsert)
    i.vListInsertEnd                         0x08003274   Section        0  list.o(i.vListInsertEnd)
    i.vPortEnterCritical                     0x0800328c   Section        0  port.o(i.vPortEnterCritical)
    i.vPortExitCritical                      0x080032cc   Section        0  port.o(i.vPortExitCritical)
    i.vPortFree                              0x080032f4   Section        0  heap_4.o(i.vPortFree)
    i.vPortSetupTimerInterrupt               0x08003358   Section        0  port.o(i.vPortSetupTimerInterrupt)
    i.vPortValidateInterruptPriority         0x0800337c   Section        0  port.o(i.vPortValidateInterruptPriority)
    i.vTaskDelay                             0x080033d0   Section        0  tasks.o(i.vTaskDelay)
    i.vTaskInternalSetTimeOutState           0x0800341c   Section        0  tasks.o(i.vTaskInternalSetTimeOutState)
    i.vTaskMissedYield                       0x0800342c   Section        0  tasks.o(i.vTaskMissedYield)
    i.vTaskPlaceOnEventList                  0x08003438   Section        0  tasks.o(i.vTaskPlaceOnEventList)
    i.vTaskPriorityDisinheritAfterTimeout    0x08003468   Section        0  tasks.o(i.vTaskPriorityDisinheritAfterTimeout)
    i.vTaskStartScheduler                    0x08003508   Section        0  tasks.o(i.vTaskStartScheduler)
    i.vTaskSuspend                           0x08003574   Section        0  tasks.o(i.vTaskSuspend)
    i.vTaskSuspendAll                        0x08003630   Section        0  tasks.o(i.vTaskSuspendAll)
    i.vTaskSwitchContext                     0x08003640   Section        0  tasks.o(i.vTaskSwitchContext)
    i.xPortStartScheduler                    0x0800369c   Section        0  port.o(i.xPortStartScheduler)
    i.xQueueCreateMutex                      0x08003744   Section        0  queue.o(i.xQueueCreateMutex)
    i.xQueueCreateMutexStatic                0x0800375a   Section        0  queue.o(i.xQueueCreateMutexStatic)
    i.xQueueGenericCreate                    0x08003774   Section        0  queue.o(i.xQueueGenericCreate)
    i.xQueueGenericCreateStatic              0x080037b6   Section        0  queue.o(i.xQueueGenericCreateStatic)
    i.xQueueGenericReset                     0x0800381c   Section        0  queue.o(i.xQueueGenericReset)
    i.xQueueGenericSend                      0x080038a4   Section        0  queue.o(i.xQueueGenericSend)
    i.xQueueGiveFromISR                      0x08003a04   Section        0  queue.o(i.xQueueGiveFromISR)
    i.xQueueReceiveFromISR                   0x08003aa0   Section        0  queue.o(i.xQueueReceiveFromISR)
    i.xQueueSemaphoreTake                    0x08003b3c   Section        0  queue.o(i.xQueueSemaphoreTake)
    i.xReadCH395Data                         0x08003cb4   Section        0  ch395.o(i.xReadCH395Data)
    i.xTaskCheckForTimeOut                   0x08003cbc   Section        0  tasks.o(i.xTaskCheckForTimeOut)
    i.xTaskCreate                            0x08003d30   Section        0  tasks.o(i.xTaskCreate)
    i.xTaskCreateStatic                      0x08003d8a   Section        0  tasks.o(i.xTaskCreateStatic)
    i.xTaskGetSchedulerState                 0x08003de0   Section        0  tasks.o(i.xTaskGetSchedulerState)
    i.xTaskIncrementTick                     0x08003dfc   Section        0  tasks.o(i.xTaskIncrementTick)
    i.xTaskPriorityDisinherit                0x08003ec8   Section        0  tasks.o(i.xTaskPriorityDisinherit)
    i.xTaskPriorityInherit                   0x08003f60   Section        0  tasks.o(i.xTaskPriorityInherit)
    i.xTaskRemoveFromEventList               0x08003fec   Section        0  tasks.o(i.xTaskRemoveFromEventList)
    i.xTaskResumeAll                         0x08004060   Section        0  tasks.o(i.xTaskResumeAll)
    i.xWriteCH395Cmd                         0x08004124   Section        0  ch395.o(i.xWriteCH395Cmd)
    i.xWriteCH395Data                        0x0800413a   Section        0  ch395.o(i.xWriteCH395Data)
    .constdata                               0x08004140   Section      128  freertos.o(.constdata)
    .constdata                               0x080041c0   Section       18  stm32f1xx_hal_rcc.o(.constdata)
    aPredivFactorTable                       0x080041c0   Data           2  stm32f1xx_hal_rcc.o(.constdata)
    aPLLMULFactorTable                       0x080041c2   Data          16  stm32f1xx_hal_rcc.o(.constdata)
    .constdata                               0x080041d2   Section       16  system_stm32f1xx.o(.constdata)
    .constdata                               0x080041e2   Section        8  system_stm32f1xx.o(.constdata)
    .conststring                             0x080041ec   Section      392  freertos.o(.conststring)
    .data                                    0x20000000   Section        4  main.o(.data)
    .data                                    0x20000004   Section       50  main.o(.data)
    .data                                    0x20000038   Section        4  main.o(.data)
    .data                                    0x2000003c   Section       28  freertos.o(.data)
    last_status                              0x2000003c   Data           1  freertos.o(.data)
    .data                                    0x20000058   Section       12  stm32f1xx_hal.o(.data)
    .data                                    0x20000064   Section        4  system_stm32f1xx.o(.data)
    .data                                    0x20000068   Section       60  tasks.o(.data)
    uxDeletedTasksWaitingCleanUp             0x2000006c   Data           4  tasks.o(.data)
    uxCurrentNumberOfTasks                   0x20000070   Data           4  tasks.o(.data)
    xTickCount                               0x20000074   Data           4  tasks.o(.data)
    uxTopReadyPriority                       0x20000078   Data           4  tasks.o(.data)
    xSchedulerRunning                        0x2000007c   Data           4  tasks.o(.data)
    xPendedTicks                             0x20000080   Data           4  tasks.o(.data)
    xYieldPending                            0x20000084   Data           4  tasks.o(.data)
    xNumOfOverflows                          0x20000088   Data           4  tasks.o(.data)
    uxTaskNumber                             0x2000008c   Data           4  tasks.o(.data)
    xNextTaskUnblockTime                     0x20000090   Data           4  tasks.o(.data)
    xIdleTaskHandle                          0x20000094   Data           4  tasks.o(.data)
    uxSchedulerSuspended                     0x20000098   Data           4  tasks.o(.data)
    pxDelayedTaskList                        0x2000009c   Data           4  tasks.o(.data)
    pxOverflowDelayedTaskList                0x200000a0   Data           4  tasks.o(.data)
    .data                                    0x200000a4   Section       32  heap_4.o(.data)
    pxEnd                                    0x200000a4   Data           4  heap_4.o(.data)
    xFreeBytesRemaining                      0x200000a8   Data           4  heap_4.o(.data)
    xMinimumEverFreeBytesRemaining           0x200000ac   Data           4  heap_4.o(.data)
    xNumberOfSuccessfulAllocations           0x200000b0   Data           4  heap_4.o(.data)
    xNumberOfSuccessfulFrees                 0x200000b4   Data           4  heap_4.o(.data)
    xBlockAllocatedBit                       0x200000b8   Data           4  heap_4.o(.data)
    xStart                                   0x200000bc   Data           8  heap_4.o(.data)
    .data                                    0x200000c4   Section       12  port.o(.data)
    ucMaxSysCallPriority                     0x200000c4   Data           1  port.o(.data)
    uxCriticalNesting                        0x200000c8   Data           4  port.o(.data)
    ulMaxPRIGROUPValue                       0x200000cc   Data           4  port.o(.data)
    .data                                    0x200000d0   Section        4  stdout.o(.data)
    .bss                                     0x200000d4   Section      128  main.o(.bss)
    .bss                                     0x20000154   Section      596  freertos.o(.bss)
    xIdleTaskTCBBuffer                       0x20000154   Data          84  freertos.o(.bss)
    xIdleStack                               0x200001a8   Data         512  freertos.o(.bss)
    .bss                                     0x200003a8   Section       88  spi.o(.bss)
    .bss                                     0x20000400   Section      144  usart.o(.bss)
    .bss                                     0x20000490   Section       72  stm32f1xx_hal_timebase_tim.o(.bss)
    .bss                                     0x200004d8   Section      240  tasks.o(.bss)
    pxReadyTasksLists                        0x200004d8   Data         140  tasks.o(.bss)
    xDelayedTaskList1                        0x20000564   Data          20  tasks.o(.bss)
    xDelayedTaskList2                        0x20000578   Data          20  tasks.o(.bss)
    xPendingReadyList                        0x2000058c   Data          20  tasks.o(.bss)
    xTasksWaitingTermination                 0x200005a0   Data          20  tasks.o(.bss)
    xSuspendedTaskList                       0x200005b4   Data          20  tasks.o(.bss)
    .bss                                     0x200005c8   Section    25600  heap_4.o(.bss)
    ucHeap                                   0x200005c8   Data       25600  heap_4.o(.bss)
    STACK                                    0x200069c8   Section     1024  startup_stm32f103xe.o(STACK)

    Global Symbols

    Symbol Name                              Value     Ov Type        Size  Object(Section)

    BuildAttributes$$THM_ISAv4$P$D$K$B$S$PE$A:L22UL41UL21$X:L11$S22US41US21$IEEE1$IW$USESV6$~STKCKD$USESV7$~SHL$OSPACE$ROPI$EBA8$MICROLIB$REQ8$PRES8$EABIv2 0x00000000   Number         0  anon$$obj.o ABSOLUTE
    __ARM_use_no_argv                        0x00000000   Number         0  main.o ABSOLUTE
    _printf_a                                0x00000000   Number         0  stubs.o ABSOLUTE
    _printf_c                                0x00000000   Number         0  stubs.o ABSOLUTE
    _printf_charcount                        0x00000000   Number         0  stubs.o ABSOLUTE
    _printf_d                                0x00000000   Number         0  stubs.o ABSOLUTE
    _printf_e                                0x00000000   Number         0  stubs.o ABSOLUTE
    _printf_f                                0x00000000   Number         0  stubs.o ABSOLUTE
    _printf_flags                            0x00000000   Number         0  stubs.o ABSOLUTE
    _printf_fp_dec                           0x00000000   Number         0  stubs.o ABSOLUTE
    _printf_fp_hex                           0x00000000   Number         0  stubs.o ABSOLUTE
    _printf_g                                0x00000000   Number         0  stubs.o ABSOLUTE
    _printf_i                                0x00000000   Number         0  stubs.o ABSOLUTE
    _printf_int_dec                          0x00000000   Number         0  stubs.o ABSOLUTE
    _printf_l                                0x00000000   Number         0  stubs.o ABSOLUTE
    _printf_lc                               0x00000000   Number         0  stubs.o ABSOLUTE
    _printf_ll                               0x00000000   Number         0  stubs.o ABSOLUTE
    _printf_lld                              0x00000000   Number         0  stubs.o ABSOLUTE
    _printf_lli                              0x00000000   Number         0  stubs.o ABSOLUTE
    _printf_llo                              0x00000000   Number         0  stubs.o ABSOLUTE
    _printf_llu                              0x00000000   Number         0  stubs.o ABSOLUTE
    _printf_llx                              0x00000000   Number         0  stubs.o ABSOLUTE
    _printf_longlong_dec                     0x00000000   Number         0  stubs.o ABSOLUTE
    _printf_longlong_hex                     0x00000000   Number         0  stubs.o ABSOLUTE
    _printf_longlong_oct                     0x00000000   Number         0  stubs.o ABSOLUTE
    _printf_ls                               0x00000000   Number         0  stubs.o ABSOLUTE
    _printf_mbtowc                           0x00000000   Number         0  stubs.o ABSOLUTE
    _printf_n                                0x00000000   Number         0  stubs.o ABSOLUTE
    _printf_o                                0x00000000   Number         0  stubs.o ABSOLUTE
    _printf_p                                0x00000000   Number         0  stubs.o ABSOLUTE
    _printf_percent                          0x00000000   Number         0  stubs.o ABSOLUTE
    _printf_pre_padding                      0x00000000   Number         0  stubs.o ABSOLUTE
    _printf_return_value                     0x00000000   Number         0  stubs.o ABSOLUTE
    _printf_s                                0x00000000   Number         0  stubs.o ABSOLUTE
    _printf_sizespec                         0x00000000   Number         0  stubs.o ABSOLUTE
    _printf_str                              0x00000000   Number         0  stubs.o ABSOLUTE
    _printf_truncate_signed                  0x00000000   Number         0  stubs.o ABSOLUTE
    _printf_truncate_unsigned                0x00000000   Number         0  stubs.o ABSOLUTE
    _printf_u                                0x00000000   Number         0  stubs.o ABSOLUTE
    _printf_wc                               0x00000000   Number         0  stubs.o ABSOLUTE
    _printf_wctomb                           0x00000000   Number         0  stubs.o ABSOLUTE
    _printf_widthprec                        0x00000000   Number         0  stubs.o ABSOLUTE
    _printf_x                                0x00000000   Number         0  stubs.o ABSOLUTE
    __cpp_initialize__aeabi_                  - Undefined Weak Reference
    __cxa_finalize                            - Undefined Weak Reference
    __decompress                              - Undefined Weak Reference
    _clock_init                               - Undefined Weak Reference
    _microlib_exit                            - Undefined Weak Reference
    _scanf_longlong                           - Undefined Weak Reference
    _scanf_real                               - Undefined Weak Reference
    __Vectors_Size                           0x00000130   Number         0  startup_stm32f103xe.o ABSOLUTE
    __Vectors                                0x08000000   Data           4  startup_stm32f103xe.o(RESET)
    __Vectors_End                            0x08000130   Data           0  startup_stm32f103xe.o(RESET)
    __main                                   0x08000131   Thumb Code     0  entry.o(.ARM.Collect$$$$00000000)
    _main_stk                                0x08000131   Thumb Code     0  entry2.o(.ARM.Collect$$$$00000001)
    _main_scatterload                        0x08000135   Thumb Code     0  entry5.o(.ARM.Collect$$$$00000004)
    __main_after_scatterload                 0x08000139   Thumb Code     0  entry5.o(.ARM.Collect$$$$00000004)
    _main_clock                              0x08000139   Thumb Code     0  entry7b.o(.ARM.Collect$$$$00000008)
    _main_cpp_init                           0x08000139   Thumb Code     0  entry8b.o(.ARM.Collect$$$$0000000A)
    _main_init                               0x08000139   Thumb Code     0  entry9a.o(.ARM.Collect$$$$0000000B)
    __rt_final_cpp                           0x08000141   Thumb Code     0  entry10a.o(.ARM.Collect$$$$0000000D)
    __rt_final_exit                          0x08000141   Thumb Code     0  entry11a.o(.ARM.Collect$$$$0000000F)
    SVC_Handler                              0x08000145   Thumb Code    32  port.o(.emb_text)
    __asm___6_port_c_39a90d8d__prvStartFirstTask 0x08000169   Thumb Code    28  port.o(.emb_text)
    PendSV_Handler                           0x08000189   Thumb Code    72  port.o(.emb_text)
    vPortGetIPSR                             0x080001d5   Thumb Code     6  port.o(.emb_text)
    Reset_Handler                            0x080001dd   Thumb Code     8  startup_stm32f103xe.o(.text)
    ADC1_2_IRQHandler                        0x080001f7   Thumb Code     0  startup_stm32f103xe.o(.text)
    ADC3_IRQHandler                          0x080001f7   Thumb Code     0  startup_stm32f103xe.o(.text)
    CAN1_RX1_IRQHandler                      0x080001f7   Thumb Code     0  startup_stm32f103xe.o(.text)
    CAN1_SCE_IRQHandler                      0x080001f7   Thumb Code     0  startup_stm32f103xe.o(.text)
    DMA1_Channel1_IRQHandler                 0x080001f7   Thumb Code     0  startup_stm32f103xe.o(.text)
    DMA1_Channel2_IRQHandler                 0x080001f7   Thumb Code     0  startup_stm32f103xe.o(.text)
    DMA1_Channel3_IRQHandler                 0x080001f7   Thumb Code     0  startup_stm32f103xe.o(.text)
    DMA1_Channel4_IRQHandler                 0x080001f7   Thumb Code     0  startup_stm32f103xe.o(.text)
    DMA1_Channel5_IRQHandler                 0x080001f7   Thumb Code     0  startup_stm32f103xe.o(.text)
    DMA1_Channel6_IRQHandler                 0x080001f7   Thumb Code     0  startup_stm32f103xe.o(.text)
    DMA1_Channel7_IRQHandler                 0x080001f7   Thumb Code     0  startup_stm32f103xe.o(.text)
    DMA2_Channel1_IRQHandler                 0x080001f7   Thumb Code     0  startup_stm32f103xe.o(.text)
    DMA2_Channel2_IRQHandler                 0x080001f7   Thumb Code     0  startup_stm32f103xe.o(.text)
    DMA2_Channel3_IRQHandler                 0x080001f7   Thumb Code     0  startup_stm32f103xe.o(.text)
    DMA2_Channel4_5_IRQHandler               0x080001f7   Thumb Code     0  startup_stm32f103xe.o(.text)
    EXTI0_IRQHandler                         0x080001f7   Thumb Code     0  startup_stm32f103xe.o(.text)
    EXTI15_10_IRQHandler                     0x080001f7   Thumb Code     0  startup_stm32f103xe.o(.text)
    EXTI1_IRQHandler                         0x080001f7   Thumb Code     0  startup_stm32f103xe.o(.text)
    EXTI2_IRQHandler                         0x080001f7   Thumb Code     0  startup_stm32f103xe.o(.text)
    EXTI3_IRQHandler                         0x080001f7   Thumb Code     0  startup_stm32f103xe.o(.text)
    EXTI4_IRQHandler                         0x080001f7   Thumb Code     0  startup_stm32f103xe.o(.text)
    EXTI9_5_IRQHandler                       0x080001f7   Thumb Code     0  startup_stm32f103xe.o(.text)
    FLASH_IRQHandler                         0x080001f7   Thumb Code     0  startup_stm32f103xe.o(.text)
    FSMC_IRQHandler                          0x080001f7   Thumb Code     0  startup_stm32f103xe.o(.text)
    I2C1_ER_IRQHandler                       0x080001f7   Thumb Code     0  startup_stm32f103xe.o(.text)
    I2C1_EV_IRQHandler                       0x080001f7   Thumb Code     0  startup_stm32f103xe.o(.text)
    I2C2_ER_IRQHandler                       0x080001f7   Thumb Code     0  startup_stm32f103xe.o(.text)
    I2C2_EV_IRQHandler                       0x080001f7   Thumb Code     0  startup_stm32f103xe.o(.text)
    PVD_IRQHandler                           0x080001f7   Thumb Code     0  startup_stm32f103xe.o(.text)
    RCC_IRQHandler                           0x080001f7   Thumb Code     0  startup_stm32f103xe.o(.text)
    RTC_Alarm_IRQHandler                     0x080001f7   Thumb Code     0  startup_stm32f103xe.o(.text)
    RTC_IRQHandler                           0x080001f7   Thumb Code     0  startup_stm32f103xe.o(.text)
    SDIO_IRQHandler                          0x080001f7   Thumb Code     0  startup_stm32f103xe.o(.text)
    SPI1_IRQHandler                          0x080001f7   Thumb Code     0  startup_stm32f103xe.o(.text)
    SPI2_IRQHandler                          0x080001f7   Thumb Code     0  startup_stm32f103xe.o(.text)
    SPI3_IRQHandler                          0x080001f7   Thumb Code     0  startup_stm32f103xe.o(.text)
    TAMPER_IRQHandler                        0x080001f7   Thumb Code     0  startup_stm32f103xe.o(.text)
    TIM1_BRK_IRQHandler                      0x080001f7   Thumb Code     0  startup_stm32f103xe.o(.text)
    TIM1_CC_IRQHandler                       0x080001f7   Thumb Code     0  startup_stm32f103xe.o(.text)
    TIM1_TRG_COM_IRQHandler                  0x080001f7   Thumb Code     0  startup_stm32f103xe.o(.text)
    TIM2_IRQHandler                          0x080001f7   Thumb Code     0  startup_stm32f103xe.o(.text)
    TIM3_IRQHandler                          0x080001f7   Thumb Code     0  startup_stm32f103xe.o(.text)
    TIM4_IRQHandler                          0x080001f7   Thumb Code     0  startup_stm32f103xe.o(.text)
    TIM5_IRQHandler                          0x080001f7   Thumb Code     0  startup_stm32f103xe.o(.text)
    TIM6_IRQHandler                          0x080001f7   Thumb Code     0  startup_stm32f103xe.o(.text)
    TIM7_IRQHandler                          0x080001f7   Thumb Code     0  startup_stm32f103xe.o(.text)
    TIM8_BRK_IRQHandler                      0x080001f7   Thumb Code     0  startup_stm32f103xe.o(.text)
    TIM8_CC_IRQHandler                       0x080001f7   Thumb Code     0  startup_stm32f103xe.o(.text)
    TIM8_TRG_COM_IRQHandler                  0x080001f7   Thumb Code     0  startup_stm32f103xe.o(.text)
    TIM8_UP_IRQHandler                       0x080001f7   Thumb Code     0  startup_stm32f103xe.o(.text)
    UART4_IRQHandler                         0x080001f7   Thumb Code     0  startup_stm32f103xe.o(.text)
    UART5_IRQHandler                         0x080001f7   Thumb Code     0  startup_stm32f103xe.o(.text)
    USART1_IRQHandler                        0x080001f7   Thumb Code     0  startup_stm32f103xe.o(.text)
    USART2_IRQHandler                        0x080001f7   Thumb Code     0  startup_stm32f103xe.o(.text)
    USBWakeUp_IRQHandler                     0x080001f7   Thumb Code     0  startup_stm32f103xe.o(.text)
    USB_HP_CAN1_TX_IRQHandler                0x080001f7   Thumb Code     0  startup_stm32f103xe.o(.text)
    USB_LP_CAN1_RX0_IRQHandler               0x080001f7   Thumb Code     0  startup_stm32f103xe.o(.text)
    WWDG_IRQHandler                          0x080001f7   Thumb Code     0  startup_stm32f103xe.o(.text)
    __aeabi_llsr                             0x08000201   Thumb Code    32  llushr.o(.text)
    _ll_ushift_r                             0x08000201   Thumb Code     0  llushr.o(.text)
    __aeabi_memcpy                           0x08000221   Thumb Code    36  memcpya.o(.text)
    __aeabi_memcpy4                          0x08000221   Thumb Code     0  memcpya.o(.text)
    __aeabi_memcpy8                          0x08000221   Thumb Code     0  memcpya.o(.text)
    __aeabi_memset                           0x08000245   Thumb Code    14  memseta.o(.text)
    __aeabi_memset4                          0x08000245   Thumb Code     0  memseta.o(.text)
    __aeabi_memset8                          0x08000245   Thumb Code     0  memseta.o(.text)
    __aeabi_memclr                           0x08000253   Thumb Code     4  memseta.o(.text)
    __aeabi_memclr4                          0x08000253   Thumb Code     0  memseta.o(.text)
    __aeabi_memclr8                          0x08000253   Thumb Code     0  memseta.o(.text)
    memset                                   0x08000257   Thumb Code    18  memseta.o(.text)
    strlen                                   0x08000269   Thumb Code    14  strlen.o(.text)
    __aeabi_uldivmod                         0x08000277   Thumb Code    98  uldiv.o(.text)
    __scatterload                            0x080002d9   Thumb Code    28  init.o(.text)
    __scatterload_rt2                        0x080002d9   Thumb Code     0  init.o(.text)
    __aeabi_llsl                             0x080002fd   Thumb Code    30  llshl.o(.text)
    _ll_shift_l                              0x080002fd   Thumb Code     0  llshl.o(.text)
    BusFault_Handler                         0x0800031b   Thumb Code     2  stm32f1xx_it.o(i.BusFault_Handler)
    CH395_CS_High                            0x0800031d   Thumb Code    30  ch395.o(i.CH395_CS_High)
    CH395_CS_Low                             0x08000345   Thumb Code    32  ch395.o(i.CH395_CS_Low)
    DebugMon_Handler                         0x0800036d   Thumb Code     2  stm32f1xx_it.o(i.DebugMon_Handler)
    Error_Handler                            0x0800036f   Thumb Code     4  main.o(i.Error_Handler)
    HAL_DMA_Abort                            0x08000373   Thumb Code    70  stm32f1xx_hal_dma.o(i.HAL_DMA_Abort)
    HAL_DMA_Abort_IT                         0x080003b9   Thumb Code   296  stm32f1xx_hal_dma.o(i.HAL_DMA_Abort_IT)
    HAL_Delay                                0x080004e9   Thumb Code    32  stm32f1xx_hal.o(i.HAL_Delay)
    HAL_GPIO_Init                            0x0800050d   Thumb Code   462  stm32f1xx_hal_gpio.o(i.HAL_GPIO_Init)
    HAL_GPIO_WritePin                        0x08000705   Thumb Code    10  stm32f1xx_hal_gpio.o(i.HAL_GPIO_WritePin)
    HAL_GetTick                              0x08000711   Thumb Code     6  stm32f1xx_hal.o(i.HAL_GetTick)
    HAL_IncTick                              0x0800071d   Thumb Code    12  stm32f1xx_hal.o(i.HAL_IncTick)
    HAL_Init                                 0x0800072d   Thumb Code    32  stm32f1xx_hal.o(i.HAL_Init)
    HAL_InitTick                             0x08000751   Thumb Code    98  stm32f1xx_hal_timebase_tim.o(i.HAL_InitTick)
    HAL_MspInit                              0x080007c5   Thumb Code    62  stm32f1xx_hal_msp.o(i.HAL_MspInit)
    HAL_NVIC_EnableIRQ                       0x0800080d   Thumb Code    26  stm32f1xx_hal_cortex.o(i.HAL_NVIC_EnableIRQ)
    HAL_NVIC_SetPriority                     0x08000829   Thumb Code    60  stm32f1xx_hal_cortex.o(i.HAL_NVIC_SetPriority)
    HAL_NVIC_SetPriorityGrouping             0x08000869   Thumb Code    26  stm32f1xx_hal_cortex.o(i.HAL_NVIC_SetPriorityGrouping)
    HAL_RCC_ClockConfig                      0x0800088d   Thumb Code   280  stm32f1xx_hal_rcc.o(i.HAL_RCC_ClockConfig)
    HAL_RCC_GetClockConfig                   0x080009b9   Thumb Code    54  stm32f1xx_hal_rcc.o(i.HAL_RCC_GetClockConfig)
    HAL_RCC_GetPCLK1Freq                     0x080009f9   Thumb Code    20  stm32f1xx_hal_rcc.o(i.HAL_RCC_GetPCLK1Freq)
    HAL_RCC_GetPCLK2Freq                     0x08000a19   Thumb Code    20  stm32f1xx_hal_rcc.o(i.HAL_RCC_GetPCLK2Freq)
    HAL_RCC_GetSysClockFreq                  0x08000a39   Thumb Code    58  stm32f1xx_hal_rcc.o(i.HAL_RCC_GetSysClockFreq)
    HAL_RCC_OscConfig                        0x08000a85   Thumb Code   778  stm32f1xx_hal_rcc.o(i.HAL_RCC_OscConfig)
    HAL_SPI_Init                             0x08000da5   Thumb Code   178  stm32f1xx_hal_spi.o(i.HAL_SPI_Init)
    HAL_SPI_MspInit                          0x08000e59   Thumb Code    98  spi.o(i.HAL_SPI_MspInit)
    HAL_SPI_TransmitReceive                  0x08000ec9   Thumb Code   496  stm32f1xx_hal_spi.o(i.HAL_SPI_TransmitReceive)
    HAL_TIMEx_BreakCallback                  0x080010b9   Thumb Code     2  stm32f1xx_hal_tim_ex.o(i.HAL_TIMEx_BreakCallback)
    HAL_TIMEx_CommutCallback                 0x080010bb   Thumb Code     2  stm32f1xx_hal_tim_ex.o(i.HAL_TIMEx_CommutCallback)
    HAL_TIM_Base_Init                        0x080010bd   Thumb Code    90  stm32f1xx_hal_tim.o(i.HAL_TIM_Base_Init)
    HAL_TIM_Base_MspInit                     0x08001117   Thumb Code     2  stm32f1xx_hal_tim.o(i.HAL_TIM_Base_MspInit)
    HAL_TIM_Base_Start_IT                    0x08001119   Thumb Code    88  stm32f1xx_hal_tim.o(i.HAL_TIM_Base_Start_IT)
    HAL_TIM_IC_CaptureCallback               0x08001185   Thumb Code     2  stm32f1xx_hal_tim.o(i.HAL_TIM_IC_CaptureCallback)
    HAL_TIM_IRQHandler                       0x08001187   Thumb Code   304  stm32f1xx_hal_tim.o(i.HAL_TIM_IRQHandler)
    HAL_TIM_OC_DelayElapsedCallback          0x080012b7   Thumb Code     2  stm32f1xx_hal_tim.o(i.HAL_TIM_OC_DelayElapsedCallback)
    HAL_TIM_PWM_PulseFinishedCallback        0x080012b9   Thumb Code     2  stm32f1xx_hal_tim.o(i.HAL_TIM_PWM_PulseFinishedCallback)
    HAL_TIM_PeriodElapsedCallback            0x080012bd   Thumb Code    14  main.o(i.HAL_TIM_PeriodElapsedCallback)
    HAL_TIM_TriggerCallback                  0x080012d1   Thumb Code     2  stm32f1xx_hal_tim.o(i.HAL_TIM_TriggerCallback)
    HAL_UARTEx_RxEventCallback               0x080012d3   Thumb Code     2  stm32f1xx_hal_uart.o(i.HAL_UARTEx_RxEventCallback)
    HAL_UART_ErrorCallback                   0x080012d5   Thumb Code     2  stm32f1xx_hal_uart.o(i.HAL_UART_ErrorCallback)
    HAL_UART_IRQHandler                      0x080012d9   Thumb Code   616  stm32f1xx_hal_uart.o(i.HAL_UART_IRQHandler)
    HAL_UART_Init                            0x08001545   Thumb Code   100  stm32f1xx_hal_uart.o(i.HAL_UART_Init)
    HAL_UART_MspInit                         0x080015a9   Thumb Code   186  usart.o(i.HAL_UART_MspInit)
    HAL_UART_Receive_IT                      0x08001679   Thumb Code    28  stm32f1xx_hal_uart.o(i.HAL_UART_Receive_IT)
    HAL_UART_RxCpltCallback                  0x08001695   Thumb Code    50  main.o(i.HAL_UART_RxCpltCallback)
    HAL_UART_Transmit                        0x080016d9   Thumb Code   160  stm32f1xx_hal_uart.o(i.HAL_UART_Transmit)
    HAL_UART_TxCpltCallback                  0x08001779   Thumb Code     2  stm32f1xx_hal_uart.o(i.HAL_UART_TxCpltCallback)
    HardFault_Handler                        0x0800177b   Thumb Code     2  stm32f1xx_it.o(i.HardFault_Handler)
    MX_FREERTOS_Init                         0x0800177d   Thumb Code   134  freertos.o(i.MX_FREERTOS_Init)
    MX_GPIO_Init                             0x08001811   Thumb Code   248  gpio.o(i.MX_GPIO_Init)
    MX_SPI1_Init                             0x0800191d   Thumb Code    62  spi.o(i.MX_SPI1_Init)
    MX_USART1_UART_Init                      0x08001965   Thumb Code    48  usart.o(i.MX_USART1_UART_Init)
    MX_USART3_UART_Init                      0x0800199d   Thumb Code    48  usart.o(i.MX_USART3_UART_Init)
    MemManage_Handler                        0x080019d5   Thumb Code     2  stm32f1xx_it.o(i.MemManage_Handler)
    NMI_Handler                              0x080019d7   Thumb Code     2  stm32f1xx_it.o(i.NMI_Handler)
    Spi395Exchange                           0x08001ac5   Thumb Code    32  ch395.o(i.Spi395Exchange)
    StartDefaultTask                         0x08001ae9   Thumb Code     8  freertos.o(i.StartDefaultTask)
    StartTask_MQTT                           0x08001af1   Thumb Code   278  freertos.o(i.StartTask_MQTT)
    StartTask_Modbus                         0x08001cbd   Thumb Code     8  freertos.o(i.StartTask_Modbus)
    StartWebTask                             0x08001cc5   Thumb Code   250  freertos.o(i.StartWebTask)
    SysTick_Handler                          0x08001ead   Thumb Code    38  port.o(i.SysTick_Handler)
    SystemClock_Config                       0x08001ed9   Thumb Code    94  main.o(i.SystemClock_Config)
    SystemInit                               0x08001f37   Thumb Code     2  system_stm32f1xx.o(i.SystemInit)
    TIM1_UP_IRQHandler                       0x08001f39   Thumb Code     6  stm32f1xx_it.o(i.TIM1_UP_IRQHandler)
    TIM_Base_SetConfig                       0x08001f45   Thumb Code   134  stm32f1xx_hal_tim.o(i.TIM_Base_SetConfig)
    UART_Start_Receive_IT                    0x080021b9   Thumb Code    54  stm32f1xx_hal_uart.o(i.UART_Start_Receive_IT)
    USART3_IRQHandler                        0x08002261   Thumb Code     6  stm32f1xx_it.o(i.USART3_IRQHandler)
    UsageFault_Handler                       0x0800226d   Thumb Code     2  stm32f1xx_it.o(i.UsageFault_Handler)
    __0printf$8                              0x08002271   Thumb Code    22  printf8.o(i.__0printf$8)
    __1printf$8                              0x08002271   Thumb Code     0  printf8.o(i.__0printf$8)
    __2printf                                0x08002271   Thumb Code     0  printf8.o(i.__0printf$8)
    __0sprintf$8                             0x08002291   Thumb Code    34  printf8.o(i.__0sprintf$8)
    __1sprintf$8                             0x08002291   Thumb Code     0  printf8.o(i.__0sprintf$8)
    __2sprintf                               0x08002291   Thumb Code     0  printf8.o(i.__0sprintf$8)
    __scatterload_copy                       0x080022d9   Thumb Code    14  handlers.o(i.__scatterload_copy)
    __scatterload_null                       0x080022e7   Thumb Code     2  handlers.o(i.__scatterload_null)
    __scatterload_zeroinit                   0x080022e9   Thumb Code    14  handlers.o(i.__scatterload_zeroinit)
    ch395_close_socket                       0x08002765   Thumb Code    50  ch395cmd.o(i.ch395_close_socket)
    ch395_cmd_get_phy_status                 0x08002797   Thumb Code    22  ch395cmd.o(i.ch395_cmd_get_phy_status)
    ch395_cmd_get_socket_status              0x080027ad   Thumb Code    38  ch395cmd.o(i.ch395_cmd_get_socket_status)
    ch395_cmd_init                           0x080027d3   Thumb Code    42  ch395cmd.o(i.ch395_cmd_init)
    ch395_cmd_set_ipaddr                     0x080027fd   Thumb Code    36  ch395cmd.o(i.ch395_cmd_set_ipaddr)
    ch395_cmd_set_macaddr                    0x08002821   Thumb Code    42  ch395cmd.o(i.ch395_cmd_set_macaddr)
    ch395_enable_ping                        0x0800284b   Thumb Code    24  ch395cmd.o(i.ch395_enable_ping)
    ch395_get_cmd_status                     0x08002863   Thumb Code    22  ch395cmd.o(i.ch395_get_cmd_status)
    ch395_get_recv_data                      0x08002879   Thumb Code    66  ch395cmd.o(i.ch395_get_recv_data)
    ch395_get_recv_length                    0x080028bb   Thumb Code    40  ch395cmd.o(i.ch395_get_recv_length)
    ch395_get_socket_int                     0x080028e3   Thumb Code    30  ch395cmd.o(i.ch395_get_socket_int)
    ch395_open_socket                        0x08002901   Thumb Code    50  ch395cmd.o(i.ch395_open_socket)
    ch395_send_data                          0x08002933   Thumb Code    60  ch395cmd.o(i.ch395_send_data)
    ch395_set_socket_locport                 0x0800296f   Thumb Code    38  freertos.o(i.ch395_set_socket_locport)
    ch395_set_socket_prot_type               0x08002995   Thumb Code    32  ch395cmd.o(i.ch395_set_socket_prot_type)
    ch395_tcp_listen                         0x080029b5   Thumb Code    50  ch395cmd.o(i.ch395_tcp_listen)
    fputc                                    0x080029e9   Thumb Code    20  main.o(i.fputc)
    main                                     0x08002a0d   Thumb Code   120  main.o(i.main)
    osDelay                                  0x08002ae9   Thumb Code    14  cmsis_os.o(i.osDelay)
    osKernelStart                            0x08002af7   Thumb Code    10  cmsis_os.o(i.osKernelStart)
    osMessageCreate                          0x08002b01   Thumb Code    38  cmsis_os.o(i.osMessageCreate)
    osMutexCreate                            0x08002b27   Thumb Code    16  cmsis_os.o(i.osMutexCreate)
    osMutexRelease                           0x08002b39   Thumb Code    74  cmsis_os.o(i.osMutexRelease)
    osMutexWait                              0x08002b89   Thumb Code    96  cmsis_os.o(i.osMutexWait)
    osThreadCreate                           0x08002bed   Thumb Code    84  cmsis_os.o(i.osThreadCreate)
    pvPortMalloc                             0x080030d5   Thumb Code   216  heap_4.o(i.pvPortMalloc)
    pvTaskIncrementMutexHeldCount            0x080031b1   Thumb Code    18  tasks.o(i.pvTaskIncrementMutexHeldCount)
    pxPortInitialiseStack                    0x080031c9   Thumb Code    32  port.o(i.pxPortInitialiseStack)
    uxListRemove                             0x080031ed   Thumb Code    38  list.o(i.uxListRemove)
    vApplicationGetIdleTaskMemory            0x08003215   Thumb Code    16  freertos.o(i.vApplicationGetIdleTaskMemory)
    vListInitialise                          0x08003229   Thumb Code    22  list.o(i.vListInitialise)
    vListInitialiseItem                      0x0800323f   Thumb Code     6  list.o(i.vListInitialiseItem)
    vListInsert                              0x08003245   Thumb Code    48  list.o(i.vListInsert)
    vListInsertEnd                           0x08003275   Thumb Code    24  list.o(i.vListInsertEnd)
    vPortEnterCritical                       0x0800328d   Thumb Code    54  port.o(i.vPortEnterCritical)
    vPortExitCritical                        0x080032cd   Thumb Code    34  port.o(i.vPortExitCritical)
    vPortFree                                0x080032f5   Thumb Code    94  heap_4.o(i.vPortFree)
    vPortSetupTimerInterrupt                 0x08003359   Thumb Code    32  port.o(i.vPortSetupTimerInterrupt)
    vPortValidateInterruptPriority           0x0800337d   Thumb Code    74  port.o(i.vPortValidateInterruptPriority)
    vTaskDelay                               0x080033d1   Thumb Code    66  tasks.o(i.vTaskDelay)
    vTaskInternalSetTimeOutState             0x0800341d   Thumb Code    12  tasks.o(i.vTaskInternalSetTimeOutState)
    vTaskMissedYield                         0x0800342d   Thumb Code     8  tasks.o(i.vTaskMissedYield)
    vTaskPlaceOnEventList                    0x08003439   Thumb Code    44  tasks.o(i.vTaskPlaceOnEventList)
    vTaskPriorityDisinheritAfterTimeout      0x08003469   Thumb Code   152  tasks.o(i.vTaskPriorityDisinheritAfterTimeout)
    vTaskStartScheduler                      0x08003509   Thumb Code    90  tasks.o(i.vTaskStartScheduler)
    vTaskSuspend                             0x08003575   Thumb Code   174  tasks.o(i.vTaskSuspend)
    vTaskSuspendAll                          0x08003631   Thumb Code    10  tasks.o(i.vTaskSuspendAll)
    vTaskSwitchContext                       0x08003641   Thumb Code    82  tasks.o(i.vTaskSwitchContext)
    xPortStartScheduler                      0x0800369d   Thumb Code   154  port.o(i.xPortStartScheduler)
    xQueueCreateMutex                        0x08003745   Thumb Code    22  queue.o(i.xQueueCreateMutex)
    xQueueCreateMutexStatic                  0x0800375b   Thumb Code    26  queue.o(i.xQueueCreateMutexStatic)
    xQueueGenericCreate                      0x08003775   Thumb Code    66  queue.o(i.xQueueGenericCreate)
    xQueueGenericCreateStatic                0x080037b7   Thumb Code   102  queue.o(i.xQueueGenericCreateStatic)
    xQueueGenericReset                       0x0800381d   Thumb Code   132  queue.o(i.xQueueGenericReset)
    xQueueGenericSend                        0x080038a5   Thumb Code   346  queue.o(i.xQueueGenericSend)
    xQueueGiveFromISR                        0x08003a05   Thumb Code   156  queue.o(i.xQueueGiveFromISR)
    xQueueReceiveFromISR                     0x08003aa1   Thumb Code   154  queue.o(i.xQueueReceiveFromISR)
    xQueueSemaphoreTake                      0x08003b3d   Thumb Code   372  queue.o(i.xQueueSemaphoreTake)
    xReadCH395Data                           0x08003cb5   Thumb Code     6  ch395.o(i.xReadCH395Data)
    xTaskCheckForTimeOut                     0x08003cbd   Thumb Code   112  tasks.o(i.xTaskCheckForTimeOut)
    xTaskCreate                              0x08003d31   Thumb Code    90  tasks.o(i.xTaskCreate)
    xTaskCreateStatic                        0x08003d8b   Thumb Code    86  tasks.o(i.xTaskCreateStatic)
    xTaskGetSchedulerState                   0x08003de1   Thumb Code    22  tasks.o(i.xTaskGetSchedulerState)
    xTaskIncrementTick                       0x08003dfd   Thumb Code   194  tasks.o(i.xTaskIncrementTick)
    xTaskPriorityDisinherit                  0x08003ec9   Thumb Code   144  tasks.o(i.xTaskPriorityDisinherit)
    xTaskPriorityInherit                     0x08003f61   Thumb Code   130  tasks.o(i.xTaskPriorityInherit)
    xTaskRemoveFromEventList                 0x08003fed   Thumb Code   108  tasks.o(i.xTaskRemoveFromEventList)
    xTaskResumeAll                           0x08004061   Thumb Code   182  tasks.o(i.xTaskResumeAll)
    xWriteCH395Cmd                           0x08004125   Thumb Code    22  ch395.o(i.xWriteCH395Cmd)
    xWriteCH395Data                          0x0800413b   Thumb Code     4  ch395.o(i.xWriteCH395Data)
    AHBPrescTable                            0x080041d2   Data          16  system_stm32f1xx.o(.constdata)
    APBPrescTable                            0x080041e2   Data           8  system_stm32f1xx.o(.constdata)
    Region$$Table$$Base                      0x08004374   Number         0  anon$$obj.o(Region$$Table)
    Region$$Table$$Limit                     0x08004394   Number         0  anon$$obj.o(Region$$Table)
    modbus_frame_received                    0x20000000   Data           1  main.o(.data)
    rx3_buffer                               0x20000001   Data           1  main.o(.data)
    modbus_rx_index                          0x20000002   Data           2  main.o(.data)
    sysConfig                                0x20000004   Data          50  main.o(.data)
    spiMutexHandle                           0x20000038   Data           4  main.o(.data)
    HTML_FORM                                0x20000040   Data           4  freertos.o(.data)
    StartTaskHandle                          0x20000044   Data           4  freertos.o(.data)
    Task_ModbusHandle                        0x20000048   Data           4  freertos.o(.data)
    Task_MQTTHandle                          0x2000004c   Data           4  freertos.o(.data)
    WebTaskHandle                            0x20000050   Data           4  freertos.o(.data)
    ModbusDataQueueHandle                    0x20000054   Data           4  freertos.o(.data)
    uwTickFreq                               0x20000058   Data           1  stm32f1xx_hal.o(.data)
    uwTickPrio                               0x2000005c   Data           4  stm32f1xx_hal.o(.data)
    uwTick                                   0x20000060   Data           4  stm32f1xx_hal.o(.data)
    SystemCoreClock                          0x20000064   Data           4  system_stm32f1xx.o(.data)
    pxCurrentTCB                             0x20000068   Data           4  tasks.o(.data)
    __stdout                                 0x200000d0   Data           4  stdout.o(.data)
    modbus_rx_buf                            0x200000d4   Data         128  main.o(.bss)
    hspi1                                    0x200003a8   Data          88  spi.o(.bss)
    huart1                                   0x20000400   Data          72  usart.o(.bss)
    huart3                                   0x20000448   Data          72  usart.o(.bss)
    htim1                                    0x20000490   Data          72  stm32f1xx_hal_timebase_tim.o(.bss)
    __initial_sp                             0x20006dc8   Data           0  startup_stm32f103xe.o(STACK)



==============================================================================

Memory Map of the image

  Image Entry point : 0x08000131

  Load Region LR_IROM1 (Base: 0x08000000, Size: 0x00004468, Max: 0x00080000, ABSOLUTE)

    Execution Region ER_IROM1 (Exec base: 0x08000000, Load base: 0x08000000, Size: 0x00004394, Max: 0x00080000, ABSOLUTE)

    Exec Addr    Load Addr    Size         Type   Attr      Idx    E Section Name        Object

    0x08000000   0x08000000   0x00000130   Data   RO            3    RESET               startup_stm32f103xe.o
    0x08000130   0x08000130   0x00000000   Code   RO         5008  * .ARM.Collect$$$$00000000  mc_w.l(entry.o)
    0x08000130   0x08000130   0x00000004   Code   RO         5292    .ARM.Collect$$$$00000001  mc_w.l(entry2.o)
    0x08000134   0x08000134   0x00000004   Code   RO         5295    .ARM.Collect$$$$00000004  mc_w.l(entry5.o)
    0x08000138   0x08000138   0x00000000   Code   RO         5297    .ARM.Collect$$$$00000008  mc_w.l(entry7b.o)
    0x08000138   0x08000138   0x00000000   Code   RO         5299    .ARM.Collect$$$$0000000A  mc_w.l(entry8b.o)
    0x08000138   0x08000138   0x00000008   Code   RO         5300    .ARM.Collect$$$$0000000B  mc_w.l(entry9a.o)
    0x08000140   0x08000140   0x00000000   Code   RO         5302    .ARM.Collect$$$$0000000D  mc_w.l(entry10a.o)
    0x08000140   0x08000140   0x00000000   Code   RO         5304    .ARM.Collect$$$$0000000F  mc_w.l(entry11a.o)
    0x08000140   0x08000140   0x00000004   Code   RO         5293    .ARM.Collect$$$$00002712  mc_w.l(entry2.o)
    0x08000144   0x08000144   0x00000096   Code   RO         4931    .emb_text           port.o
    0x080001da   0x080001da   0x00000002   PAD
    0x080001dc   0x080001dc   0x00000024   Code   RO            4    .text               startup_stm32f103xe.o
    0x08000200   0x08000200   0x00000020   Code   RO         5011    .text               mc_w.l(llushr.o)
    0x08000220   0x08000220   0x00000024   Code   RO         5013    .text               mc_w.l(memcpya.o)
    0x08000244   0x08000244   0x00000024   Code   RO         5017    .text               mc_w.l(memseta.o)
    0x08000268   0x08000268   0x0000000e   Code   RO         5021    .text               mc_w.l(strlen.o)
    0x08000276   0x08000276   0x00000062   Code   RO         5309    .text               mc_w.l(uldiv.o)
    0x080002d8   0x080002d8   0x00000024   Code   RO         5328    .text               mc_w.l(init.o)
    0x080002fc   0x080002fc   0x0000001e   Code   RO         5330    .text               mc_w.l(llshl.o)
    0x0800031a   0x0800031a   0x00000002   Code   RO          872    i.BusFault_Handler  stm32f1xx_it.o
    0x0800031c   0x0800031c   0x00000028   Code   RO           13    i.CH395_CS_High     ch395.o
    0x08000344   0x08000344   0x00000028   Code   RO           14    i.CH395_CS_Low      ch395.o
    0x0800036c   0x0800036c   0x00000002   Code   RO          873    i.DebugMon_Handler  stm32f1xx_it.o
    0x0800036e   0x0800036e   0x00000004   Code   RO          583    i.Error_Handler     main.o
    0x08000372   0x08000372   0x00000046   Code   RO         1422    i.HAL_DMA_Abort     stm32f1xx_hal_dma.o
    0x080003b8   0x080003b8   0x00000130   Code   RO         1423    i.HAL_DMA_Abort_IT  stm32f1xx_hal_dma.o
    0x080004e8   0x080004e8   0x00000024   Code   RO         1048    i.HAL_Delay         stm32f1xx_hal.o
    0x0800050c   0x0800050c   0x000001f8   Code   RO         1358    i.HAL_GPIO_Init     stm32f1xx_hal_gpio.o
    0x08000704   0x08000704   0x0000000a   Code   RO         1362    i.HAL_GPIO_WritePin  stm32f1xx_hal_gpio.o
    0x0800070e   0x0800070e   0x00000002   PAD
    0x08000710   0x08000710   0x0000000c   Code   RO         1052    i.HAL_GetTick       stm32f1xx_hal.o
    0x0800071c   0x0800071c   0x00000010   Code   RO         1058    i.HAL_IncTick       stm32f1xx_hal.o
    0x0800072c   0x0800072c   0x00000024   Code   RO         1059    i.HAL_Init          stm32f1xx_hal.o
    0x08000750   0x08000750   0x00000074   Code   RO          966    i.HAL_InitTick      stm32f1xx_hal_timebase_tim.o
    0x080007c4   0x080007c4   0x00000048   Code   RO          942    i.HAL_MspInit       stm32f1xx_hal_msp.o
    0x0800080c   0x0800080c   0x0000001a   Code   RO         1518    i.HAL_NVIC_EnableIRQ  stm32f1xx_hal_cortex.o
    0x08000826   0x08000826   0x00000002   PAD
    0x08000828   0x08000828   0x00000040   Code   RO         1524    i.HAL_NVIC_SetPriority  stm32f1xx_hal_cortex.o
    0x08000868   0x08000868   0x00000024   Code   RO         1525    i.HAL_NVIC_SetPriorityGrouping  stm32f1xx_hal_cortex.o
    0x0800088c   0x0800088c   0x0000012c   Code   RO         1216    i.HAL_RCC_ClockConfig  stm32f1xx_hal_rcc.o
    0x080009b8   0x080009b8   0x00000040   Code   RO         1220    i.HAL_RCC_GetClockConfig  stm32f1xx_hal_rcc.o
    0x080009f8   0x080009f8   0x00000020   Code   RO         1223    i.HAL_RCC_GetPCLK1Freq  stm32f1xx_hal_rcc.o
    0x08000a18   0x08000a18   0x00000020   Code   RO         1224    i.HAL_RCC_GetPCLK2Freq  stm32f1xx_hal_rcc.o
    0x08000a38   0x08000a38   0x0000004c   Code   RO         1225    i.HAL_RCC_GetSysClockFreq  stm32f1xx_hal_rcc.o
    0x08000a84   0x08000a84   0x00000320   Code   RO         1228    i.HAL_RCC_OscConfig  stm32f1xx_hal_rcc.o
    0x08000da4   0x08000da4   0x000000b2   Code   RO         2029    i.HAL_SPI_Init      stm32f1xx_hal_spi.o
    0x08000e56   0x08000e56   0x00000002   PAD
    0x08000e58   0x08000e58   0x00000070   Code   RO          783    i.HAL_SPI_MspInit   spi.o
    0x08000ec8   0x08000ec8   0x000001f0   Code   RO         2038    i.HAL_SPI_TransmitReceive  stm32f1xx_hal_spi.o
    0x080010b8   0x080010b8   0x00000002   Code   RO         3046    i.HAL_TIMEx_BreakCallback  stm32f1xx_hal_tim_ex.o
    0x080010ba   0x080010ba   0x00000002   Code   RO         3047    i.HAL_TIMEx_CommutCallback  stm32f1xx_hal_tim_ex.o
    0x080010bc   0x080010bc   0x0000005a   Code   RO         2342    i.HAL_TIM_Base_Init  stm32f1xx_hal_tim.o
    0x08001116   0x08001116   0x00000002   Code   RO         2344    i.HAL_TIM_Base_MspInit  stm32f1xx_hal_tim.o
    0x08001118   0x08001118   0x0000006c   Code   RO         2347    i.HAL_TIM_Base_Start_IT  stm32f1xx_hal_tim.o
    0x08001184   0x08001184   0x00000002   Code   RO         2376    i.HAL_TIM_IC_CaptureCallback  stm32f1xx_hal_tim.o
    0x08001186   0x08001186   0x00000130   Code   RO         2390    i.HAL_TIM_IRQHandler  stm32f1xx_hal_tim.o
    0x080012b6   0x080012b6   0x00000002   Code   RO         2393    i.HAL_TIM_OC_DelayElapsedCallback  stm32f1xx_hal_tim.o
    0x080012b8   0x080012b8   0x00000002   Code   RO         2420    i.HAL_TIM_PWM_PulseFinishedCallback  stm32f1xx_hal_tim.o
    0x080012ba   0x080012ba   0x00000002   PAD
    0x080012bc   0x080012bc   0x00000014   Code   RO          584    i.HAL_TIM_PeriodElapsedCallback  main.o
    0x080012d0   0x080012d0   0x00000002   Code   RO         2433    i.HAL_TIM_TriggerCallback  stm32f1xx_hal_tim.o
    0x080012d2   0x080012d2   0x00000002   Code   RO         3325    i.HAL_UARTEx_RxEventCallback  stm32f1xx_hal_uart.o
    0x080012d4   0x080012d4   0x00000002   Code   RO         3339    i.HAL_UART_ErrorCallback  stm32f1xx_hal_uart.o
    0x080012d6   0x080012d6   0x00000002   PAD
    0x080012d8   0x080012d8   0x0000026c   Code   RO         3342    i.HAL_UART_IRQHandler  stm32f1xx_hal_uart.o
    0x08001544   0x08001544   0x00000064   Code   RO         3343    i.HAL_UART_Init     stm32f1xx_hal_uart.o
    0x080015a8   0x080015a8   0x000000d0   Code   RO          825    i.HAL_UART_MspInit  usart.o
    0x08001678   0x08001678   0x0000001c   Code   RO         3348    i.HAL_UART_Receive_IT  stm32f1xx_hal_uart.o
    0x08001694   0x08001694   0x00000044   Code   RO          585    i.HAL_UART_RxCpltCallback  main.o
    0x080016d8   0x080016d8   0x000000a0   Code   RO         3351    i.HAL_UART_Transmit  stm32f1xx_hal_uart.o
    0x08001778   0x08001778   0x00000002   Code   RO         3354    i.HAL_UART_TxCpltCallback  stm32f1xx_hal_uart.o
    0x0800177a   0x0800177a   0x00000002   Code   RO          874    i.HardFault_Handler  stm32f1xx_it.o
    0x0800177c   0x0800177c   0x00000094   Code   RO          678    i.MX_FREERTOS_Init  freertos.o
    0x08001810   0x08001810   0x0000010c   Code   RO          650    i.MX_GPIO_Init      gpio.o
    0x0800191c   0x0800191c   0x00000048   Code   RO          784    i.MX_SPI1_Init      spi.o
    0x08001964   0x08001964   0x00000038   Code   RO          826    i.MX_USART1_UART_Init  usart.o
    0x0800199c   0x0800199c   0x00000038   Code   RO          827    i.MX_USART3_UART_Init  usart.o
    0x080019d4   0x080019d4   0x00000002   Code   RO          875    i.MemManage_Handler  stm32f1xx_it.o
    0x080019d6   0x080019d6   0x00000002   Code   RO          876    i.NMI_Handler       stm32f1xx_it.o
    0x080019d8   0x080019d8   0x00000034   Code   RO         2067    i.SPI_EndRxTxTransaction  stm32f1xx_hal_spi.o
    0x08001a0c   0x08001a0c   0x000000b8   Code   RO         2072    i.SPI_WaitFlagStateUntilTimeout  stm32f1xx_hal_spi.o
    0x08001ac4   0x08001ac4   0x00000024   Code   RO           16    i.Spi395Exchange    ch395.o
    0x08001ae8   0x08001ae8   0x00000008   Code   RO          680    i.StartDefaultTask  freertos.o
    0x08001af0   0x08001af0   0x000001cc   Code   RO          681    i.StartTask_MQTT    freertos.o
    0x08001cbc   0x08001cbc   0x00000008   Code   RO          682    i.StartTask_Modbus  freertos.o
    0x08001cc4   0x08001cc4   0x000001e8   Code   RO          683    i.StartWebTask      freertos.o
    0x08001eac   0x08001eac   0x0000002c   Code   RO         4932    i.SysTick_Handler   port.o
    0x08001ed8   0x08001ed8   0x0000005e   Code   RO          586    i.SystemClock_Config  main.o
    0x08001f36   0x08001f36   0x00000002   Code   RO         3677    i.SystemInit        system_stm32f1xx.o
    0x08001f38   0x08001f38   0x0000000c   Code   RO          877    i.TIM1_UP_IRQHandler  stm32f1xx_it.o
    0x08001f44   0x08001f44   0x0000009c   Code   RO         2435    i.TIM_Base_SetConfig  stm32f1xx_hal_tim.o
    0x08001fe0   0x08001fe0   0x00000010   Code   RO         3356    i.UART_DMAAbortOnError  stm32f1xx_hal_uart.o
    0x08001ff0   0x08001ff0   0x0000004e   Code   RO         3366    i.UART_EndRxTransfer  stm32f1xx_hal_uart.o
    0x0800203e   0x0800203e   0x000000c2   Code   RO         3368    i.UART_Receive_IT   stm32f1xx_hal_uart.o
    0x08002100   0x08002100   0x000000b8   Code   RO         3369    i.UART_SetConfig    stm32f1xx_hal_uart.o
    0x080021b8   0x080021b8   0x00000036   Code   RO         3371    i.UART_Start_Receive_IT  stm32f1xx_hal_uart.o
    0x080021ee   0x080021ee   0x00000072   Code   RO         3372    i.UART_WaitOnFlagUntilTimeout  stm32f1xx_hal_uart.o
    0x08002260   0x08002260   0x0000000c   Code   RO          878    i.USART3_IRQHandler  stm32f1xx_it.o
    0x0800226c   0x0800226c   0x00000002   Code   RO          879    i.UsageFault_Handler  stm32f1xx_it.o
    0x0800226e   0x0800226e   0x00000002   PAD
    0x08002270   0x08002270   0x00000020   Code   RO         5232    i.__0printf$8       mc_w.l(printf8.o)
    0x08002290   0x08002290   0x00000028   Code   RO         5234    i.__0sprintf$8      mc_w.l(printf8.o)
    0x080022b8   0x080022b8   0x00000020   Code   RO         1531    i.__NVIC_SetPriority  stm32f1xx_hal_cortex.o
    0x080022d8   0x080022d8   0x0000000e   Code   RO         5345    i.__scatterload_copy  mc_w.l(handlers.o)
    0x080022e6   0x080022e6   0x00000002   Code   RO         5346    i.__scatterload_null  mc_w.l(handlers.o)
    0x080022e8   0x080022e8   0x0000000e   Code   RO         5347    i.__scatterload_zeroinit  mc_w.l(handlers.o)
    0x080022f6   0x080022f6   0x00000002   PAD
    0x080022f8   0x080022f8   0x00000410   Code   RO         5239    i._printf_core      mc_w.l(printf8.o)
    0x08002708   0x08002708   0x00000024   Code   RO         5240    i._printf_post_padding  mc_w.l(printf8.o)
    0x0800272c   0x0800272c   0x0000002e   Code   RO         5241    i._printf_pre_padding  mc_w.l(printf8.o)
    0x0800275a   0x0800275a   0x0000000a   Code   RO         5243    i._sputc            mc_w.l(printf8.o)
    0x08002764   0x08002764   0x00000032   Code   RO          219    i.ch395_close_socket  ch395cmd.o
    0x08002796   0x08002796   0x00000016   Code   RO          224    i.ch395_cmd_get_phy_status  ch395cmd.o
    0x080027ac   0x080027ac   0x00000026   Code   RO          226    i.ch395_cmd_get_socket_status  ch395cmd.o
    0x080027d2   0x080027d2   0x0000002a   Code   RO          229    i.ch395_cmd_init    ch395cmd.o
    0x080027fc   0x080027fc   0x00000024   Code   RO          232    i.ch395_cmd_set_ipaddr  ch395cmd.o
    0x08002820   0x08002820   0x0000002a   Code   RO          233    i.ch395_cmd_set_macaddr  ch395cmd.o
    0x0800284a   0x0800284a   0x00000018   Code   RO          246    i.ch395_enable_ping  ch395cmd.o
    0x08002862   0x08002862   0x00000016   Code   RO          247    i.ch395_get_cmd_status  ch395cmd.o
    0x08002878   0x08002878   0x00000042   Code   RO          250    i.ch395_get_recv_data  ch395cmd.o
    0x080028ba   0x080028ba   0x00000028   Code   RO          251    i.ch395_get_recv_length  ch395cmd.o
    0x080028e2   0x080028e2   0x0000001e   Code   RO          252    i.ch395_get_socket_int  ch395cmd.o
    0x08002900   0x08002900   0x00000032   Code   RO          256    i.ch395_open_socket  ch395cmd.o
    0x08002932   0x08002932   0x0000003c   Code   RO          258    i.ch395_send_data   ch395cmd.o
    0x0800296e   0x0800296e   0x00000026   Code   RO          684    i.ch395_set_socket_locport  freertos.o
    0x08002994   0x08002994   0x00000020   Code   RO          263    i.ch395_set_socket_prot_type  ch395cmd.o
    0x080029b4   0x080029b4   0x00000032   Code   RO          272    i.ch395_tcp_listen  ch395cmd.o
    0x080029e6   0x080029e6   0x00000002   PAD
    0x080029e8   0x080029e8   0x00000018   Code   RO          587    i.fputc             main.o
    0x08002a00   0x08002a00   0x0000000c   Code   RO         4495    i.inHandlerMode     cmsis_os.o
    0x08002a0c   0x08002a0c   0x000000d0   Code   RO          588    i.main              main.o
    0x08002adc   0x08002adc   0x0000000c   Code   RO         4497    i.makeFreeRtosPriority  cmsis_os.o
    0x08002ae8   0x08002ae8   0x0000000e   Code   RO         4499    i.osDelay           cmsis_os.o
    0x08002af6   0x08002af6   0x0000000a   Code   RO         4502    i.osKernelStart     cmsis_os.o
    0x08002b00   0x08002b00   0x00000026   Code   RO         4511    i.osMessageCreate   cmsis_os.o
    0x08002b26   0x08002b26   0x00000010   Code   RO         4517    i.osMutexCreate     cmsis_os.o
    0x08002b36   0x08002b36   0x00000002   PAD
    0x08002b38   0x08002b38   0x00000050   Code   RO         4519    i.osMutexRelease    cmsis_os.o
    0x08002b88   0x08002b88   0x00000064   Code   RO         4520    i.osMutexWait       cmsis_os.o
    0x08002bec   0x08002bec   0x00000054   Code   RO         4536    i.osThreadCreate    cmsis_os.o
    0x08002c40   0x08002c40   0x00000070   Code   RO         4179    i.prvAddCurrentTaskToDelayedList  tasks.o
    0x08002cb0   0x08002cb0   0x000000d0   Code   RO         4180    i.prvAddNewTaskToReadyList  tasks.o
    0x08002d80   0x08002d80   0x00000026   Code   RO         3855    i.prvCopyDataFromQueue  queue.o
    0x08002da6   0x08002da6   0x0000006c   Code   RO         3856    i.prvCopyDataToQueue  queue.o
    0x08002e12   0x08002e12   0x00000034   Code   RO         4181    i.prvDeleteTCB      tasks.o
    0x08002e46   0x08002e46   0x00000002   PAD
    0x08002e48   0x08002e48   0x0000004c   Code   RO         4864    i.prvHeapInit       heap_4.o
    0x08002e94   0x08002e94   0x00000060   Code   RO         4182    i.prvIdleTask       tasks.o
    0x08002ef4   0x08002ef4   0x00000016   Code   RO         3857    i.prvInitialiseMutex  queue.o
    0x08002f0a   0x08002f0a   0x00000016   Code   RO         3858    i.prvInitialiseNewQueue  queue.o
    0x08002f20   0x08002f20   0x00000098   Code   RO         4183    i.prvInitialiseNewTask  tasks.o
    0x08002fb8   0x08002fb8   0x0000004c   Code   RO         4865    i.prvInsertBlockIntoFreeList  heap_4.o
    0x08003004   0x08003004   0x0000001c   Code   RO         3859    i.prvIsQueueEmpty   queue.o
    0x08003020   0x08003020   0x00000020   Code   RO         4184    i.prvResetNextTaskUnblockTime  tasks.o
    0x08003040   0x08003040   0x00000028   Code   RO         4933    i.prvTaskExitError  port.o
    0x08003068   0x08003068   0x0000006a   Code   RO         3860    i.prvUnlockQueue    queue.o
    0x080030d2   0x080030d2   0x00000002   PAD
    0x080030d4   0x080030d4   0x000000dc   Code   RO         4866    i.pvPortMalloc      heap_4.o
    0x080031b0   0x080031b0   0x00000018   Code   RO         4186    i.pvTaskIncrementMutexHeldCount  tasks.o
    0x080031c8   0x080031c8   0x00000024   Code   RO         4934    i.pxPortInitialiseStack  port.o
    0x080031ec   0x080031ec   0x00000026   Code   RO         3815    i.uxListRemove      list.o
    0x08003212   0x08003212   0x00000002   PAD
    0x08003214   0x08003214   0x00000014   Code   RO          685    i.vApplicationGetIdleTaskMemory  freertos.o
    0x08003228   0x08003228   0x00000016   Code   RO         3816    i.vListInitialise   list.o
    0x0800323e   0x0800323e   0x00000006   Code   RO         3817    i.vListInitialiseItem  list.o
    0x08003244   0x08003244   0x00000030   Code   RO         3818    i.vListInsert       list.o
    0x08003274   0x08003274   0x00000018   Code   RO         3819    i.vListInsertEnd    list.o
    0x0800328c   0x0800328c   0x00000040   Code   RO         4936    i.vPortEnterCritical  port.o
    0x080032cc   0x080032cc   0x00000028   Code   RO         4937    i.vPortExitCritical  port.o
    0x080032f4   0x080032f4   0x00000064   Code   RO         4867    i.vPortFree         heap_4.o
    0x08003358   0x08003358   0x00000024   Code   RO         4938    i.vPortSetupTimerInterrupt  port.o
    0x0800337c   0x0800337c   0x00000054   Code   RO         4939    i.vPortValidateInterruptPriority  port.o
    0x080033d0   0x080033d0   0x0000004c   Code   RO         4193    i.vTaskDelay        tasks.o
    0x0800341c   0x0800341c   0x00000010   Code   RO         4196    i.vTaskInternalSetTimeOutState  tasks.o
    0x0800342c   0x0800342c   0x0000000c   Code   RO         4197    i.vTaskMissedYield  tasks.o
    0x08003438   0x08003438   0x00000030   Code   RO         4199    i.vTaskPlaceOnEventList  tasks.o
    0x08003468   0x08003468   0x000000a0   Code   RO         4201    i.vTaskPriorityDisinheritAfterTimeout  tasks.o
    0x08003508   0x08003508   0x0000006c   Code   RO         4206    i.vTaskStartScheduler  tasks.o
    0x08003574   0x08003574   0x000000bc   Code   RO         4207    i.vTaskSuspend      tasks.o
    0x08003630   0x08003630   0x00000010   Code   RO         4208    i.vTaskSuspendAll   tasks.o
    0x08003640   0x08003640   0x0000005c   Code   RO         4209    i.vTaskSwitchContext  tasks.o
    0x0800369c   0x0800369c   0x000000a8   Code   RO         4940    i.xPortStartScheduler  port.o
    0x08003744   0x08003744   0x00000016   Code   RO         3867    i.xQueueCreateMutex  queue.o
    0x0800375a   0x0800375a   0x0000001a   Code   RO         3868    i.xQueueCreateMutexStatic  queue.o
    0x08003774   0x08003774   0x00000042   Code   RO         3869    i.xQueueGenericCreate  queue.o
    0x080037b6   0x080037b6   0x00000066   Code   RO         3870    i.xQueueGenericCreateStatic  queue.o
    0x0800381c   0x0800381c   0x00000088   Code   RO         3871    i.xQueueGenericReset  queue.o
    0x080038a4   0x080038a4   0x00000160   Code   RO         3872    i.xQueueGenericSend  queue.o
    0x08003a04   0x08003a04   0x0000009c   Code   RO         3874    i.xQueueGiveFromISR  queue.o
    0x08003aa0   0x08003aa0   0x0000009a   Code   RO         3880    i.xQueueReceiveFromISR  queue.o
    0x08003b3a   0x08003b3a   0x00000002   PAD
    0x08003b3c   0x08003b3c   0x00000178   Code   RO         3881    i.xQueueSemaphoreTake  queue.o
    0x08003cb4   0x08003cb4   0x00000006   Code   RO           17    i.xReadCH395Data    ch395.o
    0x08003cba   0x08003cba   0x00000002   PAD
    0x08003cbc   0x08003cbc   0x00000074   Code   RO         4211    i.xTaskCheckForTimeOut  tasks.o
    0x08003d30   0x08003d30   0x0000005a   Code   RO         4212    i.xTaskCreate       tasks.o
    0x08003d8a   0x08003d8a   0x00000056   Code   RO         4213    i.xTaskCreateStatic  tasks.o
    0x08003de0   0x08003de0   0x0000001c   Code   RO         4217    i.xTaskGetSchedulerState  tasks.o
    0x08003dfc   0x08003dfc   0x000000cc   Code   RO         4220    i.xTaskIncrementTick  tasks.o
    0x08003ec8   0x08003ec8   0x00000098   Code   RO         4223    i.xTaskPriorityDisinherit  tasks.o
    0x08003f60   0x08003f60   0x0000008c   Code   RO         4224    i.xTaskPriorityInherit  tasks.o
    0x08003fec   0x08003fec   0x00000074   Code   RO         4225    i.xTaskRemoveFromEventList  tasks.o
    0x08004060   0x08004060   0x000000c4   Code   RO         4226    i.xTaskResumeAll    tasks.o
    0x08004124   0x08004124   0x00000016   Code   RO           18    i.xWriteCH395Cmd    ch395.o
    0x0800413a   0x0800413a   0x00000004   Code   RO           19    i.xWriteCH395Data   ch395.o
    0x0800413e   0x0800413e   0x00000002   PAD
    0x08004140   0x08004140   0x00000080   Data   RO          687    .constdata          freertos.o
    0x080041c0   0x080041c0   0x00000012   Data   RO         1229    .constdata          stm32f1xx_hal_rcc.o
    0x080041d2   0x080041d2   0x00000010   Data   RO         3678    .constdata          system_stm32f1xx.o
    0x080041e2   0x080041e2   0x00000008   Data   RO         3679    .constdata          system_stm32f1xx.o
    0x080041ea   0x080041ea   0x00000002   PAD
    0x080041ec   0x080041ec   0x00000188   Data   RO          688    .conststring        freertos.o
    0x08004374   0x08004374   0x00000020   Data   RO         5343    Region$$Table       anon$$obj.o


    Execution Region RW_IRAM1 (Exec base: 0x20000000, Load base: 0x08004394, Size: 0x00006dc8, Max: 0x00010000, ABSOLUTE)

    Exec Addr    Load Addr    Size         Type   Attr      Idx    E Section Name        Object

    0x20000000   0x08004394   0x00000004   Data   RW          590    .data               main.o
    0x20000004   0x08004398   0x00000032   Data   RW          591    .data               main.o
    0x20000036   0x080043ca   0x00000002   PAD
    0x20000038   0x080043cc   0x00000004   Data   RW          592    .data               main.o
    0x2000003c   0x080043d0   0x0000001c   Data   RW          690    .data               freertos.o
    0x20000058   0x080043ec   0x0000000c   Data   RW         1066    .data               stm32f1xx_hal.o
    0x20000064   0x080043f8   0x00000004   Data   RW         3680    .data               system_stm32f1xx.o
    0x20000068   0x080043fc   0x0000003c   Data   RW         4229    .data               tasks.o
    0x200000a4   0x08004438   0x00000020   Data   RW         4873    .data               heap_4.o
    0x200000c4   0x08004458   0x0000000c   Data   RW         4941    .data               port.o
    0x200000d0   0x08004464   0x00000004   Data   RW         5306    .data               mc_w.l(stdout.o)
    0x200000d4        -       0x00000080   Zero   RW          589    .bss                main.o
    0x20000154        -       0x00000254   Zero   RW          686    .bss                freertos.o
    0x200003a8        -       0x00000058   Zero   RW          785    .bss                spi.o
    0x20000400        -       0x00000090   Zero   RW          828    .bss                usart.o
    0x20000490        -       0x00000048   Zero   RW          969    .bss                stm32f1xx_hal_timebase_tim.o
    0x200004d8        -       0x000000f0   Zero   RW         4228    .bss                tasks.o
    0x200005c8        -       0x00006400   Zero   RW         4872    .bss                heap_4.o
    0x200069c8        -       0x00000400   Zero   RW            1    STACK               startup_stm32f103xe.o


==============================================================================

Image component sizes


      Code (inc. data)   RO Data    RW Data    ZI Data      Debug   Object Name

       148         22          0          0          0     529711   ch395.o
       604          0          0          0          0       9025   ch395cmd.o
       366         10          0          0          0      30126   cmsis_os.o
         0          0          0          0          0      20112   event_groups.o
      1170        438        520         28        596       6101   freertos.o
       268         20          0          0          0        983   gpio.o
       472         24          0         32      25600       7259   heap_4.o
       138          0          0          0          0       3338   list.o
       418        116          0         58        128       3992   main.o
       662         70          0         12          0      10937   port.o
      1714         14          0          0          0      19330   queue.o
       184         24          0          0         88       1573   spi.o
        36          8        304          0       1024        792   startup_stm32f103xe.o
       100         18          0         12          0       5766   stm32f1xx_hal.o
       158         14          0          0          0      28142   stm32f1xx_hal_cortex.o
       374          8          0          0          0       1799   stm32f1xx_hal_dma.o
       514         42          0          0          0       2872   stm32f1xx_hal_gpio.o
        72         10          0          0          0        822   stm32f1xx_hal_msp.o
      1304         94         18          0          0       5657   stm32f1xx_hal_rcc.o
       910          4          0          0          0       4613   stm32f1xx_hal_spi.o
       668         42          0          0          0       7088   stm32f1xx_hal_tim.o
         4          0          0          0          0       1545   stm32f1xx_hal_tim_ex.o
       116         18          0          0         72       1363   stm32f1xx_hal_timebase_tim.o
      1554         10          0          0          0      10808   stm32f1xx_hal_uart.o
        36         12          0          0          0       3298   stm32f1xx_it.o
         0          0          0          0          0        408   stream_buffer.o
         2          0         24          4          0       1063   system_stm32f1xx.o
      2520        188          0         60        240      27582   tasks.o
       320         38          0          0        144       2259   usart.o

    ----------------------------------------------------------------------
     14862       1244        900        208      27892     748364   Object Totals
         0          0         32          0          0          0   (incl. Generated)
        30          0          2          2          0          0   (incl. Padding)

    ----------------------------------------------------------------------

      Code (inc. data)   RO Data    RW Data    ZI Data      Debug   Library Member Name

         0          0          0          0          0          0   entry.o
         0          0          0          0          0          0   entry10a.o
         0          0          0          0          0          0   entry11a.o
         8          4          0          0          0          0   entry2.o
         4          0          0          0          0          0   entry5.o
         0          0          0          0          0          0   entry7b.o
         0          0          0          0          0          0   entry8b.o
         8          4          0          0          0          0   entry9a.o
        30          0          0          0          0          0   handlers.o
        36          8          0          0          0         68   init.o
        30          0          0          0          0         68   llshl.o
        32          0          0          0          0         68   llushr.o
        36          0          0          0          0         68   memcpya.o
        36          0          0          0          0        108   memseta.o
      1204         60          0          0          0        504   printf8.o
         0          0          0          4          0          0   stdout.o
        14          0          0          0          0         68   strlen.o
        98          0          0          0          0         92   uldiv.o

    ----------------------------------------------------------------------
      1538         76          0          4          0       1044   Library Totals
         2          0          0          0          0          0   (incl. Padding)

    ----------------------------------------------------------------------

      Code (inc. data)   RO Data    RW Data    ZI Data      Debug   Library Name

      1536         76          0          4          0       1044   mc_w.l

    ----------------------------------------------------------------------
      1538         76          0          4          0       1044   Library Totals

    ----------------------------------------------------------------------

==============================================================================


      Code (inc. data)   RO Data    RW Data    ZI Data      Debug   

     16400       1320        900        212      27892     740668   Grand Totals
     16400       1320        900        212      27892     740668   ELF Image Totals
     16400       1320        900        212          0          0   ROM Totals

==============================================================================

    Total RO  Size (Code + RO Data)                17300 (  16.89kB)
    Total RW  Size (RW Data + ZI Data)             28104 (  27.45kB)
    Total ROM Size (Code + RO Data + RW Data)      17512 (  17.10kB)

==============================================================================

